Archive member included to satisfy reference by file (symbol)

/opt/st/stm32cubeide_1.18.0/plugins/com.st.stm32cube.ide.mcu.externaltools.gnu-tools-for-stm32.13.3.rel1.linux64_1.0.0.202410170706/tools/bin/../lib/gcc/arm-none-eabi/13.3.1/../../../../arm-none-eabi/lib/thumb/v7e-m+dp/hard/libc_nano.a(libc_a-exit.o)
                              /opt/st/stm32cubeide_1.18.0/plugins/com.st.stm32cube.ide.mcu.externaltools.gnu-tools-for-stm32.13.3.rel1.linux64_1.0.0.202410170706/tools/bin/../lib/gcc/arm-none-eabi/13.3.1/../../../../arm-none-eabi/lib/thumb/v7e-m+dp/hard/crt0.o (exit)
/opt/st/stm32cubeide_1.18.0/plugins/com.st.stm32cube.ide.mcu.externaltools.gnu-tools-for-stm32.13.3.rel1.linux64_1.0.0.202410170706/tools/bin/../lib/gcc/arm-none-eabi/13.3.1/../../../../arm-none-eabi/lib/thumb/v7e-m+dp/hard/libc_nano.a(libc_a-findfp.o)
                              /opt/st/stm32cubeide_1.18.0/plugins/com.st.stm32cube.ide.mcu.externaltools.gnu-tools-for-stm32.13.3.rel1.linux64_1.0.0.202410170706/tools/bin/../lib/gcc/arm-none-eabi/13.3.1/../../../../arm-none-eabi/lib/thumb/v7e-m+dp/hard/libc_nano.a(libc_a-exit.o) (__stdio_exit_handler)
/opt/st/stm32cubeide_1.18.0/plugins/com.st.stm32cube.ide.mcu.externaltools.gnu-tools-for-stm32.13.3.rel1.linux64_1.0.0.202410170706/tools/bin/../lib/gcc/arm-none-eabi/13.3.1/../../../../arm-none-eabi/lib/thumb/v7e-m+dp/hard/libc_nano.a(libc_a-fwalk.o)
                              /opt/st/stm32cubeide_1.18.0/plugins/com.st.stm32cube.ide.mcu.externaltools.gnu-tools-for-stm32.13.3.rel1.linux64_1.0.0.202410170706/tools/bin/../lib/gcc/arm-none-eabi/13.3.1/../../../../arm-none-eabi/lib/thumb/v7e-m+dp/hard/libc_nano.a(libc_a-findfp.o) (_fwalk_sglue)
/opt/st/stm32cubeide_1.18.0/plugins/com.st.stm32cube.ide.mcu.externaltools.gnu-tools-for-stm32.13.3.rel1.linux64_1.0.0.202410170706/tools/bin/../lib/gcc/arm-none-eabi/13.3.1/../../../../arm-none-eabi/lib/thumb/v7e-m+dp/hard/libc_nano.a(libc_a-stdio.o)
                              /opt/st/stm32cubeide_1.18.0/plugins/com.st.stm32cube.ide.mcu.externaltools.gnu-tools-for-stm32.13.3.rel1.linux64_1.0.0.202410170706/tools/bin/../lib/gcc/arm-none-eabi/13.3.1/../../../../arm-none-eabi/lib/thumb/v7e-m+dp/hard/libc_nano.a(libc_a-findfp.o) (__sread)
/opt/st/stm32cubeide_1.18.0/plugins/com.st.stm32cube.ide.mcu.externaltools.gnu-tools-for-stm32.13.3.rel1.linux64_1.0.0.202410170706/tools/bin/../lib/gcc/arm-none-eabi/13.3.1/../../../../arm-none-eabi/lib/thumb/v7e-m+dp/hard/libc_nano.a(libc_a-memset.o)
                              /opt/st/stm32cubeide_1.18.0/plugins/com.st.stm32cube.ide.mcu.externaltools.gnu-tools-for-stm32.13.3.rel1.linux64_1.0.0.202410170706/tools/bin/../lib/gcc/arm-none-eabi/13.3.1/../../../../arm-none-eabi/lib/thumb/v7e-m+dp/hard/crt0.o (memset)
/opt/st/stm32cubeide_1.18.0/plugins/com.st.stm32cube.ide.mcu.externaltools.gnu-tools-for-stm32.13.3.rel1.linux64_1.0.0.202410170706/tools/bin/../lib/gcc/arm-none-eabi/13.3.1/../../../../arm-none-eabi/lib/thumb/v7e-m+dp/hard/libc_nano.a(libc_a-closer.o)
                              /opt/st/stm32cubeide_1.18.0/plugins/com.st.stm32cube.ide.mcu.externaltools.gnu-tools-for-stm32.13.3.rel1.linux64_1.0.0.202410170706/tools/bin/../lib/gcc/arm-none-eabi/13.3.1/../../../../arm-none-eabi/lib/thumb/v7e-m+dp/hard/libc_nano.a(libc_a-stdio.o) (_close_r)
/opt/st/stm32cubeide_1.18.0/plugins/com.st.stm32cube.ide.mcu.externaltools.gnu-tools-for-stm32.13.3.rel1.linux64_1.0.0.202410170706/tools/bin/../lib/gcc/arm-none-eabi/13.3.1/../../../../arm-none-eabi/lib/thumb/v7e-m+dp/hard/libc_nano.a(libc_a-reent.o)
                              /opt/st/stm32cubeide_1.18.0/plugins/com.st.stm32cube.ide.mcu.externaltools.gnu-tools-for-stm32.13.3.rel1.linux64_1.0.0.202410170706/tools/bin/../lib/gcc/arm-none-eabi/13.3.1/../../../../arm-none-eabi/lib/thumb/v7e-m+dp/hard/libc_nano.a(libc_a-closer.o) (errno)
/opt/st/stm32cubeide_1.18.0/plugins/com.st.stm32cube.ide.mcu.externaltools.gnu-tools-for-stm32.13.3.rel1.linux64_1.0.0.202410170706/tools/bin/../lib/gcc/arm-none-eabi/13.3.1/../../../../arm-none-eabi/lib/thumb/v7e-m+dp/hard/libc_nano.a(libc_a-impure.o)
                              /opt/st/stm32cubeide_1.18.0/plugins/com.st.stm32cube.ide.mcu.externaltools.gnu-tools-for-stm32.13.3.rel1.linux64_1.0.0.202410170706/tools/bin/../lib/gcc/arm-none-eabi/13.3.1/../../../../arm-none-eabi/lib/thumb/v7e-m+dp/hard/libc_nano.a(libc_a-reent.o) (_impure_ptr)
/opt/st/stm32cubeide_1.18.0/plugins/com.st.stm32cube.ide.mcu.externaltools.gnu-tools-for-stm32.13.3.rel1.linux64_1.0.0.202410170706/tools/bin/../lib/gcc/arm-none-eabi/13.3.1/../../../../arm-none-eabi/lib/thumb/v7e-m+dp/hard/libc_nano.a(libc_a-lseekr.o)
                              /opt/st/stm32cubeide_1.18.0/plugins/com.st.stm32cube.ide.mcu.externaltools.gnu-tools-for-stm32.13.3.rel1.linux64_1.0.0.202410170706/tools/bin/../lib/gcc/arm-none-eabi/13.3.1/../../../../arm-none-eabi/lib/thumb/v7e-m+dp/hard/libc_nano.a(libc_a-stdio.o) (_lseek_r)
[...]
Memory Configuration

Name             Origin             Length             Attributes
ITCMRAM          0x00000000         0x00010000         xrw
FLASH            0x08000000         0x00200000         xr
DTCMRAM1         0x20000000         0x00010000         xrw
DTCMRAM2         0x20010000         0x00010000         xrw
RAM              0x24000000         0x00100000         xrw
RAM_CD           0x30000000         0x00020000         xrw
RAM_SRD          0x38000000         0x00008000         xrw
*default*        0x00000000         0xffffffff

Linker script and memory map

LOAD /opt/st/stm32cubeide_1.18.0/plugins/com.st.stm32cube.ide.mcu.externaltools.gnu-tools-for-stm32.13.3.rel1.linux64_1.0.0.202410170706/tools/bin/../lib/gcc/arm-none-eabi/13.3.1/thumb/v7e-m+dp/hard/crti.o
LOAD /opt/st/stm32cubeide_1.18.0/plugins/com.st.stm32cube.ide.mcu.externaltools.gnu-tools-for-stm32.13.3.rel1.linux64_1.0.0.202410170706/tools/bin/../lib/gcc/arm-none-eabi/13.3.1/thumb/v7e-m+dp/hard/crtbegin.o
LOAD /opt/st/stm32cubeide_1.18.0/plugins/com.st.stm32cube.ide.mcu.externaltools.gnu-tools-for-stm32.13.3.rel1.linux64_1.0.0.202410170706/tools/bin/../lib/gcc/arm-none-eabi/13.3.1/../../../../arm-none-eabi/lib/thumb/v7e-m+dp/hard/crt0.o
LOAD ./Core/Src/main.o
LOAD ./Core/Src/sd_emulation.o
LOAD ./Core/Src/stm32h7xx_hal_msp.o
LOAD ./Core/Src/stm32h7xx_it.o
LOAD ./Core/Src/syscalls.o
LOAD ./Core/Src/sysmem.o
LOAD ./Core/Src/system_stm32h7xx.o
LOAD ./Core/Startup/startup_stm32h7b3lihxq.o
LOAD ./Drivers/STM32H7xx_HAL_Driver/Src/stm32h7xx_hal.o
LOAD ./Drivers/STM32H7xx_HAL_Driver/Src/stm32h7xx_hal_cortex.o
LOAD ./Drivers/STM32H7xx_HAL_Driver/Src/stm32h7xx_hal_dma.o
LOAD ./Drivers/STM32H7xx_HAL_Driver/Src/stm32h7xx_hal_dma_ex.o
LOAD ./Drivers/STM32H7xx_HAL_Driver/Src/stm32h7xx_hal_exti.o
LOAD ./Drivers/STM32H7xx_HAL_Driver/Src/stm32h7xx_hal_flash.o
LOAD ./Drivers/STM32H7xx_HAL_Driver/Src/stm32h7xx_hal_flash_ex.o
LOAD ./Drivers/STM32H7xx_HAL_Driver/Src/stm32h7xx_hal_gpio.o
LOAD ./Drivers/STM32H7xx_HAL_Driver/Src/stm32h7xx_hal_hsem.o
LOAD ./Drivers/STM32H7xx_HAL_Driver/Src/stm32h7xx_hal_i2c.o
LOAD ./Drivers/STM32H7xx_HAL_Driver/Src/stm32h7xx_hal_i2c_ex.o
LOAD ./Drivers/STM32H7xx_HAL_Driver/Src/stm32h7xx_hal_mdma.o
LOAD ./Drivers/STM32H7xx_HAL_Driver/Src/stm32h7xx_hal_pcd.o
LOAD ./Drivers/STM32H7xx_HAL_Driver/Src/stm32h7xx_hal_pcd_ex.o
LOAD ./Drivers/STM32H7xx_HAL_Driver/Src/stm32h7xx_hal_pwr.o
LOAD ./Drivers/STM32H7xx_HAL_Driver/Src/stm32h7xx_hal_pwr_ex.o
LOAD ./Drivers/STM32H7xx_HAL_Driver/Src/stm32h7xx_hal_rcc.o
LOAD ./Drivers/STM32H7xx_HAL_Driver/Src/stm32h7xx_hal_rcc_ex.o
LOAD ./Drivers/STM32H7xx_HAL_Driver/Src/stm32h7xx_hal_spi.o
LOAD ./Drivers/STM32H7xx_HAL_Driver/Src/stm32h7xx_hal_spi_ex.o
LOAD ./Drivers/STM32H7xx_HAL_Driver/Src/stm32h7xx_ll_usb.o
LOAD ./Middlewares/ST/STM32_USB_Device_Library/Class/MSC/Src/usbd_msc.o
LOAD ./Middlewares/ST/STM32_USB_Device_Library/Class/MSC/Src/usbd_msc_bot.o
LOAD ./Middlewares/ST/STM32_USB_Device_Library/Class/MSC/Src/usbd_msc_data.o
LOAD ./Middlewares/ST/STM32_USB_Device_Library/Class/MSC/Src/usbd_msc_scsi.o
LOAD ./Middlewares/ST/STM32_USB_Device_Library/Core/Src/usbd_core.o
LOAD ./Middlewares/ST/STM32_USB_Device_Library/Core/Src/usbd_ctlreq.o
LOAD ./Middlewares/ST/STM32_USB_Device_Library/Core/Src/usbd_ioreq.o
LOAD ./USB_DEVICE/App/usb_device.o
LOAD ./USB_DEVICE/App/usbd_desc.o
LOAD ./USB_DEVICE/App/usbd_storage_if.o
LOAD ./USB_DEVICE/Target/usbd_conf.o
START GROUP
LOAD /opt/st/stm32cubeide_1.18.0/plugins/com.st.stm32cube.ide.mcu.externaltools.gnu-tools-for-stm32.13.3.rel1.linux64_1.0.0.202410170706/tools/bin/../lib/gcc/arm-none-eabi/13.3.1/../../../../arm-none-eabi/lib/thumb/v7e-m+dp/hard/libc_nano.a
LOAD /opt/st/stm32cubeide_1.18.0/plugins/com.st.stm32cube.ide.mcu.externaltools.gnu-tools-for-stm32.13.3.rel1.linux64_1.0.0.202410170706/tools/bin/../lib/gcc/arm-none-eabi/13.3.1/../../../../arm-none-eabi/lib/thumb/v7e-m+dp/hard/libm.a
END GROUP
START GROUP
LOAD /opt/st/stm32cubeide_1.18.0/plugins/com.st.stm32cube.ide.mcu.externaltools.gnu-tools-for-stm32.13.3.rel1.linux64_1.0.0.202410170706/tools/bin/../lib/gcc/arm-none-eabi/13.3.1/thumb/v7e-m+dp/hard/libgcc.a
LOAD /opt/st/stm32cubeide_1.18.0/plugins/com.st.stm32cube.ide.mcu.externaltools.gnu-tools-for-stm32.13.3.rel1.linux64_1.0.0.202410170706/tools/bin/../lib/gcc/arm-none-eabi/13.3.1/../../../../arm-none-eabi/lib/thumb/v7e-m+dp/hard/libc_nano.a
END GROUP
START GROUP
LOAD /opt/st/stm32cubeide_1.18.0/plugins/com.st.stm32cube.ide.mcu.externaltools.gnu-tools-for-stm32.13.3.rel1.linux64_1.0.0.202410170706/tools/bin/../lib/gcc/arm-none-eabi/13.3.1/thumb/v7e-m+dp/hard/libgcc.a
LOAD /opt/st/stm32cubeide_1.18.0/plugins/com.st.stm32cube.ide.mcu.externaltools.gnu-tools-for-stm32.13.3.rel1.linux64_1.0.0.202410170706/tools/bin/../lib/gcc/arm-none-eabi/13.3.1/../../../../arm-none-eabi/lib/thumb/v7e-m+dp/hard/libc_nano.a
LOAD /opt/st/stm32cubeide_1.18.0/plugins/com.st.stm32cube.ide.mcu.externaltools.gnu-tools-for-stm32.13.3.rel1.linux64_1.0.0.202410170706/tools/bin/../lib/gcc/arm-none-eabi/13.3.1/../../../../arm-none-eabi/lib/thumb/v7e-m+dp/hard/libnosys.a
END GROUP
START GROUP
LOAD /opt/st/stm32cubeide_1.18.0/plugins/com.st.stm32cube.ide.mcu.externaltools.gnu-tools-for-stm32.13.3.rel1.linux64_1.0.0.202410170706/tools/bin/../lib/gcc/arm-none-eabi/13.3.1/thumb/v7e-m+dp/hard/libgcc.a
LOAD /opt/st/stm32cubeide_1.18.0/plugins/com.st.stm32cube.ide.mcu.externaltools.gnu-tools-for-stm32.13.3.rel1.linux64_1.0.0.202410170706/tools/bin/../lib/gcc/arm-none-eabi/13.3.1/../../../../arm-none-eabi/lib/thumb/v7e-m+dp/hard/libc_nano.a
LOAD /opt/st/stm32cubeide_1.18.0/plugins/com.st.stm32cube.ide.mcu.externaltools.gnu-tools-for-stm32.13.3.rel1.linux64_1.0.0.202410170706/tools/bin/../lib/gcc/arm-none-eabi/13.3.1/../../../../arm-none-eabi/lib/thumb/v7e-m+dp/hard/libnosys.a
END GROUP
LOAD /opt/st/stm32cubeide_1.18.0/plugins/com.st.stm32cube.ide.mcu.externaltools.gnu-tools-for-stm32.13.3.rel1.linux64_1.0.0.202410170706/tools/bin/../lib/gcc/arm-none-eabi/13.3.1/thumb/v7e-m+dp/hard/crtend.o
LOAD /opt/st/stm32cubeide_1.18.0/plugins/com.st.stm32cube.ide.mcu.externaltools.gnu-tools-for-stm32.13.3.rel1.linux64_1.0.0.202410170706/tools/bin/../lib/gcc/arm-none-eabi/13.3.1/thumb/v7e-m+dp/hard/crtn.o
                0x24100000                        _estack = (ORIGIN (RAM) + LENGTH (RAM))
                0x00000200                        _Min_Heap_Size = 0x200
                0x00000400                        _Min_Stack_Size = 0x400

.isr_vector     0x08000000      0x2ac
                0x08000000                        . = ALIGN (0x4)
 *(.isr_vector)
 .isr_vector    0x08000000      0x2ac ./Core/Startup/startup_stm32h7b3lihxq.o
                0x08000000                g_pfnVectors
                0x080002ac                        . = ALIGN (0x4)

.text           0x080002ac     0xb4e4
                0x080002ac                        . = ALIGN (0x4)
 *(.text)
 .text          0x080002ac       0x40 /opt/st/stm32cubeide_1.18.0/plugins/com.st.stm32cube.ide.mcu.externaltools.gnu-tools-for-stm32.13.3.rel1.linux64_1.0.0.202410170706/tools/bin/../lib/gcc/arm-none-eabi/13.3.1/thumb/v7e-m+dp/hard/crtbegin.o
 *(.text*)
 .text.main     0x080002ec       0x20 ./Core/Src/main.o
                0x080002ec                main
 .text.SystemClock_Config
                0x0800030c      0x100 ./Core/Src/main.o
                0x0800030c                SystemClock_Config
 .text.PeriphCommonClock_Config
                0x0800040c       0x3c ./Core/Src/main.o
                0x0800040c                PeriphCommonClock_Config
 .text.MX_SPI2_Init
                0x08000448       0xa0 ./Core/Src/main.o
 .text.MX_GPIO_Init
                0x080004e8      0x5b0 ./Core/Src/main.o
 .text.Error_Handler
                0x08000a98        0xc ./Core/Src/main.o
                0x08000a98                Error_Handler
 .text.HAL_MspInit
                0x08000aa4       0x34 ./Core/Src/stm32h7xx_hal_msp.o
                0x08000aa4                HAL_MspInit
 .text.HAL_SPI_MspInit
                0x08000ad8      0x180 ./Core/Src/stm32h7xx_hal_msp.o
                0x08000ad8                HAL_SPI_MspInit
 .text.NMI_Handler
                0x08000c58        0x8 ./Core/Src/stm32h7xx_it.o
                0x08000c58                NMI_Handler
 .text.HardFault_Handler
                0x08000c60        0x8 ./Core/Src/stm32h7xx_it.o
                0x08000c60                HardFault_Handler
 .text.MemManage_Handler
                0x08000c68        0x8 ./Core/Src/stm32h7xx_it.o
                0x08000c68                MemManage_Handler
 .text.BusFault_Handler
                0x08000c70        0x8 ./Core/Src/stm32h7xx_it.o
                0x08000c70                BusFault_Handler
 .text.UsageFault_Handler
                0x08000c78        0x8 ./Core/Src/stm32h7xx_it.o
                0x08000c78                UsageFault_Handler
 .text.SVC_Handler
                0x08000c80        0xe ./Core/Src/stm32h7xx_it.o
                0x08000c80                SVC_Handler
 .text.DebugMon_Handler
                0x08000c8e        0xe ./Core/Src/stm32h7xx_it.o
                0x08000c8e                DebugMon_Handler
 .text.PendSV_Handler
                0x08000c9c        0xe ./Core/Src/stm32h7xx_it.o
                0x08000c9c                PendSV_Handler
 .text.SysTick_Handler
                0x08000caa        0xc ./Core/Src/stm32h7xx_it.o
                0x08000caa                SysTick_Handler
 *fill*         0x08000cb6        0x2 
 .text.SPI2_IRQHandler
                0x08000cb8       0x14 ./Core/Src/stm32h7xx_it.o
                0x08000cb8                SPI2_IRQHandler
 .text.OTG_HS_WKUP_IRQHandler
                0x08000ccc       0x14 ./Core/Src/stm32h7xx_it.o
                0x08000ccc                OTG_HS_WKUP_IRQHandler
 .text.OTG_HS_IRQHandler
                0x08000ce0       0x14 ./Core/Src/stm32h7xx_it.o
                0x08000ce0                OTG_HS_IRQHandler
 .text.SystemInit
                0x08000cf4      0x120 ./Core/Src/system_stm32h7xx.o
                0x08000cf4                SystemInit
 .text.ExitRun0Mode
                0x08000e14       0x30 ./Core/Src/system_stm32h7xx.o
                0x08000e14                ExitRun0Mode
 .text.Reset_Handler
                0x08000e44       0x54 ./Core/Startup/startup_stm32h7b3lihxq.o
                0x08000e44                Reset_Handler
 .text.Default_Handler
                0x08000e98        0x2 ./Core/Startup/startup_stm32h7b3lihxq.o
                0x08000e98                RTC_Alarm_IRQHandler
                0x08000e98                HASH_RNG_IRQHandler
                0x08000e98                EXTI2_IRQHandler
                0x08000e98                TIM8_CC_IRQHandler
                0x08000e98                UART8_IRQHandler
                0x08000e98                BDMA2_Channel1_IRQHandler
                0x08000e98                SPI4_IRQHandler
                0x08000e98                BDMA2_Channel0_IRQHandler
                0x08000e98                TIM1_CC_IRQHandler
                0x08000e98                DMA2_Stream5_IRQHandler
                0x08000e98                JPEG_IRQHandler
                0x08000e98                DMA1_Stream5_IRQHandler
                0x08000e98                EXTI3_IRQHandler
                0x08000e98                LPTIM4_IRQHandler
                0x08000e98                TIM8_TRG_COM_TIM14_IRQHandler
                0x08000e98                LPTIM2_IRQHandler
                0x08000e98                DFSDM1_FLT1_IRQHandler
                0x08000e98                DMAMUX2_OVR_IRQHandler
                0x08000e98                GFXMMU_IRQHandler
                0x08000e98                TIM8_UP_TIM13_IRQHandler
                0x08000e98                I2C3_ER_IRQHandler
                0x08000e98                DFSDM1_FLT2_IRQHandler
                0x08000e98                USART10_IRQHandler
                0x08000e98                MDMA_IRQHandler
                0x08000e98                LPTIM3_IRQHandler
                0x08000e98                BDMA2_Channel3_IRQHandler
                0x08000e98                HSEM1_IRQHandler
                0x08000e98                EXTI0_IRQHandler
                0x08000e98                I2C2_EV_IRQHandler
                0x08000e98                DAC2_IRQHandler
                0x08000e98                DMA1_Stream2_IRQHandler
                0x08000e98                FPU_IRQHandler
                0x08000e98                FDCAN1_IT1_IRQHandler
                0x08000e98                LTDC_ER_IRQHandler
                0x08000e98                DMA2_Stream2_IRQHandler
                0x08000e98                SPI1_IRQHandler
                0x08000e98                OCTOSPI1_IRQHandler
                0x08000e98                TIM6_DAC_IRQHandler
                0x08000e98                BDMA2_Channel6_IRQHandler
                0x08000e98                DMA2_Stream3_IRQHandler
                0x08000e98                OCTOSPI2_IRQHandler
                0x08000e98                SAI2_IRQHandler
                0x08000e98                BDMA1_IRQHandler
                0x08000e98                DFSDM1_FLT3_IRQHandler
                0x08000e98                USART6_IRQHandler
                0x08000e98                TIM17_IRQHandler
                0x08000e98                USART3_IRQHandler
                0x08000e98                CRYP_IRQHandler
                0x08000e98                LPTIM5_IRQHandler
                0x08000e98                UART5_IRQHandler
                0x08000e98                DMA2_Stream0_IRQHandler
                0x08000e98                TIM4_IRQHandler
                0x08000e98                I2C1_EV_IRQHandler
                0x08000e98                DMA1_Stream6_IRQHandler
                0x08000e98                DMAMUX1_OVR_IRQHandler
                0x08000e98                DMA1_Stream1_IRQHandler
                0x08000e98                TIM16_IRQHandler
                0x08000e98                UART4_IRQHandler
                0x08000e98                TIM3_IRQHandler
                0x08000e98                RCC_IRQHandler
                0x08000e98                UART9_IRQHandler
                0x08000e98                TIM8_BRK_TIM12_IRQHandler
                0x08000e98                TIM1_TRG_COM_IRQHandler
                0x08000e98                Default_Handler
                0x08000e98                ECC_IRQHandler
                0x08000e98                BDMA2_Channel2_IRQHandler
                0x08000e98                CEC_IRQHandler
                0x08000e98                EXTI15_10_IRQHandler
                0x08000e98                DFSDM1_FLT4_IRQHandler
                0x08000e98                ADC_IRQHandler
                0x08000e98                OTFDEC1_IRQHandler
                0x08000e98                DMA1_Stream7_IRQHandler
                0x08000e98                SPI5_IRQHandler
                0x08000e98                TIM7_IRQHandler
                0x08000e98                SDMMC1_IRQHandler
                0x08000e98                TIM5_IRQHandler
                0x08000e98                DMA2_Stream7_IRQHandler
                0x08000e98                TIM15_IRQHandler
                0x08000e98                I2C3_EV_IRQHandler
                0x08000e98                DFSDM2_IRQHandler
                0x08000e98                EXTI9_5_IRQHandler
                0x08000e98                RTC_WKUP_IRQHandler
                0x08000e98                LTDC_IRQHandler
                0x08000e98                SPDIF_RX_IRQHandler
                0x08000e98                PVD_PVM_IRQHandler
                0x08000e98                OTG_HS_EP1_IN_IRQHandler
                0x08000e98                DFSDM1_FLT5_IRQHandler
                0x08000e98                DMA1_Stream0_IRQHandler
                0x08000e98                OTFDEC2_IRQHandler
                0x08000e98                CRS_IRQHandler
                0x08000e98                EXTI4_IRQHandler
                0x08000e98                DFSDM1_FLT6_IRQHandler
                0x08000e98                FDCAN2_IT1_IRQHandler
                0x08000e98                COMP_IRQHandler
                0x08000e98                TIM1_UP_IRQHandler
                0x08000e98                OTG_HS_EP1_OUT_IRQHandler
                0x08000e98                WWDG_IRQHandler
                0x08000e98                SPI6_IRQHandler
                0x08000e98                MDIOS_IRQHandler
                0x08000e98                I2C4_EV_IRQHandler
                0x08000e98                FDCAN2_IT0_IRQHandler
                0x08000e98                LPUART1_IRQHandler
                0x08000e98                FDCAN1_IT0_IRQHandler
                0x08000e98                TIM2_IRQHandler
                0x08000e98                BDMA2_Channel5_IRQHandler
                0x08000e98                DMA2D_IRQHandler
                0x08000e98                TIM1_BRK_IRQHandler
                0x08000e98                EXTI1_IRQHandler
                0x08000e98                SDMMC2_IRQHandler
                0x08000e98                DTS_IRQHandler
                0x08000e98                UART7_IRQHandler
                0x08000e98                MDIOS_WKUP_IRQHandler
                0x08000e98                USART2_IRQHandler
                0x08000e98                DFSDM1_FLT0_IRQHandler
                0x08000e98                I2C2_ER_IRQHandler
                0x08000e98                DMA2_Stream1_IRQHandler
                0x08000e98                DFSDM1_FLT7_IRQHandler
                0x08000e98                FLASH_IRQHandler
                0x08000e98                DMA2_Stream4_IRQHandler
                0x08000e98                USART1_IRQHandler
                0x08000e98                SPI3_IRQHandler
                0x08000e98                WAKEUP_PIN_IRQHandler
                0x08000e98                DMA1_Stream4_IRQHandler
                0x08000e98                I2C1_ER_IRQHandler
                0x08000e98                FMC_IRQHandler
                0x08000e98                BDMA2_Channel7_IRQHandler
                0x08000e98                FDCAN_CAL_IRQHandler
                0x08000e98                SWPMI1_IRQHandler
                0x08000e98                LPTIM1_IRQHandler
                0x08000e98                DCMI_PSSI_IRQHandler
                0x08000e98                I2C4_ER_IRQHandler
                0x08000e98                DMA2_Stream6_IRQHandler
                0x08000e98                SAI1_IRQHandler
                0x08000e98                DMA1_Stream3_IRQHandler
                0x08000e98                RTC_TAMP_STAMP_CSS_LSE_IRQHandler
                0x08000e98                BDMA2_Channel4_IRQHandler
 *fill*         0x08000e9a        0x2 
 .text.HAL_Init
                0x08000e9c       0x78 ./Drivers/STM32H7xx_HAL_Driver/Src/stm32h7xx_hal.o
                0x08000e9c                HAL_Init
 .text.HAL_InitTick
                0x08000f14       0x6c ./Drivers/STM32H7xx_HAL_Driver/Src/stm32h7xx_hal.o
                0x08000f14                HAL_InitTick
 .text.HAL_IncTick
                0x08000f80       0x28 ./Drivers/STM32H7xx_HAL_Driver/Src/stm32h7xx_hal.o
                0x08000f80                HAL_IncTick
 .text.HAL_GetTick
                0x08000fa8       0x18 ./Drivers/STM32H7xx_HAL_Driver/Src/stm32h7xx_hal.o
                0x08000fa8                HAL_GetTick
 .text.HAL_Delay
                0x08000fc0       0x48 ./Drivers/STM32H7xx_HAL_Driver/Src/stm32h7xx_hal.o
                0x08000fc0                HAL_Delay
 .text.HAL_SYSCFG_AnalogSwitchConfig
                0x08001008       0x2c ./Drivers/STM32H7xx_HAL_Driver/Src/stm32h7xx_hal.o
                0x08001008                HAL_SYSCFG_AnalogSwitchConfig
 .text.__NVIC_SetPriorityGrouping
                0x08001034       0x48 ./Drivers/STM32H7xx_HAL_Driver/Src/stm32h7xx_hal_cortex.o
 .text.__NVIC_GetPriorityGrouping
                0x0800107c       0x1c ./Drivers/STM32H7xx_HAL_Driver/Src/stm32h7xx_hal_cortex.o
 .text.__NVIC_EnableIRQ
                0x08001098       0x3c ./Drivers/STM32H7xx_HAL_Driver/Src/stm32h7xx_hal_cortex.o
 .text.__NVIC_SetPriority
                0x080010d4       0x54 ./Drivers/STM32H7xx_HAL_Driver/Src/stm32h7xx_hal_cortex.o
 .text.NVIC_EncodePriority
                0x08001128       0x66 ./Drivers/STM32H7xx_HAL_Driver/Src/stm32h7xx_hal_cortex.o
 *fill*         0x0800118e        0x2 
 .text.SysTick_Config
                0x08001190       0x44 ./Drivers/STM32H7xx_HAL_Driver/Src/stm32h7xx_hal_cortex.o
 .text.HAL_NVIC_SetPriorityGrouping
                0x080011d4       0x16 ./Drivers/STM32H7xx_HAL_Driver/Src/stm32h7xx_hal_cortex.o
                0x080011d4                HAL_NVIC_SetPriorityGrouping
 .text.HAL_NVIC_SetPriority
                0x080011ea       0x34 ./Drivers/STM32H7xx_HAL_Driver/Src/stm32h7xx_hal_cortex.o
                0x080011ea                HAL_NVIC_SetPriority
 .text.HAL_NVIC_EnableIRQ
                0x0800121e       0x1c ./Drivers/STM32H7xx_HAL_Driver/Src/stm32h7xx_hal_cortex.o
                0x0800121e                HAL_NVIC_EnableIRQ
 .text.HAL_SYSTICK_Config
                0x0800123a       0x18 ./Drivers/STM32H7xx_HAL_Driver/Src/stm32h7xx_hal_cortex.o
                0x0800123a                HAL_SYSTICK_Config
 *fill*         0x08001252        0x2 
 .text.HAL_DMA_Abort_IT
                0x08001254      0x48c ./Drivers/STM32H7xx_HAL_Driver/Src/stm32h7xx_hal_dma.o
                0x08001254                HAL_DMA_Abort_IT
 .text.HAL_GPIO_Init
                0x080016e0      0x360 ./Drivers/STM32H7xx_HAL_Driver/Src/stm32h7xx_hal_gpio.o
                0x080016e0                HAL_GPIO_Init
 .text.HAL_GPIO_WritePin
                0x08001a40       0x32 ./Drivers/STM32H7xx_HAL_Driver/Src/stm32h7xx_hal_gpio.o
                0x08001a40                HAL_GPIO_WritePin
 .text.HAL_PCD_Init
                0x08001a72      0x218 ./Drivers/STM32H7xx_HAL_Driver/Src/stm32h7xx_hal_pcd.o
                0x08001a72                HAL_PCD_Init
 .text.HAL_PCD_Start
                0x08001c8a       0x6a ./Drivers/STM32H7xx_HAL_Driver/Src/stm32h7xx_hal_pcd.o
                0x08001c8a                HAL_PCD_Start
 .text.HAL_PCD_IRQHandler
                0x08001cf4      0x99c ./Drivers/STM32H7xx_HAL_Driver/Src/stm32h7xx_hal_pcd.o
                0x08001cf4                HAL_PCD_IRQHandler
 .text.HAL_PCD_SetAddress
                0x08002690       0x48 ./Drivers/STM32H7xx_HAL_Driver/Src/stm32h7xx_hal_pcd.o
                0x08002690                HAL_PCD_SetAddress
 .text.HAL_PCD_EP_Open
                0x080026d8       0xd4 ./Drivers/STM32H7xx_HAL_Driver/Src/stm32h7xx_hal_pcd.o
                0x080026d8                HAL_PCD_EP_Open
 .text.HAL_PCD_EP_Close
                0x080027ac       0x94 ./Drivers/STM32H7xx_HAL_Driver/Src/stm32h7xx_hal_pcd.o
                0x080027ac                HAL_PCD_EP_Close
 .text.HAL_PCD_EP_Receive
                0x08002840       0x76 ./Drivers/STM32H7xx_HAL_Driver/Src/stm32h7xx_hal_pcd.o
                0x08002840                HAL_PCD_EP_Receive
 .text.HAL_PCD_EP_GetRxCount
                0x080028b6       0x30 ./Drivers/STM32H7xx_HAL_Driver/Src/stm32h7xx_hal_pcd.o
                0x080028b6                HAL_PCD_EP_GetRxCount
 .text.HAL_PCD_EP_Transmit
                0x080028e6       0x74 ./Drivers/STM32H7xx_HAL_Driver/Src/stm32h7xx_hal_pcd.o
                0x080028e6                HAL_PCD_EP_Transmit
 .text.HAL_PCD_EP_SetStall
                0x0800295a       0xc6 ./Drivers/STM32H7xx_HAL_Driver/Src/stm32h7xx_hal_pcd.o
                0x0800295a                HAL_PCD_EP_SetStall
 .text.HAL_PCD_EP_ClrStall
                0x08002a20       0xac ./Drivers/STM32H7xx_HAL_Driver/Src/stm32h7xx_hal_pcd.o
                0x08002a20                HAL_PCD_EP_ClrStall
 .text.HAL_PCD_EP_Abort
                0x08002acc       0x62 ./Drivers/STM32H7xx_HAL_Driver/Src/stm32h7xx_hal_pcd.o
                0x08002acc                HAL_PCD_EP_Abort
 .text.HAL_PCD_EP_Flush
                0x08002b2e       0x5a ./Drivers/STM32H7xx_HAL_Driver/Src/stm32h7xx_hal_pcd.o
                0x08002b2e                HAL_PCD_EP_Flush
 .text.PCD_WriteEmptyTxFifo
                0x08002b88      0x118 ./Drivers/STM32H7xx_HAL_Driver/Src/stm32h7xx_hal_pcd.o
 .text.PCD_EP_OutXfrComplete_int
                0x08002ca0      0x1d0 ./Drivers/STM32H7xx_HAL_Driver/Src/stm32h7xx_hal_pcd.o
 .text.PCD_EP_OutSetupPacket_int
                0x08002e70       0x8c ./Drivers/STM32H7xx_HAL_Driver/Src/stm32h7xx_hal_pcd.o
 .text.HAL_PCDEx_SetTxFiFo
                0x08002efc       0x8e ./Drivers/STM32H7xx_HAL_Driver/Src/stm32h7xx_hal_pcd_ex.o
                0x08002efc                HAL_PCDEx_SetTxFiFo
 .text.HAL_PCDEx_SetRxFiFo
                0x08002f8a       0x22 ./Drivers/STM32H7xx_HAL_Driver/Src/stm32h7xx_hal_pcd_ex.o
                0x08002f8a                HAL_PCDEx_SetRxFiFo
 .text.HAL_PCDEx_ActivateLPM
                0x08002fac       0x48 ./Drivers/STM32H7xx_HAL_Driver/Src/stm32h7xx_hal_pcd_ex.o
                0x08002fac                HAL_PCDEx_ActivateLPM
 .text.HAL_PCDEx_LPM_Callback
                0x08002ff4       0x18 ./Drivers/STM32H7xx_HAL_Driver/Src/stm32h7xx_hal_pcd_ex.o
                0x08002ff4                HAL_PCDEx_LPM_Callback
 .text.HAL_PWREx_ConfigSupply
                0x0800300c       0xb4 ./Drivers/STM32H7xx_HAL_Driver/Src/stm32h7xx_hal_pwr_ex.o
                0x0800300c                HAL_PWREx_ConfigSupply
 .text.HAL_PWREx_EnableUSBVoltageDetector
                0x080030c0       0x20 ./Drivers/STM32H7xx_HAL_Driver/Src/stm32h7xx_hal_pwr_ex.o
                0x080030c0                HAL_PWREx_EnableUSBVoltageDetector
 .text.HAL_RCC_OscConfig
                0x080030e0      0x864 ./Drivers/STM32H7xx_HAL_Driver/Src/stm32h7xx_hal_rcc.o
                0x080030e0                HAL_RCC_OscConfig
 .text.HAL_RCC_ClockConfig
                0x08003944      0x36c ./Drivers/STM32H7xx_HAL_Driver/Src/stm32h7xx_hal_rcc.o
                0x08003944                HAL_RCC_ClockConfig
 .text.HAL_RCC_MCOConfig
                0x08003cb0       0xd4 ./Drivers/STM32H7xx_HAL_Driver/Src/stm32h7xx_hal_rcc.o
                0x08003cb0                HAL_RCC_MCOConfig
 .text.HAL_RCC_GetSysClockFreq
                0x08003d84      0x2f4 ./Drivers/STM32H7xx_HAL_Driver/Src/stm32h7xx_hal_rcc.o
                0x08003d84                HAL_RCC_GetSysClockFreq
 .text.HAL_RCC_GetHCLKFreq
                0x08004078       0x60 ./Drivers/STM32H7xx_HAL_Driver/Src/stm32h7xx_hal_rcc.o
                0x08004078                HAL_RCC_GetHCLKFreq
 .text.HAL_RCCEx_PeriphCLKConfig
                0x080040d8     0x137c ./Drivers/STM32H7xx_HAL_Driver/Src/stm32h7xx_hal_rcc_ex.o
                0x080040d8                HAL_RCCEx_PeriphCLKConfig
 .text.RCCEx_PLL2_Config
                0x08005454      0x164 ./Drivers/STM32H7xx_HAL_Driver/Src/stm32h7xx_hal_rcc_ex.o
 .text.RCCEx_PLL3_Config
                0x080055b8      0x164 ./Drivers/STM32H7xx_HAL_Driver/Src/stm32h7xx_hal_rcc_ex.o
 .text.HAL_SPI_Init
                0x0800571c      0x248 ./Drivers/STM32H7xx_HAL_Driver/Src/stm32h7xx_hal_spi.o
                0x0800571c                HAL_SPI_Init
 .text.HAL_SPI_IRQHandler
                0x08005964      0x39c ./Drivers/STM32H7xx_HAL_Driver/Src/stm32h7xx_hal_spi.o
                0x08005964                HAL_SPI_IRQHandler
 .text.HAL_SPI_TxCpltCallback
                0x08005d00       0x14 ./Drivers/STM32H7xx_HAL_Driver/Src/stm32h7xx_hal_spi.o
                0x08005d00                HAL_SPI_TxCpltCallback
 .text.HAL_SPI_RxCpltCallback
                0x08005d14       0x14 ./Drivers/STM32H7xx_HAL_Driver/Src/stm32h7xx_hal_spi.o
                0x08005d14                HAL_SPI_RxCpltCallback
 .text.HAL_SPI_TxRxCpltCallback
                0x08005d28       0x14 ./Drivers/STM32H7xx_HAL_Driver/Src/stm32h7xx_hal_spi.o
                0x08005d28                HAL_SPI_TxRxCpltCallback
 .text.HAL_SPI_ErrorCallback
                0x08005d3c       0x14 ./Drivers/STM32H7xx_HAL_Driver/Src/stm32h7xx_hal_spi.o
                0x08005d3c                HAL_SPI_ErrorCallback
 .text.HAL_SPI_SuspendCallback
                0x08005d50       0x14 ./Drivers/STM32H7xx_HAL_Driver/Src/stm32h7xx_hal_spi.o
                0x08005d50                HAL_SPI_SuspendCallback
 .text.SPI_DMAAbortOnError
                0x08005d64       0x34 ./Drivers/STM32H7xx_HAL_Driver/Src/stm32h7xx_hal_spi.o
 .text.SPI_CloseTransfer
                0x08005d98      0x140 ./Drivers/STM32H7xx_HAL_Driver/Src/stm32h7xx_hal_spi.o
 .text.SPI_GetPacketSize
                0x08005ed8       0x36 ./Drivers/STM32H7xx_HAL_Driver/Src/stm32h7xx_hal_spi.o
 *fill*         0x08005f0e        0x2 
 .text.USB_CoreInit
                0x08005f10       0xe4 ./Drivers/STM32H7xx_HAL_Driver/Src/stm32h7xx_ll_usb.o
                0x08005f10                USB_CoreInit
 .text.USB_SetTurnaroundTime
                0x08005ff4      0x144 ./Drivers/STM32H7xx_HAL_Driver/Src/stm32h7xx_ll_usb.o
                0x08005ff4                USB_SetTurnaroundTime
 .text.USB_EnableGlobalInt
                0x08006138       0x22 ./Drivers/STM32H7xx_HAL_Driver/Src/stm32h7xx_ll_usb.o
                0x08006138                USB_EnableGlobalInt
 .text.USB_DisableGlobalInt
                0x0800615a       0x22 ./Drivers/STM32H7xx_HAL_Driver/Src/stm32h7xx_ll_usb.o
                0x0800615a                USB_DisableGlobalInt
 .text.USB_SetCurrentMode
                0x0800617c       0x98 ./Drivers/STM32H7xx_HAL_Driver/Src/stm32h7xx_ll_usb.o
                0x0800617c                USB_SetCurrentMode
 .text.USB_DevInit
                0x08006214      0x2bc ./Drivers/STM32H7xx_HAL_Driver/Src/stm32h7xx_ll_usb.o
                0x08006214                USB_DevInit
 .text.USB_FlushTxFifo
                0x080064d0       0x64 ./Drivers/STM32H7xx_HAL_Driver/Src/stm32h7xx_ll_usb.o
                0x080064d0                USB_FlushTxFifo
 .text.USB_FlushRxFifo
                0x08006534       0x5c ./Drivers/STM32H7xx_HAL_Driver/Src/stm32h7xx_ll_usb.o
                0x08006534                USB_FlushRxFifo
 .text.USB_SetDevSpeed
                0x08006590       0x32 ./Drivers/STM32H7xx_HAL_Driver/Src/stm32h7xx_ll_usb.o
                0x08006590                USB_SetDevSpeed
 .text.USB_GetDevSpeed
                0x080065c2       0x4a ./Drivers/STM32H7xx_HAL_Driver/Src/stm32h7xx_ll_usb.o
                0x080065c2                USB_GetDevSpeed
 .text.USB_ActivateEndpoint
                0x0800660c      0x110 ./Drivers/STM32H7xx_HAL_Driver/Src/stm32h7xx_ll_usb.o
                0x0800660c                USB_ActivateEndpoint
 .text.USB_DeactivateEndpoint
                0x0800671c      0x1b8 ./Drivers/STM32H7xx_HAL_Driver/Src/stm32h7xx_ll_usb.o
                0x0800671c                USB_DeactivateEndpoint
 .text.USB_EPStartXfer
                0x080068d4      0x548 ./Drivers/STM32H7xx_HAL_Driver/Src/stm32h7xx_ll_usb.o
                0x080068d4                USB_EPStartXfer
 .text.USB_EPStopXfer
                0x08006e1c      0x154 ./Drivers/STM32H7xx_HAL_Driver/Src/stm32h7xx_ll_usb.o
                0x08006e1c                USB_EPStopXfer
 .text.USB_WritePacket
                0x08006f70       0x7c ./Drivers/STM32H7xx_HAL_Driver/Src/stm32h7xx_ll_usb.o
                0x08006f70                USB_WritePacket
 .text.USB_ReadPacket
                0x08006fec       0xb0 ./Drivers/STM32H7xx_HAL_Driver/Src/stm32h7xx_ll_usb.o
                0x08006fec                USB_ReadPacket
 .text.USB_EPSetStall
                0x0800709c       0xdc ./Drivers/STM32H7xx_HAL_Driver/Src/stm32h7xx_ll_usb.o
                0x0800709c                USB_EPSetStall
 .text.USB_EPClearStall
                0x08007178       0xcc ./Drivers/STM32H7xx_HAL_Driver/Src/stm32h7xx_ll_usb.o
                0x08007178                USB_EPClearStall
 .text.USB_SetDevAddress
                0x08007244       0x4c ./Drivers/STM32H7xx_HAL_Driver/Src/stm32h7xx_ll_usb.o
                0x08007244                USB_SetDevAddress
 .text.USB_DevConnect
                0x08007290       0x42 ./Drivers/STM32H7xx_HAL_Driver/Src/stm32h7xx_ll_usb.o
                0x08007290                USB_DevConnect
 .text.USB_DevDisconnect
                0x080072d2       0x42 ./Drivers/STM32H7xx_HAL_Driver/Src/stm32h7xx_ll_usb.o
                0x080072d2                USB_DevDisconnect
 .text.USB_ReadInterrupts
                0x08007314       0x26 ./Drivers/STM32H7xx_HAL_Driver/Src/stm32h7xx_ll_usb.o
                0x08007314                USB_ReadInterrupts
 .text.USB_ReadDevAllOutEpInterrupt
                0x0800733a       0x34 ./Drivers/STM32H7xx_HAL_Driver/Src/stm32h7xx_ll_usb.o
                0x0800733a                USB_ReadDevAllOutEpInterrupt
 .text.USB_ReadDevAllInEpInterrupt
                0x0800736e       0x34 ./Drivers/STM32H7xx_HAL_Driver/Src/stm32h7xx_ll_usb.o
                0x0800736e                USB_ReadDevAllInEpInterrupt
 .text.USB_ReadDevOutEPInterrupt
                0x080073a2       0x3c ./Drivers/STM32H7xx_HAL_Driver/Src/stm32h7xx_ll_usb.o
                0x080073a2                USB_ReadDevOutEPInterrupt
 .text.USB_ReadDevInEPInterrupt
                0x080073de       0x5c ./Drivers/STM32H7xx_HAL_Driver/Src/stm32h7xx_ll_usb.o
                0x080073de                USB_ReadDevInEPInterrupt
 .text.USB_GetMode
                0x0800743a       0x1c ./Drivers/STM32H7xx_HAL_Driver/Src/stm32h7xx_ll_usb.o
                0x0800743a                USB_GetMode
 *fill*         0x08007456        0x2 
 .text.USB_ActivateSetup
                0x08007458       0x48 ./Drivers/STM32H7xx_HAL_Driver/Src/stm32h7xx_ll_usb.o
                0x08007458                USB_ActivateSetup
 .text.USB_EP0_OutStart
                0x080074a0       0xbc ./Drivers/STM32H7xx_HAL_Driver/Src/stm32h7xx_ll_usb.o
                0x080074a0                USB_EP0_OutStart
 .text.USB_CoreReset
                0x0800755c       0x62 ./Drivers/STM32H7xx_HAL_Driver/Src/stm32h7xx_ll_usb.o
 *fill*         0x080075be        0x2 
 .text.USBD_MSC_Init
                0x080075c0      0x120 ./Middlewares/ST/STM32_USB_Device_Library/Class/MSC/Src/usbd_msc.o
                0x080075c0                USBD_MSC_Init
 .text.USBD_MSC_DeInit
                0x080076e0       0xb0 ./Middlewares/ST/STM32_USB_Device_Library/Class/MSC/Src/usbd_msc.o
                0x080076e0                USBD_MSC_DeInit
 .text.USBD_MSC_Setup
                0x08007790      0x1f8 ./Middlewares/ST/STM32_USB_Device_Library/Class/MSC/Src/usbd_msc.o
                0x08007790                USBD_MSC_Setup
 .text.USBD_MSC_DataIn
                0x08007988       0x20 ./Middlewares/ST/STM32_USB_Device_Library/Class/MSC/Src/usbd_msc.o
                0x08007988                USBD_MSC_DataIn
 .text.USBD_MSC_DataOut
                0x080079a8       0x20 ./Middlewares/ST/STM32_USB_Device_Library/Class/MSC/Src/usbd_msc.o
                0x080079a8                USBD_MSC_DataOut
 .text.USBD_MSC_GetHSCfgDesc
                0x080079c8       0x58 ./Middlewares/ST/STM32_USB_Device_Library/Class/MSC/Src/usbd_msc.o
                0x080079c8                USBD_MSC_GetHSCfgDesc
 .text.USBD_MSC_GetFSCfgDesc
                0x08007a20       0x58 ./Middlewares/ST/STM32_USB_Device_Library/Class/MSC/Src/usbd_msc.o
                0x08007a20                USBD_MSC_GetFSCfgDesc
 .text.USBD_MSC_GetOtherSpeedCfgDesc
                0x08007a78       0x58 ./Middlewares/ST/STM32_USB_Device_Library/Class/MSC/Src/usbd_msc.o
                0x08007a78                USBD_MSC_GetOtherSpeedCfgDesc
 .text.USBD_MSC_GetDeviceQualifierDescriptor
                0x08007ad0       0x20 ./Middlewares/ST/STM32_USB_Device_Library/Class/MSC/Src/usbd_msc.o
                0x08007ad0                USBD_MSC_GetDeviceQualifierDescriptor
 .text.USBD_MSC_RegisterStorage
                0x08007af0       0x34 ./Middlewares/ST/STM32_USB_Device_Library/Class/MSC/Src/usbd_msc.o
                0x08007af0                USBD_MSC_RegisterStorage
 .text.MSC_BOT_Init
                0x08007b24       0x94 ./Middlewares/ST/STM32_USB_Device_Library/Class/MSC/Src/usbd_msc_bot.o
                0x08007b24                MSC_BOT_Init
 .text.MSC_BOT_Reset
                0x08007bb8       0x68 ./Middlewares/ST/STM32_USB_Device_Library/Class/MSC/Src/usbd_msc_bot.o
                0x08007bb8                MSC_BOT_Reset
 .text.MSC_BOT_DeInit
                0x08007c20       0x30 ./Middlewares/ST/STM32_USB_Device_Library/Class/MSC/Src/usbd_msc_bot.o
                0x08007c20                MSC_BOT_DeInit
 .text.MSC_BOT_DataIn
                0x08007c50       0x74 ./Middlewares/ST/STM32_USB_Device_Library/Class/MSC/Src/usbd_msc_bot.o
                0x08007c50                MSC_BOT_DataIn
 .text.MSC_BOT_DataOut
                0x08007cc4       0x68 ./Middlewares/ST/STM32_USB_Device_Library/Class/MSC/Src/usbd_msc_bot.o
                0x08007cc4                MSC_BOT_DataOut
 .text.MSC_BOT_CBW_Decode
                0x08007d2c      0x128 ./Middlewares/ST/STM32_USB_Device_Library/Class/MSC/Src/usbd_msc_bot.o
 .text.MSC_BOT_SendData
                0x08007e54       0x6c ./Middlewares/ST/STM32_USB_Device_Library/Class/MSC/Src/usbd_msc_bot.o
 .text.MSC_BOT_SendCSW
                0x08007ec0       0x74 ./Middlewares/ST/STM32_USB_Device_Library/Class/MSC/Src/usbd_msc_bot.o
                0x08007ec0                MSC_BOT_SendCSW
 .text.MSC_BOT_Abort
                0x08007f34       0x84 ./Middlewares/ST/STM32_USB_Device_Library/Class/MSC/Src/usbd_msc_bot.o
 .text.MSC_BOT_CplClrFeature
                0x08007fb8       0x74 ./Middlewares/ST/STM32_USB_Device_Library/Class/MSC/Src/usbd_msc_bot.o
                0x08007fb8                MSC_BOT_CplClrFeature
 .text.SCSI_ProcessCmd
                0x0800802c      0x304 ./Middlewares/ST/STM32_USB_Device_Library/Class/MSC/Src/usbd_msc_scsi.o
                0x0800802c                SCSI_ProcessCmd
 .text.SCSI_TestUnitReady
                0x08008330       0xb2 ./Middlewares/ST/STM32_USB_Device_Library/Class/MSC/Src/usbd_msc_scsi.o
 *fill*         0x080083e2        0x2 
 .text.SCSI_Inquiry
                0x080083e4       0xf8 ./Middlewares/ST/STM32_USB_Device_Library/Class/MSC/Src/usbd_msc_scsi.o
 .text.SCSI_ReadCapacity10
                0x080084dc       0xfc ./Middlewares/ST/STM32_USB_Device_Library/Class/MSC/Src/usbd_msc_scsi.o
 .text.SCSI_ReadCapacity16
                0x080085d8      0x168 ./Middlewares/ST/STM32_USB_Device_Library/Class/MSC/Src/usbd_msc_scsi.o
 .text.SCSI_ReadFormatCapacity
                0x08008740       0xf6 ./Middlewares/ST/STM32_USB_Device_Library/Class/MSC/Src/usbd_msc_scsi.o
 *fill*         0x08008836        0x2 
 .text.SCSI_ModeSense6
                0x08008838       0x8c ./Middlewares/ST/STM32_USB_Device_Library/Class/MSC/Src/usbd_msc_scsi.o
 .text.SCSI_ModeSense10
                0x080088c4       0x8c ./Middlewares/ST/STM32_USB_Device_Library/Class/MSC/Src/usbd_msc_scsi.o
 .text.SCSI_RequestSense
                0x08008950      0x106 ./Middlewares/ST/STM32_USB_Device_Library/Class/MSC/Src/usbd_msc_scsi.o
 .text.SCSI_SenseCode
                0x08008a56       0x96 ./Middlewares/ST/STM32_USB_Device_Library/Class/MSC/Src/usbd_msc_scsi.o
                0x08008a56                SCSI_SenseCode
 .text.SCSI_StartStopUnit
                0x08008aec       0xaa ./Middlewares/ST/STM32_USB_Device_Library/Class/MSC/Src/usbd_msc_scsi.o
 .text.SCSI_AllowPreventRemovable
                0x08008b96       0x5a ./Middlewares/ST/STM32_USB_Device_Library/Class/MSC/Src/usbd_msc_scsi.o
 .text.SCSI_Read10
                0x08008bf0      0x154 ./Middlewares/ST/STM32_USB_Device_Library/Class/MSC/Src/usbd_msc_scsi.o
 .text.SCSI_Read12
                0x08008d44      0x168 ./Middlewares/ST/STM32_USB_Device_Library/Class/MSC/Src/usbd_msc_scsi.o
 .text.SCSI_Write10
                0x08008eac      0x1ac ./Middlewares/ST/STM32_USB_Device_Library/Class/MSC/Src/usbd_msc_scsi.o
 .text.SCSI_Write12
                0x08009058      0x1cc ./Middlewares/ST/STM32_USB_Device_Library/Class/MSC/Src/usbd_msc_scsi.o
 .text.SCSI_Verify10
                0x08009224       0x7a ./Middlewares/ST/STM32_USB_Device_Library/Class/MSC/Src/usbd_msc_scsi.o
 .text.SCSI_CheckAddressRange
                0x0800929e       0x58 ./Middlewares/ST/STM32_USB_Device_Library/Class/MSC/Src/usbd_msc_scsi.o
 *fill*         0x080092f6        0x2 
 .text.SCSI_ProcessRead
                0x080092f8      0x10c ./Middlewares/ST/STM32_USB_Device_Library/Class/MSC/Src/usbd_msc_scsi.o
 .text.SCSI_ProcessWrite
                0x08009404      0x12c ./Middlewares/ST/STM32_USB_Device_Library/Class/MSC/Src/usbd_msc_scsi.o
 .text.SCSI_UpdateBotData
                0x08009530       0x52 ./Middlewares/ST/STM32_USB_Device_Library/Class/MSC/Src/usbd_msc_scsi.o
 .text.USBD_Init
                0x08009582       0x60 ./Middlewares/ST/STM32_USB_Device_Library/Core/Src/usbd_core.o
                0x08009582                USBD_Init
 .text.USBD_RegisterClass
                0x080095e2       0x6c ./Middlewares/ST/STM32_USB_Device_Library/Core/Src/usbd_core.o
                0x080095e2                USBD_RegisterClass
 .text.USBD_Start
                0x0800964e       0x18 ./Middlewares/ST/STM32_USB_Device_Library/Core/Src/usbd_core.o
                0x0800964e                USBD_Start
 .text.USBD_RunTestMode
                0x08009666       0x16 ./Middlewares/ST/STM32_USB_Device_Library/Core/Src/usbd_core.o
                0x08009666                USBD_RunTestMode
 .text.USBD_SetClassConfig
                0x0800967c       0x38 ./Middlewares/ST/STM32_USB_Device_Library/Core/Src/usbd_core.o
                0x0800967c                USBD_SetClassConfig
 .text.USBD_ClrClassConfig
                0x080096b4       0x34 ./Middlewares/ST/STM32_USB_Device_Library/Core/Src/usbd_core.o
                0x080096b4                USBD_ClrClassConfig
 .text.USBD_LL_SetupStage
                0x080096e8       0xaa ./Middlewares/ST/STM32_USB_Device_Library/Core/Src/usbd_core.o
                0x080096e8                USBD_LL_SetupStage
 .text.USBD_LL_DataOutStage
                0x08009792      0x166 ./Middlewares/ST/STM32_USB_Device_Library/Core/Src/usbd_core.o
                0x08009792                USBD_LL_DataOutStage
 .text.USBD_LL_DataInStage
                0x080098f8      0x164 ./Middlewares/ST/STM32_USB_Device_Library/Core/Src/usbd_core.o
                0x080098f8                USBD_LL_DataInStage
 .text.USBD_LL_Reset
                0x08009a5c       0xa4 ./Middlewares/ST/STM32_USB_Device_Library/Core/Src/usbd_core.o
                0x08009a5c                USBD_LL_Reset
 .text.USBD_LL_SetSpeed
                0x08009b00       0x20 ./Middlewares/ST/STM32_USB_Device_Library/Core/Src/usbd_core.o
                0x08009b00                USBD_LL_SetSpeed
 .text.USBD_LL_Suspend
                0x08009b20       0x38 ./Middlewares/ST/STM32_USB_Device_Library/Core/Src/usbd_core.o
                0x08009b20                USBD_LL_Suspend
 .text.USBD_LL_Resume
                0x08009b58       0x30 ./Middlewares/ST/STM32_USB_Device_Library/Core/Src/usbd_core.o
                0x08009b58                USBD_LL_Resume
 .text.USBD_LL_SOF
                0x08009b88       0x40 ./Middlewares/ST/STM32_USB_Device_Library/Core/Src/usbd_core.o
                0x08009b88                USBD_LL_SOF
 .text.USBD_LL_IsoINIncomplete
                0x08009bc8       0x64 ./Middlewares/ST/STM32_USB_Device_Library/Core/Src/usbd_core.o
                0x08009bc8                USBD_LL_IsoINIncomplete
 .text.USBD_LL_IsoOUTIncomplete
                0x08009c2c       0x64 ./Middlewares/ST/STM32_USB_Device_Library/Core/Src/usbd_core.o
                0x08009c2c                USBD_LL_IsoOUTIncomplete
 .text.USBD_LL_DevConnected
                0x08009c90       0x16 ./Middlewares/ST/STM32_USB_Device_Library/Core/Src/usbd_core.o
                0x08009c90                USBD_LL_DevConnected
 .text.USBD_LL_DevDisconnected
                0x08009ca6       0x46 ./Middlewares/ST/STM32_USB_Device_Library/Core/Src/usbd_core.o
                0x08009ca6                USBD_LL_DevDisconnected
 .text.USBD_CoreFindIF
                0x08009cec       0x1a ./Middlewares/ST/STM32_USB_Device_Library/Core/Src/usbd_core.o
                0x08009cec                USBD_CoreFindIF
 .text.USBD_CoreFindEP
                0x08009d06       0x1a ./Middlewares/ST/STM32_USB_Device_Library/Core/Src/usbd_core.o
                0x08009d06                USBD_CoreFindEP
 .text.USBD_GetEpDesc
                0x08009d20       0x70 ./Middlewares/ST/STM32_USB_Device_Library/Core/Src/usbd_core.o
                0x08009d20                USBD_GetEpDesc
 .text.USBD_GetNextDesc
                0x08009d90       0x38 ./Middlewares/ST/STM32_USB_Device_Library/Core/Src/usbd_core.o
                0x08009d90                USBD_GetNextDesc
 .text.SWAPBYTE
                0x08009dc8       0x3e ./Middlewares/ST/STM32_USB_Device_Library/Core/Src/usbd_ctlreq.o
 *fill*         0x08009e06        0x2 
 .text.USBD_StdDevReq
                0x08009e08       0xe4 ./Middlewares/ST/STM32_USB_Device_Library/Core/Src/usbd_ctlreq.o
                0x08009e08                USBD_StdDevReq
 .text.USBD_StdItfReq
                0x08009eec       0xd8 ./Middlewares/ST/STM32_USB_Device_Library/Core/Src/usbd_ctlreq.o
                0x08009eec                USBD_StdItfReq
 .text.USBD_StdEPReq
                0x08009fc4      0x33a ./Middlewares/ST/STM32_USB_Device_Library/Core/Src/usbd_ctlreq.o
                0x08009fc4                USBD_StdEPReq
 *fill*         0x0800a2fe        0x2 
 .text.USBD_GetDescriptor
                0x0800a300      0x328 ./Middlewares/ST/STM32_USB_Device_Library/Core/Src/usbd_ctlreq.o
 .text.USBD_SetAddress
                0x0800a628       0x88 ./Middlewares/ST/STM32_USB_Device_Library/Core/Src/usbd_ctlreq.o
 .text.USBD_SetConfig
                0x0800a6b0      0x154 ./Middlewares/ST/STM32_USB_Device_Library/Core/Src/usbd_ctlreq.o
 .text.USBD_GetConfig
                0x0800a804       0x6c ./Middlewares/ST/STM32_USB_Device_Library/Core/Src/usbd_ctlreq.o
 .text.USBD_GetStatus
                0x0800a870       0x68 ./Middlewares/ST/STM32_USB_Device_Library/Core/Src/usbd_ctlreq.o
 .text.USBD_SetFeature
                0x0800a8d8       0x52 ./Middlewares/ST/STM32_USB_Device_Library/Core/Src/usbd_ctlreq.o
 .text.USBD_ClrFeature
                0x0800a92a       0x44 ./Middlewares/ST/STM32_USB_Device_Library/Core/Src/usbd_ctlreq.o
 .text.USBD_ParseSetupRequest
                0x0800a96e       0x74 ./Middlewares/ST/STM32_USB_Device_Library/Core/Src/usbd_ctlreq.o
                0x0800a96e                USBD_ParseSetupRequest
 .text.USBD_CtlError
                0x0800a9e2       0x22 ./Middlewares/ST/STM32_USB_Device_Library/Core/Src/usbd_ctlreq.o
                0x0800a9e2                USBD_CtlError
 .text.USBD_GetString
                0x0800aa04       0xa4 ./Middlewares/ST/STM32_USB_Device_Library/Core/Src/usbd_ctlreq.o
                0x0800aa04                USBD_GetString
 .text.USBD_GetLen
                0x0800aaa8       0x34 ./Middlewares/ST/STM32_USB_Device_Library/Core/Src/usbd_ctlreq.o
 .text.USBD_CtlSendData
                0x0800aadc       0x36 ./Middlewares/ST/STM32_USB_Device_Library/Core/Src/usbd_ioreq.o
                0x0800aadc                USBD_CtlSendData
 .text.USBD_CtlContinueSendData
                0x0800ab12       0x22 ./Middlewares/ST/STM32_USB_Device_Library/Core/Src/usbd_ioreq.o
                0x0800ab12                USBD_CtlContinueSendData
 .text.USBD_CtlContinueRx
                0x0800ab34       0x22 ./Middlewares/ST/STM32_USB_Device_Library/Core/Src/usbd_ioreq.o
                0x0800ab34                USBD_CtlContinueRx
 .text.USBD_CtlSendStatus
                0x0800ab56       0x26 ./Middlewares/ST/STM32_USB_Device_Library/Core/Src/usbd_ioreq.o
                0x0800ab56                USBD_CtlSendStatus
 .text.USBD_CtlReceiveStatus
                0x0800ab7c       0x26 ./Middlewares/ST/STM32_USB_Device_Library/Core/Src/usbd_ioreq.o
                0x0800ab7c                USBD_CtlReceiveStatus
 *fill*         0x0800aba2        0x2 
 .text.MX_USB_DEVICE_Init
                0x0800aba4       0x64 ./USB_DEVICE/App/usb_device.o
                0x0800aba4                MX_USB_DEVICE_Init
 .text.USBD_HS_DeviceDescriptor
                0x0800ac08       0x24 ./USB_DEVICE/App/usbd_desc.o
                0x0800ac08                USBD_HS_DeviceDescriptor
 .text.USBD_HS_LangIDStrDescriptor
                0x0800ac2c       0x24 ./USB_DEVICE/App/usbd_desc.o
                0x0800ac2c                USBD_HS_LangIDStrDescriptor
 .text.USBD_HS_ProductStrDescriptor
                0x0800ac50       0x3c ./USB_DEVICE/App/usbd_desc.o
                0x0800ac50                USBD_HS_ProductStrDescriptor
 .text.USBD_HS_ManufacturerStrDescriptor
                0x0800ac8c       0x28 ./USB_DEVICE/App/usbd_desc.o
                0x0800ac8c                USBD_HS_ManufacturerStrDescriptor
 .text.USBD_HS_SerialStrDescriptor
                0x0800acb4       0x24 ./USB_DEVICE/App/usbd_desc.o
                0x0800acb4                USBD_HS_SerialStrDescriptor
 .text.USBD_HS_ConfigStrDescriptor
                0x0800acd8       0x3c ./USB_DEVICE/App/usbd_desc.o
                0x0800acd8                USBD_HS_ConfigStrDescriptor
 .text.USBD_HS_InterfaceStrDescriptor
                0x0800ad14       0x3c ./USB_DEVICE/App/usbd_desc.o
                0x0800ad14                USBD_HS_InterfaceStrDescriptor
 .text.Get_SerialNum
                0x0800ad50       0x58 ./USB_DEVICE/App/usbd_desc.o
 .text.IntToUnicode
                0x0800ada8       0x7e ./USB_DEVICE/App/usbd_desc.o
 .text.STORAGE_Init_HS
                0x0800ae26       0x18 ./USB_DEVICE/App/usbd_storage_if.o
 .text.STORAGE_GetCapacity_HS
                0x0800ae3e       0x2c ./USB_DEVICE/App/usbd_storage_if.o
 .text.STORAGE_IsReady_HS
                0x0800ae6a       0x18 ./USB_DEVICE/App/usbd_storage_if.o
 .text.STORAGE_IsWriteProtected_HS
                0x0800ae82       0x18 ./USB_DEVICE/App/usbd_storage_if.o
 .text.STORAGE_Read_HS
                0x0800ae9a       0x22 ./USB_DEVICE/App/usbd_storage_if.o
 .text.STORAGE_Write_HS
                0x0800aebc       0x22 ./USB_DEVICE/App/usbd_storage_if.o
 .text.STORAGE_GetMaxLun_HS
                0x0800aede       0x10 ./USB_DEVICE/App/usbd_storage_if.o
 *fill*         0x0800aeee        0x2 
 .text.HAL_PCD_MspInit
                0x0800aef0      0x264 ./USB_DEVICE/Target/usbd_conf.o
                0x0800aef0                HAL_PCD_MspInit
 .text.HAL_PCD_SetupStageCallback
                0x0800b154       0x24 ./USB_DEVICE/Target/usbd_conf.o
                0x0800b154                HAL_PCD_SetupStageCallback
 .text.HAL_PCD_DataOutStageCallback
                0x0800b178       0x36 ./USB_DEVICE/Target/usbd_conf.o
                0x0800b178                HAL_PCD_DataOutStageCallback
 .text.HAL_PCD_DataInStageCallback
                0x0800b1ae       0x34 ./USB_DEVICE/Target/usbd_conf.o
                0x0800b1ae                HAL_PCD_DataInStageCallback
 .text.HAL_PCD_SOFCallback
                0x0800b1e2       0x1c ./USB_DEVICE/Target/usbd_conf.o
                0x0800b1e2                HAL_PCD_SOFCallback
 .text.HAL_PCD_ResetCallback
                0x0800b1fe       0x50 ./USB_DEVICE/Target/usbd_conf.o
                0x0800b1fe                HAL_PCD_ResetCallback
 *fill*         0x0800b24e        0x2 
 .text.HAL_PCD_SuspendCallback
                0x0800b250       0x4c ./USB_DEVICE/Target/usbd_conf.o
                0x0800b250                HAL_PCD_SuspendCallback
 .text.HAL_PCD_ResumeCallback
                0x0800b29c       0x1c ./USB_DEVICE/Target/usbd_conf.o
                0x0800b29c                HAL_PCD_ResumeCallback
 .text.HAL_PCD_ISOOUTIncompleteCallback
                0x0800b2b8       0x24 ./USB_DEVICE/Target/usbd_conf.o
                0x0800b2b8                HAL_PCD_ISOOUTIncompleteCallback
 .text.HAL_PCD_ISOINIncompleteCallback
                0x0800b2dc       0x24 ./USB_DEVICE/Target/usbd_conf.o
                0x0800b2dc                HAL_PCD_ISOINIncompleteCallback
 .text.HAL_PCD_ConnectCallback
                0x0800b300       0x1c ./USB_DEVICE/Target/usbd_conf.o
                0x0800b300                HAL_PCD_ConnectCallback
 .text.HAL_PCD_DisconnectCallback
                0x0800b31c       0x1c ./USB_DEVICE/Target/usbd_conf.o
                0x0800b31c                HAL_PCD_DisconnectCallback
 .text.USBD_LL_Init
                0x0800b338       0xa4 ./USB_DEVICE/Target/usbd_conf.o
                0x0800b338                USBD_LL_Init
 .text.USBD_LL_Start
                0x0800b3dc       0x36 ./USB_DEVICE/Target/usbd_conf.o
                0x0800b3dc                USBD_LL_Start
 .text.USBD_LL_OpenEP
                0x0800b412       0x4c ./USB_DEVICE/Target/usbd_conf.o
                0x0800b412                USBD_LL_OpenEP
 .text.USBD_LL_CloseEP
                0x0800b45e       0x3e ./USB_DEVICE/Target/usbd_conf.o
                0x0800b45e                USBD_LL_CloseEP
 .text.USBD_LL_FlushEP
                0x0800b49c       0x3e ./USB_DEVICE/Target/usbd_conf.o
                0x0800b49c                USBD_LL_FlushEP
 .text.USBD_LL_StallEP
                0x0800b4da       0x3e ./USB_DEVICE/Target/usbd_conf.o
                0x0800b4da                USBD_LL_StallEP
 .text.USBD_LL_ClearStallEP
                0x0800b518       0x3e ./USB_DEVICE/Target/usbd_conf.o
                0x0800b518                USBD_LL_ClearStallEP
 .text.USBD_LL_IsStallEP
                0x0800b556       0x58 ./USB_DEVICE/Target/usbd_conf.o
                0x0800b556                USBD_LL_IsStallEP
 .text.USBD_LL_SetUSBAddress
                0x0800b5ae       0x3e ./USB_DEVICE/Target/usbd_conf.o
                0x0800b5ae                USBD_LL_SetUSBAddress
 .text.USBD_LL_Transmit
                0x0800b5ec       0x42 ./USB_DEVICE/Target/usbd_conf.o
                0x0800b5ec                USBD_LL_Transmit
 .text.USBD_LL_PrepareReceive
                0x0800b62e       0x42 ./USB_DEVICE/Target/usbd_conf.o
                0x0800b62e                USBD_LL_PrepareReceive
 .text.USBD_LL_GetRxDataSize
                0x0800b670       0x26 ./USB_DEVICE/Target/usbd_conf.o
                0x0800b670                USBD_LL_GetRxDataSize
 *fill*         0x0800b696        0x2 
 .text.USBD_static_malloc
                0x0800b698       0x1c ./USB_DEVICE/Target/usbd_conf.o
                0x0800b698                USBD_static_malloc
 .text.USBD_static_free
                0x0800b6b4       0x14 ./USB_DEVICE/Target/usbd_conf.o
                0x0800b6b4                USBD_static_free
 .text.USBD_Get_USB_Status
                0x0800b6c8       0x58 ./USB_DEVICE/Target/usbd_conf.o
                0x0800b6c8                USBD_Get_USB_Status
 .text.memset   0x0800b720       0x10 /opt/st/stm32cubeide_1.18.0/plugins/com.st.stm32cube.ide.mcu.externaltools.gnu-tools-for-stm32.13.3.rel1.linux64_1.0.0.202410170706/tools/bin/../lib/gcc/arm-none-eabi/13.3.1/../../../../arm-none-eabi/lib/thumb/v7e-m+dp/hard/libc_nano.a(libc_a-memset.o)
                0x0800b720                memset
 .text.__libc_init_array
                0x0800b730       0x48 /opt/st/stm32cubeide_1.18.0/plugins/com.st.stm32cube.ide.mcu.externaltools.gnu-tools-for-stm32.13.3.rel1.linux64_1.0.0.202410170706/tools/bin/../lib/gcc/arm-none-eabi/13.3.1/../../../../arm-none-eabi/lib/thumb/v7e-m+dp/hard/libc_nano.a(libc_a-init.o)
                0x0800b730                __libc_init_array
 *(.glue_7)
 .glue_7        0x0800b778        0x0 linker stubs
 *(.glue_7t)
 .glue_7t       0x0800b778        0x0 linker stubs
 *(.eh_frame)
 .eh_frame      0x0800b778        0x0 /opt/st/stm32cubeide_1.18.0/plugins/com.st.stm32cube.ide.mcu.externaltools.gnu-tools-for-stm32.13.3.rel1.linux64_1.0.0.202410170706/tools/bin/../lib/gcc/arm-none-eabi/13.3.1/thumb/v7e-m+dp/hard/crtbegin.o
 *(.init)
 .init          0x0800b778        0x4 /opt/st/stm32cubeide_1.18.0/plugins/com.st.stm32cube.ide.mcu.externaltools.gnu-tools-for-stm32.13.3.rel1.linux64_1.0.0.202410170706/tools/bin/../lib/gcc/arm-none-eabi/13.3.1/thumb/v7e-m+dp/hard/crti.o
                0x0800b778                _init
 .init          0x0800b77c        0x8 /opt/st/stm32cubeide_1.18.0/plugins/com.st.stm32cube.ide.mcu.externaltools.gnu-tools-for-stm32.13.3.rel1.linux64_1.0.0.202410170706/tools/bin/../lib/gcc/arm-none-eabi/13.3.1/thumb/v7e-m+dp/hard/crtn.o
 *(.fini)
 .fini          0x0800b784        0x4 /opt/st/stm32cubeide_1.18.0/plugins/com.st.stm32cube.ide.mcu.externaltools.gnu-tools-for-stm32.13.3.rel1.linux64_1.0.0.202410170706/tools/bin/../lib/gcc/arm-none-eabi/13.3.1/thumb/v7e-m+dp/hard/crti.o
                0x0800b784                _fini
 .fini          0x0800b788        0x8 /opt/st/stm32cubeide_1.18.0/plugins/com.st.stm32cube.ide.mcu.externaltools.gnu-tools-for-stm32.13.3.rel1.linux64_1.0.0.202410170706/tools/bin/../lib/gcc/arm-none-eabi/13.3.1/thumb/v7e-m+dp/hard/crtn.o
                0x0800b790                        . = ALIGN (0x4)
                0x0800b790                        _etext = .

.vfp11_veneer   0x0800b790        0x0
 .vfp11_veneer  0x0800b790        0x0 linker stubs

.v4_bx          0x0800b790        0x0
 .v4_bx         0x0800b790        0x0 linker stubs

.iplt           0x0800b790        0x0
 .iplt          0x0800b790        0x0 /opt/st/stm32cubeide_1.18.0/plugins/com.st.stm32cube.ide.mcu.externaltools.gnu-tools-for-stm32.13.3.rel1.linux64_1.0.0.202410170706/tools/bin/../lib/gcc/arm-none-eabi/13.3.1/thumb/v7e-m+dp/hard/crtbegin.o

.rodata         0x0800b790       0x78
                0x0800b790                        . = ALIGN (0x4)
 *(.rodata)
 .rodata        0x0800b790       0x42 ./USB_DEVICE/App/usbd_desc.o
 *(.rodata*)
 *fill*         0x0800b7d2        0x2 
 .rodata.D1CorePrescTable
                0x0800b7d4       0x10 ./Core/Src/system_stm32h7xx.o
                0x0800b7d4                D1CorePrescTable
 .rodata.STORAGE_Inquirydata_HS
                0x0800b7e4       0x24 ./USB_DEVICE/App/usbd_storage_if.o
                0x0800b7e4                STORAGE_Inquirydata_HS
                0x0800b808                        . = ALIGN (0x4)

.ARM.extab
 *(.ARM.extab* .gnu.linkonce.armextab.*)

.ARM            0x0800b808        0x0
                0x0800b808                        __exidx_start = .
 *(.ARM.exidx*)
                0x0800b808                        __exidx_end = .

.preinit_array  0x0800b808        0x0
                0x0800b808                        PROVIDE (__preinit_array_start = .)
 *(.preinit_array*)
                0x0800b808                        PROVIDE (__preinit_array_end = .)

.init_array     0x0800b808        0x4
                0x0800b808                        PROVIDE (__init_array_start = .)
 *(SORT_BY_NAME(.init_array.*))
 *(.init_array*)
 .init_array    0x0800b808        0x4 /opt/st/stm32cubeide_1.18.0/plugins/com.st.stm32cube.ide.mcu.externaltools.gnu-tools-for-stm32.13.3.rel1.linux64_1.0.0.202410170706/tools/bin/../lib/gcc/arm-none-eabi/13.3.1/thumb/v7e-m+dp/hard/crtbegin.o
                0x0800b80c                        PROVIDE (__init_array_end = .)

.fini_array     0x0800b80c        0x4
                [!provide]                        PROVIDE (__fini_array_start = .)
 *(SORT_BY_NAME(.fini_array.*))
 *(.fini_array*)
 .fini_array    0x0800b80c        0x4 /opt/st/stm32cubeide_1.18.0/plugins/com.st.stm32cube.ide.mcu.externaltools.gnu-tools-for-stm32.13.3.rel1.linux64_1.0.0.202410170706/tools/bin/../lib/gcc/arm-none-eabi/13.3.1/thumb/v7e-m+dp/hard/crtbegin.o
                [!provide]                        PROVIDE (__fini_array_end = .)
                0x0800b810                        _sidata = LOADADDR (.data)

.rel.dyn        0x0800b810        0x0
 .rel.iplt      0x0800b810        0x0 /opt/st/stm32cubeide_1.18.0/plugins/com.st.stm32cube.ide.mcu.externaltools.gnu-tools-for-stm32.13.3.rel1.linux64_1.0.0.202410170706/tools/bin/../lib/gcc/arm-none-eabi/13.3.1/thumb/v7e-m+dp/hard/crtbegin.o

.data           0x24000000      0x104 load address 0x0800b810
                0x24000000                        . = ALIGN (0x4)
                0x24000000                        _sdata = .
 *(.data)
 *(.data*)
 .data.SystemCoreClock
                0x24000000        0x4 ./Core/Src/system_stm32h7xx.o
                0x24000000                SystemCoreClock
 .data.SystemD2Clock
                0x24000004        0x4 ./Core/Src/system_stm32h7xx.o
                0x24000004                SystemD2Clock
 .data.uwTickPrio
                0x24000008        0x4 ./Drivers/STM32H7xx_HAL_Driver/Src/stm32h7xx_hal.o
                0x24000008                uwTickPrio
 .data.uwTickFreq
                0x2400000c        0x1 ./Drivers/STM32H7xx_HAL_Driver/Src/stm32h7xx_hal.o
                0x2400000c                uwTickFreq
 *fill*         0x2400000d        0x3 
 .data.USBD_MSC
                0x24000010       0x38 ./Middlewares/ST/STM32_USB_Device_Library/Class/MSC/Src/usbd_msc.o
                0x24000010                USBD_MSC
 .data.USBD_MSC_CfgDesc
                0x24000048       0x20 ./Middlewares/ST/STM32_USB_Device_Library/Class/MSC/Src/usbd_msc.o
 .data.USBD_MSC_DeviceQualifierDesc
                0x24000068        0xa ./Middlewares/ST/STM32_USB_Device_Library/Class/MSC/Src/usbd_msc.o
 .data.MSCInEpAdd
                0x24000072        0x1 ./Middlewares/ST/STM32_USB_Device_Library/Class/MSC/Src/usbd_msc.o
                0x24000072                MSCInEpAdd
 .data.MSCOutEpAdd
                0x24000073        0x1 ./Middlewares/ST/STM32_USB_Device_Library/Class/MSC/Src/usbd_msc.o
                0x24000073                MSCOutEpAdd
 .data.MSC_Page00_Inquiry_Data
                0x24000074        0x6 ./Middlewares/ST/STM32_USB_Device_Library/Class/MSC/Src/usbd_msc_data.o
                0x24000074                MSC_Page00_Inquiry_Data
 *fill*         0x2400007a        0x2 
 .data.MSC_Page80_Inquiry_Data
                0x2400007c        0x8 ./Middlewares/ST/STM32_USB_Device_Library/Class/MSC/Src/usbd_msc_data.o
                0x2400007c                MSC_Page80_Inquiry_Data
 .data.MSC_Mode_Sense6_data
                0x24000084        0x4 ./Middlewares/ST/STM32_USB_Device_Library/Class/MSC/Src/usbd_msc_data.o
                0x24000084                MSC_Mode_Sense6_data
 .data.MSC_Mode_Sense10_data
                0x24000088        0x8 ./Middlewares/ST/STM32_USB_Device_Library/Class/MSC/Src/usbd_msc_data.o
                0x24000088                MSC_Mode_Sense10_data
 .data.HS_Desc  0x24000090       0x20 ./USB_DEVICE/App/usbd_desc.o
                0x24000090                HS_Desc
 .data.USBD_HS_DeviceDesc
                0x240000b0       0x12 ./USB_DEVICE/App/usbd_desc.o
                0x240000b0                USBD_HS_DeviceDesc
 *fill*         0x240000c2        0x2 
 .data.USBD_LangIDDesc
                0x240000c4        0x4 ./USB_DEVICE/App/usbd_desc.o
                0x240000c4                USBD_LangIDDesc
 .data.USBD_StringSerial
                0x240000c8       0x1a ./USB_DEVICE/App/usbd_desc.o
                0x240000c8                USBD_StringSerial
 *fill*         0x240000e2        0x2 
 .data.USBD_Storage_Interface_fops_HS
                0x240000e4       0x20 ./USB_DEVICE/App/usbd_storage_if.o
                0x240000e4                USBD_Storage_Interface_fops_HS
 *(.RamFunc)
 *(.RamFunc*)
                0x24000104                        . = ALIGN (0x4)
                0x24000104                        _edata = .

.igot.plt       0x24000104        0x0 load address 0x0800b914
 .igot.plt      0x24000104        0x0 /opt/st/stm32cubeide_1.18.0/plugins/com.st.stm32cube.ide.mcu.externaltools.gnu-tools-for-stm32.13.3.rel1.linux64_1.0.0.202410170706/tools/bin/../lib/gcc/arm-none-eabi/13.3.1/thumb/v7e-m+dp/hard/crtbegin.o
                0x24000104                        . = ALIGN (0x4)

.bss            0x24000104      0xce4 load address 0x0800b914
                0x24000104                        _sbss = .
                0x24000104                        __bss_start__ = _sbss
 *(.bss)
 .bss           0x24000104       0x1c /opt/st/stm32cubeide_1.18.0/plugins/com.st.stm32cube.ide.mcu.externaltools.gnu-tools-for-stm32.13.3.rel1.linux64_1.0.0.202410170706/tools/bin/../lib/gcc/arm-none-eabi/13.3.1/thumb/v7e-m+dp/hard/crtbegin.o
 *(.bss*)
 .bss.hspi2     0x24000120       0x88 ./Core/Src/main.o
                0x24000120                hspi2
 .bss.uwTick    0x240001a8        0x4 ./Drivers/STM32H7xx_HAL_Driver/Src/stm32h7xx_hal.o
                0x240001a8                uwTick
 .bss.cfgidx.0  0x240001ac        0x1 ./Middlewares/ST/STM32_USB_Device_Library/Core/Src/usbd_ctlreq.o
 *fill*         0x240001ad        0x3 
 .bss.hUsbDeviceHS
                0x240001b0      0x2dc ./USB_DEVICE/App/usb_device.o
                0x240001b0                hUsbDeviceHS
 .bss.USBD_StrDesc
                0x2400048c      0x200 ./USB_DEVICE/App/usbd_desc.o
                0x2400048c                USBD_StrDesc
 .bss.hpcd_USB_OTG_HS
                0x2400068c      0x4e4 ./USB_DEVICE/Target/usbd_conf.o
                0x2400068c                hpcd_USB_OTG_HS
 .bss.mem.0     0x24000b70      0x278 ./USB_DEVICE/Target/usbd_conf.o
 *(COMMON)
                0x24000de8                        . = ALIGN (0x4)
                0x24000de8                        _ebss = .
                0x24000de8                        __bss_end__ = _ebss

._user_heap_stack
                0x24000de8      0x600 load address 0x0800b914
                0x24000de8                        . = ALIGN (0x8)
                [!provide]                        PROVIDE (end = .)
                0x24000de8                        PROVIDE (_end = .)
                0x24000fe8                        . = (. + _Min_Heap_Size)
 *fill*         0x24000de8      0x200 
                0x240013e8                        . = (. + _Min_Stack_Size)
 *fill*         0x24000fe8      0x400 
                0x240013e8                        . = ALIGN (0x8)

/DISCARD/
 libc.a(*)
 libm.a(*)
 libgcc.a(*)

.ARM.attributes
                0x00000000       0x2e
 *(.ARM.attributes)
 .ARM.attributes
                0x00000000       0x20 /opt/st/stm32cubeide_1.18.0/plugins/com.st.stm32cube.ide.mcu.externaltools.gnu-tools-for-stm32.13.3.rel1.linux64_1.0.0.202410170706/tools/bin/../lib/gcc/arm-none-eabi/13.3.1/thumb/v7e-m+dp/hard/crti.o
 .ARM.attributes
                0x00000020       0x32 /opt/st/stm32cubeide_1.18.0/plugins/com.st.stm32cube.ide.mcu.externaltools.gnu-tools-for-stm32.13.3.rel1.linux64_1.0.0.202410170706/tools/bin/../lib/gcc/arm-none-eabi/13.3.1/thumb/v7e-m+dp/hard/crtbegin.o
 .ARM.attributes
                0x00000052       0x32 ./Core/Src/main.o
 .ARM.attributes
                0x00000084       0x32 ./Core/Src/stm32h7xx_hal_msp.o
 .ARM.attributes
                0x000000b6       0x32 ./Core/Src/stm32h7xx_it.o
 .ARM.attributes
                0x000000e8       0x32 ./Core/Src/system_stm32h7xx.o
 .ARM.attributes
                0x0000011a       0x21 ./Core/Startup/startup_stm32h7b3lihxq.o
 .ARM.attributes
                0x0000013b       0x32 ./Drivers/STM32H7xx_HAL_Driver/Src/stm32h7xx_hal.o
 .ARM.attributes
                0x0000016d       0x32 ./Drivers/STM32H7xx_HAL_Driver/Src/stm32h7xx_hal_cortex.o
 .ARM.attributes
                0x0000019f       0x32 ./Drivers/STM32H7xx_HAL_Driver/Src/stm32h7xx_hal_dma.o
 .ARM.attributes
                0x000001d1       0x32 ./Drivers/STM32H7xx_HAL_Driver/Src/stm32h7xx_hal_gpio.o
 .ARM.attributes
                0x00000203       0x32 ./Drivers/STM32H7xx_HAL_Driver/Src/stm32h7xx_hal_pcd.o
 .ARM.attributes
                0x00000235       0x32 ./Drivers/STM32H7xx_HAL_Driver/Src/stm32h7xx_hal_pcd_ex.o
 .ARM.attributes
                0x00000267       0x32 ./Drivers/STM32H7xx_HAL_Driver/Src/stm32h7xx_hal_pwr_ex.o
 .ARM.attributes
                0x00000299       0x32 ./Drivers/STM32H7xx_HAL_Driver/Src/stm32h7xx_hal_rcc.o
 .ARM.attributes
                0x000002cb       0x32 ./Drivers/STM32H7xx_HAL_Driver/Src/stm32h7xx_hal_rcc_ex.o
 .ARM.attributes
                0x000002fd       0x32 ./Drivers/STM32H7xx_HAL_Driver/Src/stm32h7xx_hal_spi.o
 .ARM.attributes
                0x0000032f       0x32 ./Drivers/STM32H7xx_HAL_Driver/Src/stm32h7xx_ll_usb.o
 .ARM.attributes
                0x00000361       0x32 ./Middlewares/ST/STM32_USB_Device_Library/Class/MSC/Src/usbd_msc.o
 .ARM.attributes
                0x00000393       0x32 ./Middlewares/ST/STM32_USB_Device_Library/Class/MSC/Src/usbd_msc_bot.o
 .ARM.attributes
                0x000003c5       0x32 ./Middlewares/ST/STM32_USB_Device_Library/Class/MSC/Src/usbd_msc_data.o
 .ARM.attributes
                0x000003f7       0x32 ./Middlewares/ST/STM32_USB_Device_Library/Class/MSC/Src/usbd_msc_scsi.o
 .ARM.attributes
                0x00000429       0x32 ./Middlewares/ST/STM32_USB_Device_Library/Core/Src/usbd_core.o
 .ARM.attributes
                0x0000045b       0x32 ./Middlewares/ST/STM32_USB_Device_Library/Core/Src/usbd_ctlreq.o
 .ARM.attributes
                0x0000048d       0x32 ./Middlewares/ST/STM32_USB_Device_Library/Core/Src/usbd_ioreq.o
 .ARM.attributes
                0x000004bf       0x32 ./USB_DEVICE/App/usb_device.o
 .ARM.attributes
                0x000004f1       0x32 ./USB_DEVICE/App/usbd_desc.o
 .ARM.attributes
                0x00000523       0x32 ./USB_DEVICE/App/usbd_storage_if.o
 .ARM.attributes
                0x00000555       0x32 ./USB_DEVICE/Target/usbd_conf.o
 .ARM.attributes
                0x00000587       0x32 /opt/st/stm32cubeide_1.18.0/plugins/com.st.stm32cube.ide.mcu.externaltools.gnu-tools-for-stm32.13.3.rel1.linux64_1.0.0.202410170706/tools/bin/../lib/gcc/arm-none-eabi/13.3.1/../../../../arm-none-eabi/lib/thumb/v7e-m+dp/hard/libc_nano.a(libc_a-memset.o)
 .ARM.attributes
                0x000005b9       0x32 /opt/st/stm32cubeide_1.18.0/plugins/com.st.stm32cube.ide.mcu.externaltools.gnu-tools-for-stm32.13.3.rel1.linux64_1.0.0.202410170706/tools/bin/../lib/gcc/arm-none-eabi/13.3.1/../../../../arm-none-eabi/lib/thumb/v7e-m+dp/hard/libc_nano.a(libc_a-init.o)
 .ARM.attributes
                0x000005eb       0x20 /opt/st/stm32cubeide_1.18.0/plugins/com.st.stm32cube.ide.mcu.externaltools.gnu-tools-for-stm32.13.3.rel1.linux64_1.0.0.202410170706/tools/bin/../lib/gcc/arm-none-eabi/13.3.1/thumb/v7e-m+dp/hard/crtn.o
OUTPUT(Audiograb-dev.elf elf32-littlearm)
LOAD linker stubs
LOAD /opt/st/stm32cubeide_1.18.0/plugins/com.st.stm32cube.ide.mcu.externaltools.gnu-tools-for-stm32.13.3.rel1.linux64_1.0.0.202410170706/tools/bin/../lib/gcc/arm-none-eabi/13.3.1/../../../../arm-none-eabi/lib/thumb/v7e-m+dp/hard/libc.a
LOAD /opt/st/stm32cubeide_1.18.0/plugins/com.st.stm32cube.ide.mcu.externaltools.gnu-tools-for-stm32.13.3.rel1.linux64_1.0.0.202410170706/tools/bin/../lib/gcc/arm-none-eabi/13.3.1/../../../../arm-none-eabi/lib/thumb/v7e-m+dp/hard/libm.a
LOAD /opt/st/stm32cubeide_1.18.0/plugins/com.st.stm32cube.ide.mcu.externaltools.gnu-tools-for-stm32.13.3.rel1.linux64_1.0.0.202410170706/tools/bin/../lib/gcc/arm-none-eabi/13.3.1/thumb/v7e-m+dp/hard/libgcc.a

.debug_info     0x00000000    0x180a1
 .debug_info    0x00000000     0x1527 ./Core/Src/main.o
 .debug_info    0x00001527     0x1494 ./Core/Src/stm32h7xx_hal_msp.o
 .debug_info    0x000029bb      0xd5c ./Core/Src/stm32h7xx_it.o
 .debug_info    0x00003717      0xd33 ./Core/Src/system_stm32h7xx.o
 .debug_info    0x0000444a       0x30 ./Core/Startup/startup_stm32h7b3lihxq.o
 .debug_info    0x0000447a     0x1403 ./Drivers/STM32H7xx_HAL_Driver/Src/stm32h7xx_hal.o
 .debug_info    0x0000587d     0x10a5 ./Drivers/STM32H7xx_HAL_Driver/Src/stm32h7xx_hal_cortex.o
 .debug_info    0x00006922      0xb71 ./Drivers/STM32H7xx_HAL_Driver/Src/stm32h7xx_hal_dma.o
 .debug_info    0x00007493      0xb3a ./Drivers/STM32H7xx_HAL_Driver/Src/stm32h7xx_hal_gpio.o
 .debug_info    0x00007fcd     0x1561 ./Drivers/STM32H7xx_HAL_Driver/Src/stm32h7xx_hal_pcd.o
 .debug_info    0x0000952e      0x8b3 ./Drivers/STM32H7xx_HAL_Driver/Src/stm32h7xx_hal_pcd_ex.o
 .debug_info    0x00009de1      0xf01 ./Drivers/STM32H7xx_HAL_Driver/Src/stm32h7xx_hal_pwr_ex.o
 .debug_info    0x0000ace2      0xeb0 ./Drivers/STM32H7xx_HAL_Driver/Src/stm32h7xx_hal_rcc.o
 .debug_info    0x0000bb92     0x120c ./Drivers/STM32H7xx_HAL_Driver/Src/stm32h7xx_hal_rcc_ex.o
 .debug_info    0x0000cd9e     0x144a ./Drivers/STM32H7xx_HAL_Driver/Src/stm32h7xx_hal_spi.o
 .debug_info    0x0000e1e8     0x1a1e ./Drivers/STM32H7xx_HAL_Driver/Src/stm32h7xx_ll_usb.o
 .debug_info    0x0000fc06      0xdd9 ./Middlewares/ST/STM32_USB_Device_Library/Class/MSC/Src/usbd_msc.o
 .debug_info    0x000109df      0xc76 ./Middlewares/ST/STM32_USB_Device_Library/Class/MSC/Src/usbd_msc_bot.o
 .debug_info    0x00011655      0x125 ./Middlewares/ST/STM32_USB_Device_Library/Class/MSC/Src/usbd_msc_data.o
 .debug_info    0x0001177a     0x11d9 ./Middlewares/ST/STM32_USB_Device_Library/Class/MSC/Src/usbd_msc_scsi.o
 .debug_info    0x00012953      0xe20 ./Middlewares/ST/STM32_USB_Device_Library/Core/Src/usbd_core.o
 .debug_info    0x00013773      0xaf9 ./Middlewares/ST/STM32_USB_Device_Library/Core/Src/usbd_ctlreq.o
 .debug_info    0x0001426c      0x770 ./Middlewares/ST/STM32_USB_Device_Library/Core/Src/usbd_ioreq.o
 .debug_info    0x000149dc      0x762 ./USB_DEVICE/App/usb_device.o
 .debug_info    0x0001513e      0x4c5 ./USB_DEVICE/App/usbd_desc.o
 .debug_info    0x00015603      0x3b6 ./USB_DEVICE/App/usbd_storage_if.o
 .debug_info    0x000159b9     0x26e8 ./USB_DEVICE/Target/usbd_conf.o

.debug_abbrev   0x00000000     0x3d4c
 .debug_abbrev  0x00000000      0x2af ./Core/Src/main.o
 .debug_abbrev  0x000002af      0x21e ./Core/Src/stm32h7xx_hal_msp.o
 .debug_abbrev  0x000004cd      0x1db ./Core/Src/stm32h7xx_it.o
 .debug_abbrev  0x000006a8      0x165 ./Core/Src/system_stm32h7xx.o
 .debug_abbrev  0x0000080d       0x24 ./Core/Startup/startup_stm32h7b3lihxq.o
 .debug_abbrev  0x00000831      0x291 ./Drivers/STM32H7xx_HAL_Driver/Src/stm32h7xx_hal.o
 .debug_abbrev  0x00000ac2      0x339 ./Drivers/STM32H7xx_HAL_Driver/Src/stm32h7xx_hal_cortex.o
 .debug_abbrev  0x00000dfb      0x248 ./Drivers/STM32H7xx_HAL_Driver/Src/stm32h7xx_hal_dma.o
 .debug_abbrev  0x00001043      0x201 ./Drivers/STM32H7xx_HAL_Driver/Src/stm32h7xx_hal_gpio.o
 .debug_abbrev  0x00001244      0x2dc ./Drivers/STM32H7xx_HAL_Driver/Src/stm32h7xx_hal_pcd.o
 .debug_abbrev  0x00001520      0x256 ./Drivers/STM32H7xx_HAL_Driver/Src/stm32h7xx_hal_pcd_ex.o
 .debug_abbrev  0x00001776      0x297 ./Drivers/STM32H7xx_HAL_Driver/Src/stm32h7xx_hal_pwr_ex.o
 .debug_abbrev  0x00001a0d      0x2c5 ./Drivers/STM32H7xx_HAL_Driver/Src/stm32h7xx_hal_rcc.o
 .debug_abbrev  0x00001cd2      0x27a ./Drivers/STM32H7xx_HAL_Driver/Src/stm32h7xx_hal_rcc_ex.o
 .debug_abbrev  0x00001f4c      0x2b1 ./Drivers/STM32H7xx_HAL_Driver/Src/stm32h7xx_hal_spi.o
 .debug_abbrev  0x000021fd      0x2b3 ./Drivers/STM32H7xx_HAL_Driver/Src/stm32h7xx_ll_usb.o
 .debug_abbrev  0x000024b0      0x317 ./Middlewares/ST/STM32_USB_Device_Library/Class/MSC/Src/usbd_msc.o
 .debug_abbrev  0x000027c7      0x2dd ./Middlewares/ST/STM32_USB_Device_Library/Class/MSC/Src/usbd_msc_bot.o
 .debug_abbrev  0x00002aa4       0x6f ./Middlewares/ST/STM32_USB_Device_Library/Class/MSC/Src/usbd_msc_data.o
 .debug_abbrev  0x00002b13      0x316 ./Middlewares/ST/STM32_USB_Device_Library/Class/MSC/Src/usbd_msc_scsi.o
 .debug_abbrev  0x00002e29      0x27c ./Middlewares/ST/STM32_USB_Device_Library/Core/Src/usbd_core.o
 .debug_abbrev  0x000030a5      0x26f ./Middlewares/ST/STM32_USB_Device_Library/Core/Src/usbd_ctlreq.o
 .debug_abbrev  0x00003314      0x19a ./Middlewares/ST/STM32_USB_Device_Library/Core/Src/usbd_ioreq.o
 .debug_abbrev  0x000034ae      0x1a7 ./USB_DEVICE/App/usb_device.o
 .debug_abbrev  0x00003655      0x1f5 ./USB_DEVICE/App/usbd_desc.o
 .debug_abbrev  0x0000384a      0x1a3 ./USB_DEVICE/App/usbd_storage_if.o
 .debug_abbrev  0x000039ed      0x35f ./USB_DEVICE/Target/usbd_conf.o

.debug_aranges  0x00000000     0x1240
 .debug_aranges
                0x00000000       0x48 ./Core/Src/main.o
 .debug_aranges
                0x00000048       0x30 ./Core/Src/stm32h7xx_hal_msp.o
 .debug_aranges
                0x00000078       0x78 ./Core/Src/stm32h7xx_it.o
 .debug_aranges
                0x000000f0       0x30 ./Core/Src/system_stm32h7xx.o
 .debug_aranges
                0x00000120       0x28 ./Core/Startup/startup_stm32h7b3lihxq.o
 .debug_aranges
                0x00000148      0x1a0 ./Drivers/STM32H7xx_HAL_Driver/Src/stm32h7xx_hal.o
 .debug_aranges
                0x000002e8      0x130 ./Drivers/STM32H7xx_HAL_Driver/Src/stm32h7xx_hal_cortex.o
 .debug_aranges
                0x00000418       0xa0 ./Drivers/STM32H7xx_HAL_Driver/Src/stm32h7xx_hal_dma.o
 .debug_aranges
                0x000004b8       0x58 ./Drivers/STM32H7xx_HAL_Driver/Src/stm32h7xx_hal_gpio.o
 .debug_aranges
                0x00000510      0x140 ./Drivers/STM32H7xx_HAL_Driver/Src/stm32h7xx_hal_pcd.o
 .debug_aranges
                0x00000650       0x60 ./Drivers/STM32H7xx_HAL_Driver/Src/stm32h7xx_hal_pcd_ex.o
 .debug_aranges
                0x000006b0      0x188 ./Drivers/STM32H7xx_HAL_Driver/Src/stm32h7xx_hal_pwr_ex.o
 .debug_aranges
                0x00000838       0x88 ./Drivers/STM32H7xx_HAL_Driver/Src/stm32h7xx_hal_rcc.o
 .debug_aranges
                0x000008c0       0xf0 ./Drivers/STM32H7xx_HAL_Driver/Src/stm32h7xx_hal_rcc_ex.o
 .debug_aranges
                0x000009b0      0x1a8 ./Drivers/STM32H7xx_HAL_Driver/Src/stm32h7xx_hal_spi.o
 .debug_aranges
                0x00000b58      0x1a0 ./Drivers/STM32H7xx_HAL_Driver/Src/stm32h7xx_ll_usb.o
 .debug_aranges
                0x00000cf8       0x68 ./Middlewares/ST/STM32_USB_Device_Library/Class/MSC/Src/usbd_msc.o
 .debug_aranges
                0x00000d60       0x68 ./Middlewares/ST/STM32_USB_Device_Library/Class/MSC/Src/usbd_msc_bot.o
 .debug_aranges
                0x00000dc8       0x18 ./Middlewares/ST/STM32_USB_Device_Library/Class/MSC/Src/usbd_msc_data.o
 .debug_aranges
                0x00000de0       0xc0 ./Middlewares/ST/STM32_USB_Device_Library/Class/MSC/Src/usbd_msc_scsi.o
 .debug_aranges
                0x00000ea0       0xd8 ./Middlewares/ST/STM32_USB_Device_Library/Core/Src/usbd_core.o
 .debug_aranges
                0x00000f78       0x90 ./Middlewares/ST/STM32_USB_Device_Library/Core/Src/usbd_ctlreq.o
 .debug_aranges
                0x00001008       0x50 ./Middlewares/ST/STM32_USB_Device_Library/Core/Src/usbd_ioreq.o
 .debug_aranges
                0x00001058       0x20 ./USB_DEVICE/App/usb_device.o
 .debug_aranges
                0x00001078       0x68 ./USB_DEVICE/App/usbd_desc.o
 .debug_aranges
                0x000010e0       0x50 ./USB_DEVICE/App/usbd_storage_if.o
 .debug_aranges
                0x00001130      0x110 ./USB_DEVICE/Target/usbd_conf.o

.debug_rnglists
                0x00000000      0xda3
 .debug_rnglists
                0x00000000       0x34 ./Core/Src/main.o
 .debug_rnglists
                0x00000034       0x20 ./Core/Src/stm32h7xx_hal_msp.o
 .debug_rnglists
                0x00000054       0x55 ./Core/Src/stm32h7xx_it.o
 .debug_rnglists
                0x000000a9       0x21 ./Core/Src/system_stm32h7xx.o
 .debug_rnglists
                0x000000ca       0x19 ./Core/Startup/startup_stm32h7b3lihxq.o
 .debug_rnglists
                0x000000e3      0x137 ./Drivers/STM32H7xx_HAL_Driver/Src/stm32h7xx_hal.o
 .debug_rnglists
                0x0000021a       0xe0 ./Drivers/STM32H7xx_HAL_Driver/Src/stm32h7xx_hal_cortex.o
 .debug_rnglists
                0x000002fa       0x82 ./Drivers/STM32H7xx_HAL_Driver/Src/stm32h7xx_hal_dma.o
 .debug_rnglists
                0x0000037c       0x3f ./Drivers/STM32H7xx_HAL_Driver/Src/stm32h7xx_hal_gpio.o
 .debug_rnglists
                0x000003bb       0xf4 ./Drivers/STM32H7xx_HAL_Driver/Src/stm32h7xx_hal_pcd.o
 .debug_rnglists
                0x000004af       0x45 ./Drivers/STM32H7xx_HAL_Driver/Src/stm32h7xx_hal_pcd_ex.o
 .debug_rnglists
                0x000004f4      0x127 ./Drivers/STM32H7xx_HAL_Driver/Src/stm32h7xx_hal_pwr_ex.o
 .debug_rnglists
                0x0000061b       0x68 ./Drivers/STM32H7xx_HAL_Driver/Src/stm32h7xx_hal_rcc.o
 .debug_rnglists
                0x00000683       0xba ./Drivers/STM32H7xx_HAL_Driver/Src/stm32h7xx_hal_rcc_ex.o
 .debug_rnglists
                0x0000073d      0x148 ./Drivers/STM32H7xx_HAL_Driver/Src/stm32h7xx_hal_spi.o
 .debug_rnglists
                0x00000885      0x147 ./Drivers/STM32H7xx_HAL_Driver/Src/stm32h7xx_ll_usb.o
 .debug_rnglists
                0x000009cc       0x4c ./Middlewares/ST/STM32_USB_Device_Library/Class/MSC/Src/usbd_msc.o
 .debug_rnglists
                0x00000a18       0x4c ./Middlewares/ST/STM32_USB_Device_Library/Class/MSC/Src/usbd_msc_bot.o
 .debug_rnglists
                0x00000a64       0x9c ./Middlewares/ST/STM32_USB_Device_Library/Class/MSC/Src/usbd_msc_scsi.o
 .debug_rnglists
                0x00000b00       0xa1 ./Middlewares/ST/STM32_USB_Device_Library/Core/Src/usbd_core.o
 .debug_rnglists
                0x00000ba1       0x6e ./Middlewares/ST/STM32_USB_Device_Library/Core/Src/usbd_ctlreq.o
 .debug_rnglists
                0x00000c0f       0x37 ./Middlewares/ST/STM32_USB_Device_Library/Core/Src/usbd_ioreq.o
 .debug_rnglists
                0x00000c46       0x13 ./USB_DEVICE/App/usb_device.o
 .debug_rnglists
                0x00000c59       0x49 ./USB_DEVICE/App/usbd_desc.o
 .debug_rnglists
                0x00000ca2       0x37 ./USB_DEVICE/App/usbd_storage_if.o
 .debug_rnglists
                0x00000cd9       0xca ./USB_DEVICE/Target/usbd_conf.o

.debug_macro    0x00000000    0x349a8
 .debug_macro   0x00000000      0x397 ./Core/Src/main.o
 .debug_macro   0x00000397      0xaf6 ./Core/Src/main.o
 .debug_macro   0x00000e8d      0x238 ./Core/Src/main.o
 .debug_macro   0x000010c5       0x2e ./Core/Src/main.o
 .debug_macro   0x000010f3       0x42 ./Core/Src/main.o
 .debug_macro   0x00001135       0x22 ./Core/Src/main.o
 .debug_macro   0x00001157       0x8e ./Core/Src/main.o
 .debug_macro   0x000011e5       0x51 ./Core/Src/main.o
 .debug_macro   0x00001236      0x103 ./Core/Src/main.o
 .debug_macro   0x00001339       0x6a ./Core/Src/main.o
 .debug_macro   0x000013a3      0x1df ./Core/Src/main.o
 .debug_macro   0x00001582       0x1c ./Core/Src/main.o
 .debug_macro   0x0000159e       0x22 ./Core/Src/main.o
 .debug_macro   0x000015c0       0xfb ./Core/Src/main.o
 .debug_macro   0x000016bb     0x1305 ./Core/Src/main.o
 .debug_macro   0x000029c0      0x11f ./Core/Src/main.o
 .debug_macro   0x00002adf       0x27 ./Core/Src/main.o
 .debug_macro   0x00002b06    0x1f5d3 ./Core/Src/main.o
 .debug_macro   0x000220d9       0x6d ./Core/Src/main.o
 .debug_macro   0x00022146     0x3d80 ./Core/Src/main.o
 .debug_macro   0x00025ec6      0x190 ./Core/Src/main.o
 .debug_macro   0x00026056       0x61 ./Core/Src/main.o
 .debug_macro   0x000260b7       0x29 ./Core/Src/main.o
 .debug_macro   0x000260e0       0x43 ./Core/Src/main.o
 .debug_macro   0x00026123       0x34 ./Core/Src/main.o
 .debug_macro   0x00026157      0x370 ./Core/Src/main.o
 .debug_macro   0x000264c7       0x16 ./Core/Src/main.o
 .debug_macro   0x000264dd       0x4a ./Core/Src/main.o
 .debug_macro   0x00026527       0x34 ./Core/Src/main.o
 .debug_macro   0x0002655b       0x10 ./Core/Src/main.o
 .debug_macro   0x0002656b       0x58 ./Core/Src/main.o
 .debug_macro   0x000265c3       0x8e ./Core/Src/main.o
 .debug_macro   0x00026651       0x1c ./Core/Src/main.o
 .debug_macro   0x0002666d      0x185 ./Core/Src/main.o
 .debug_macro   0x000267f2      0x19b ./Core/Src/main.o
 .debug_macro   0x0002698d       0x5d ./Core/Src/main.o
 .debug_macro   0x000269ea     0x2606 ./Core/Src/main.o
 .debug_macro   0x00028ff0     0x103a ./Core/Src/main.o
 .debug_macro   0x0002a02a      0x154 ./Core/Src/main.o
 .debug_macro   0x0002a17e      0x114 ./Core/Src/main.o
 .debug_macro   0x0002a292      0x3d5 ./Core/Src/main.o
 .debug_macro   0x0002a667       0xac ./Core/Src/main.o
 .debug_macro   0x0002a713      0x70a ./Core/Src/main.o
 .debug_macro   0x0002ae1d      0x20c ./Core/Src/main.o
 .debug_macro   0x0002b029       0x66 ./Core/Src/main.o
 .debug_macro   0x0002b08f      0x3c9 ./Core/Src/main.o
 .debug_macro   0x0002b458      0x3eb ./Core/Src/main.o
 .debug_macro   0x0002b843      0x275 ./Core/Src/main.o
 .debug_macro   0x0002bab8      0x6c8 ./Core/Src/main.o
 .debug_macro   0x0002c180      0x520 ./Core/Src/main.o
 .debug_macro   0x0002c6a0       0x58 ./Core/Src/main.o
 .debug_macro   0x0002c6f8       0x4a ./Core/Src/main.o
 .debug_macro   0x0002c742      0x22c ./Core/Src/main.o
 .debug_macro   0x0002c96e       0x67 ./Core/Src/main.o
 .debug_macro   0x0002c9d5       0xa5 ./Core/Src/main.o
 .debug_macro   0x0002ca7a      0x1bd ./Core/Src/main.o
 .debug_macro   0x0002cc37      0x2dc ./Core/Src/main.o
 .debug_macro   0x0002cf13       0x35 ./Core/Src/main.o
 .debug_macro   0x0002cf48      0x5e4 ./Core/Src/main.o
 .debug_macro   0x0002d52c       0xc1 ./Core/Src/main.o
 .debug_macro   0x0002d5ed      0x293 ./Core/Src/main.o
 .debug_macro   0x0002d880       0x90 ./Core/Src/main.o
 .debug_macro   0x0002d910      0x5ca ./Core/Src/main.o
 .debug_macro   0x0002deda      0x5ee ./Core/Src/main.o
 .debug_macro   0x0002e4c8       0x1c ./Core/Src/main.o
 .debug_macro   0x0002e4e4       0x3c ./Core/Src/main.o
 .debug_macro   0x0002e520       0x10 ./Core/Src/main.o
 .debug_macro   0x0002e530       0x1c ./Core/Src/main.o
 .debug_macro   0x0002e54c       0x16 ./Core/Src/main.o
 .debug_macro   0x0002e562      0x146 ./Core/Src/main.o
 .debug_macro   0x0002e6a8       0x16 ./Core/Src/main.o
 .debug_macro   0x0002e6be       0x16 ./Core/Src/main.o
 .debug_macro   0x0002e6d4       0x29 ./Core/Src/main.o
 .debug_macro   0x0002e6fd       0x16 ./Core/Src/main.o
 .debug_macro   0x0002e713       0x20 ./Core/Src/main.o
 .debug_macro   0x0002e733       0x6b ./Core/Src/main.o
 .debug_macro   0x0002e79e      0x20f ./Core/Src/main.o
 .debug_macro   0x0002e9ad      0x2cd ./Core/Src/stm32h7xx_hal_msp.o
 .debug_macro   0x0002ec7a      0x2d7 ./Core/Src/stm32h7xx_it.o
 .debug_macro   0x0002ef51      0x2be ./Core/Src/system_stm32h7xx.o
 .debug_macro   0x0002f20f      0x2e8 ./Drivers/STM32H7xx_HAL_Driver/Src/stm32h7xx_hal.o
 .debug_macro   0x0002f4f7      0x2be ./Drivers/STM32H7xx_HAL_Driver/Src/stm32h7xx_hal_cortex.o
 .debug_macro   0x0002f7b5      0x312 ./Drivers/STM32H7xx_HAL_Driver/Src/stm32h7xx_hal_dma.o
 .debug_macro   0x0002fac7      0x2c5 ./Drivers/STM32H7xx_HAL_Driver/Src/stm32h7xx_hal_gpio.o
 .debug_macro   0x0002fd8c      0x2ca ./Drivers/STM32H7xx_HAL_Driver/Src/stm32h7xx_hal_pcd.o
 .debug_macro   0x00030056      0x2be ./Drivers/STM32H7xx_HAL_Driver/Src/stm32h7xx_hal_pcd_ex.o
 .debug_macro   0x00030314      0x2f7 ./Drivers/STM32H7xx_HAL_Driver/Src/stm32h7xx_hal_pwr_ex.o
 .debug_macro   0x0003060b      0x2e2 ./Drivers/STM32H7xx_HAL_Driver/Src/stm32h7xx_hal_rcc.o
 .debug_macro   0x000308ed      0x2dc ./Drivers/STM32H7xx_HAL_Driver/Src/stm32h7xx_hal_rcc_ex.o
 .debug_macro   0x00030bc9      0x2c6 ./Drivers/STM32H7xx_HAL_Driver/Src/stm32h7xx_hal_spi.o
 .debug_macro   0x00030e8f      0x2be ./Drivers/STM32H7xx_HAL_Driver/Src/stm32h7xx_ll_usb.o
 .debug_macro   0x0003114d      0x3e0 ./Middlewares/ST/STM32_USB_Device_Library/Class/MSC/Src/usbd_msc.o
 .debug_macro   0x0003152d       0x16 ./Middlewares/ST/STM32_USB_Device_Library/Class/MSC/Src/usbd_msc.o
 .debug_macro   0x00031543       0x9e ./Middlewares/ST/STM32_USB_Device_Library/Class/MSC/Src/usbd_msc.o
 .debug_macro   0x000315e1      0x112 ./Middlewares/ST/STM32_USB_Device_Library/Class/MSC/Src/usbd_msc.o
 .debug_macro   0x000316f3       0x16 ./Middlewares/ST/STM32_USB_Device_Library/Class/MSC/Src/usbd_msc.o
 .debug_macro   0x00031709      0x215 ./Middlewares/ST/STM32_USB_Device_Library/Class/MSC/Src/usbd_msc.o
 .debug_macro   0x0003191e       0x7c ./Middlewares/ST/STM32_USB_Device_Library/Class/MSC/Src/usbd_msc.o
 .debug_macro   0x0003199a      0x160 ./Middlewares/ST/STM32_USB_Device_Library/Class/MSC/Src/usbd_msc.o
 .debug_macro   0x00031afa       0x34 ./Middlewares/ST/STM32_USB_Device_Library/Class/MSC/Src/usbd_msc.o
 .debug_macro   0x00031b2e      0x3e8 ./Middlewares/ST/STM32_USB_Device_Library/Class/MSC/Src/usbd_msc_bot.o
 .debug_macro   0x00031f16      0x389 ./Middlewares/ST/STM32_USB_Device_Library/Class/MSC/Src/usbd_msc_data.o
 .debug_macro   0x0003229f       0x22 ./Middlewares/ST/STM32_USB_Device_Library/Class/MSC/Src/usbd_msc_data.o
 .debug_macro   0x000322c1      0x3f1 ./Middlewares/ST/STM32_USB_Device_Library/Class/MSC/Src/usbd_msc_scsi.o
 .debug_macro   0x000326b2       0x28 ./Middlewares/ST/STM32_USB_Device_Library/Class/MSC/Src/usbd_msc_scsi.o
 .debug_macro   0x000326da      0x3ab ./Middlewares/ST/STM32_USB_Device_Library/Core/Src/usbd_core.o
 .debug_macro   0x00032a85      0x3b5 ./Middlewares/ST/STM32_USB_Device_Library/Core/Src/usbd_ctlreq.o
 .debug_macro   0x00032e3a      0x3b1 ./Middlewares/ST/STM32_USB_Device_Library/Core/Src/usbd_ioreq.o
 .debug_macro   0x000331eb      0x3eb ./USB_DEVICE/App/usb_device.o
 .debug_macro   0x000335d6      0x5f4 ./USB_DEVICE/App/usb_device.o
 .debug_macro   0x00033bca       0x22 ./USB_DEVICE/App/usb_device.o
 .debug_macro   0x00033bec       0x82 ./USB_DEVICE/App/usb_device.o
 .debug_macro   0x00033c6e      0x166 ./USB_DEVICE/App/usb_device.o
 .debug_macro   0x00033dd4      0x3ee ./USB_DEVICE/App/usbd_desc.o
 .debug_macro   0x000341c2       0x1c ./USB_DEVICE/App/usbd_desc.o
 .debug_macro   0x000341de      0x3fc ./USB_DEVICE/App/usbd_storage_if.o
 .debug_macro   0x000345da      0x3ce ./USB_DEVICE/Target/usbd_conf.o

.debug_line     0x00000000    0x1a824
 .debug_line    0x00000000      0xc4d ./Core/Src/main.o
 .debug_line    0x00000c4d      0x8ad ./Core/Src/stm32h7xx_hal_msp.o
 .debug_line    0x000014fa      0x91b ./Core/Src/stm32h7xx_it.o
 .debug_line    0x00001e15      0xa1a ./Core/Src/system_stm32h7xx.o
 .debug_line    0x0000282f       0x7b ./Core/Startup/startup_stm32h7b3lihxq.o
 .debug_line    0x000028aa      0xe09 ./Drivers/STM32H7xx_HAL_Driver/Src/stm32h7xx_hal.o
 .debug_line    0x000036b3      0xde6 ./Drivers/STM32H7xx_HAL_Driver/Src/stm32h7xx_hal_cortex.o
 .debug_line    0x00004499     0x28ab ./Drivers/STM32H7xx_HAL_Driver/Src/stm32h7xx_hal_dma.o
 .debug_line    0x00006d44      0xc85 ./Drivers/STM32H7xx_HAL_Driver/Src/stm32h7xx_hal_gpio.o
 .debug_line    0x000079c9     0x1564 ./Drivers/STM32H7xx_HAL_Driver/Src/stm32h7xx_hal_pcd.o
 .debug_line    0x00008f2d      0xa2a ./Drivers/STM32H7xx_HAL_Driver/Src/stm32h7xx_hal_pcd_ex.o
 .debug_line    0x00009957      0xfec ./Drivers/STM32H7xx_HAL_Driver/Src/stm32h7xx_hal_pwr_ex.o
 .debug_line    0x0000a943     0x143e ./Drivers/STM32H7xx_HAL_Driver/Src/stm32h7xx_hal_rcc.o
 .debug_line    0x0000bd81     0x1cbc ./Drivers/STM32H7xx_HAL_Driver/Src/stm32h7xx_hal_rcc_ex.o
 .debug_line    0x0000da3d     0x218e ./Drivers/STM32H7xx_HAL_Driver/Src/stm32h7xx_hal_spi.o
 .debug_line    0x0000fbcb     0x1e18 ./Drivers/STM32H7xx_HAL_Driver/Src/stm32h7xx_ll_usb.o
 .debug_line    0x000119e3      0xca1 ./Middlewares/ST/STM32_USB_Device_Library/Class/MSC/Src/usbd_msc.o
 .debug_line    0x00012684      0xcc9 ./Middlewares/ST/STM32_USB_Device_Library/Class/MSC/Src/usbd_msc_bot.o
 .debug_line    0x0001334d      0x91d ./Middlewares/ST/STM32_USB_Device_Library/Class/MSC/Src/usbd_msc_data.o
 .debug_line    0x00013c6a     0x148c ./Middlewares/ST/STM32_USB_Device_Library/Class/MSC/Src/usbd_msc_scsi.o
 .debug_line    0x000150f6      0xef7 ./Middlewares/ST/STM32_USB_Device_Library/Core/Src/usbd_core.o
 .debug_line    0x00015fed     0x10f1 ./Middlewares/ST/STM32_USB_Device_Library/Core/Src/usbd_ctlreq.o
 .debug_line    0x000170de      0xa0d ./Middlewares/ST/STM32_USB_Device_Library/Core/Src/usbd_ioreq.o
 .debug_line    0x00017aeb      0xa05 ./USB_DEVICE/App/usb_device.o
 .debug_line    0x000184f0      0xa9d ./USB_DEVICE/App/usbd_desc.o
 .debug_line    0x00018f8d      0xa4b ./USB_DEVICE/App/usbd_storage_if.o
 .debug_line    0x000199d8      0xe4c ./USB_DEVICE/Target/usbd_conf.o

.debug_str      0x00000000   0x13b339
 .debug_str     0x00000000   0x13b339 ./Core/Src/main.o
                             0x1352f2 (size before relaxing)
 .debug_str     0x0013b339   0x1346bc ./Core/Src/stm32h7xx_hal_msp.o
 .debug_str     0x0013b339   0x133cbe ./Core/Src/stm32h7xx_it.o
 .debug_str     0x0013b339   0x13234c ./Core/Src/system_stm32h7xx.o
 .debug_str     0x0013b339       0x8e ./Core/Startup/startup_stm32h7b3lihxq.o
 .debug_str     0x0013b339   0x133209 ./Drivers/STM32H7xx_HAL_Driver/Src/stm32h7xx_hal.o
 .debug_str     0x0013b339   0x132c51 ./Drivers/STM32H7xx_HAL_Driver/Src/stm32h7xx_hal_cortex.o
 .debug_str     0x0013b339   0x132a3b ./Drivers/STM32H7xx_HAL_Driver/Src/stm32h7xx_hal_dma.o
 .debug_str     0x0013b339   0x1322bd ./Drivers/STM32H7xx_HAL_Driver/Src/stm32h7xx_hal_gpio.o
 .debug_str     0x0013b339   0x132a83 ./Drivers/STM32H7xx_HAL_Driver/Src/stm32h7xx_hal_pcd.o
 .debug_str     0x0013b339   0x132421 ./Drivers/STM32H7xx_HAL_Driver/Src/stm32h7xx_hal_pcd_ex.o
 .debug_str     0x0013b339   0x132842 ./Drivers/STM32H7xx_HAL_Driver/Src/stm32h7xx_hal_pwr_ex.o
 .debug_str     0x0013b339   0x1326e5 ./Drivers/STM32H7xx_HAL_Driver/Src/stm32h7xx_hal_rcc.o
 .debug_str     0x0013b339   0x132b7a ./Drivers/STM32H7xx_HAL_Driver/Src/stm32h7xx_hal_rcc_ex.o
 .debug_str     0x0013b339   0x1329d7 ./Drivers/STM32H7xx_HAL_Driver/Src/stm32h7xx_hal_spi.o
 .debug_str     0x0013b339   0x13297d ./Drivers/STM32H7xx_HAL_Driver/Src/stm32h7xx_ll_usb.o
 .debug_str     0x0013b339   0x1354c0 ./Middlewares/ST/STM32_USB_Device_Library/Class/MSC/Src/usbd_msc.o
 .debug_str     0x0013b339   0x135394 ./Middlewares/ST/STM32_USB_Device_Library/Class/MSC/Src/usbd_msc_bot.o
 .debug_str     0x0013b339   0x133bf4 ./Middlewares/ST/STM32_USB_Device_Library/Class/MSC/Src/usbd_msc_data.o
 .debug_str     0x0013b339   0x135517 ./Middlewares/ST/STM32_USB_Device_Library/Class/MSC/Src/usbd_msc_scsi.o
 .debug_str     0x0013b339   0x134c10 ./Middlewares/ST/STM32_USB_Device_Library/Core/Src/usbd_core.o
 .debug_str     0x0013b339   0x134a3b ./Middlewares/ST/STM32_USB_Device_Library/Core/Src/usbd_ctlreq.o
 .debug_str     0x0013b339   0x134910 ./Middlewares/ST/STM32_USB_Device_Library/Core/Src/usbd_ioreq.o
 .debug_str     0x0013b339   0x1351d7 ./USB_DEVICE/App/usb_device.o
 .debug_str     0x0013b339   0x134837 ./USB_DEVICE/App/usbd_desc.o
 .debug_str     0x0013b339   0x134dc7 ./USB_DEVICE/App/usbd_storage_if.o
 .debug_str     0x0013b339   0x13690d ./USB_DEVICE/Target/usbd_conf.o

.comment        0x00000000       0x43
 .comment       0x00000000       0x43 ./Core/Src/main.o
                                 0x44 (size before relaxing)