Archive member included to satisfy reference by file (symbol)

/home/steinar/.eclipse/com.st.stm32cube.ide.mcu.rcp.product_1.12.0_941520327_linux_gtk_x86_64/plugins/com.st.stm32cube.ide.mcu.externaltools.gnu-tools-for-stm32.11.3.rel1.linux64_1.0.100.202301251239/tools/bin/../lib/gcc/arm-none-eabi/11.3.1/../../../../arm-none-eabi/lib/thumb/v7e-m+dp/hard/libc_nano.a(libc_a-exit.o)
                              /home/steinar/.eclipse/com.st.stm32cube.ide.mcu.rcp.product_1.12.0_941520327_linux_gtk_x86_64/plugins/com.st.stm32cube.ide.mcu.externaltools.gnu-tools-for-stm32.11.3.rel1.linux64_1.0.100.202301251239/tools/bin/../lib/gcc/arm-none-eabi/11.3.1/../../../../arm-none-eabi/lib/thumb/v7e-m+dp/hard/crt0.o (exit)
/home/steinar/.eclipse/com.st.stm32cube.ide.mcu.rcp.product_1.12.0_941520327_linux_gtk_x86_64/plugins/com.st.stm32cube.ide.mcu.externaltools.gnu-tools-for-stm32.11.3.rel1.linux64_1.0.100.202301251239/tools/bin/../lib/gcc/arm-none-eabi/11.3.1/../../../../arm-none-eabi/lib/thumb/v7e-m+dp/hard/libc_nano.a(libc_a-findfp.o)
                              /home/steinar/.eclipse/com.st.stm32cube.ide.mcu.rcp.product_1.12.0_941520327_linux_gtk_x86_64/plugins/com.st.stm32cube.ide.mcu.externaltools.gnu-tools-for-stm32.11.3.rel1.linux64_1.0.100.202301251239/tools/bin/../lib/gcc/arm-none-eabi/11.3.1/../../../../arm-none-eabi/lib/thumb/v7e-m+dp/hard/libc_nano.a(libc_a-exit.o) (__stdio_exit_handler)
/home/steinar/.eclipse/com.st.stm32cube.ide.mcu.rcp.product_1.12.0_941520327_linux_gtk_x86_64/plugins/com.st.stm32cube.ide.mcu.externaltools.gnu-tools-for-stm32.11.3.rel1.linux64_1.0.100.202301251239/tools/bin/../lib/gcc/arm-none-eabi/11.3.1/../../../../arm-none-eabi/lib/thumb/v7e-m+dp/hard/libc_nano.a(libc_a-fwalk.o)
                              /home/steinar/.eclipse/com.st.stm32cube.ide.mcu.rcp.product_1.12.0_941520327_linux_gtk_x86_64/plugins/com.st.stm32cube.ide.mcu.externaltools.gnu-tools-for-stm32.11.3.rel1.linux64_1.0.100.202301251239/tools/bin/../lib/gcc/arm-none-eabi/11.3.1/../../../../arm-none-eabi/lib/thumb/v7e-m+dp/hard/libc_nano.a(libc_a-findfp.o) (_fwalk_sglue)
/home/steinar/.eclipse/com.st.stm32cube.ide.mcu.rcp.product_1.12.0_941520327_linux_gtk_x86_64/plugins/com.st.stm32cube.ide.mcu.externaltools.gnu-tools-for-stm32.11.3.rel1.linux64_1.0.100.202301251239/tools/bin/../lib/gcc/arm-none-eabi/11.3.1/../../../../arm-none-eabi/lib/thumb/v7e-m+dp/hard/libc_nano.a(libc_a-printf.o)
                              ./Middlewares/ST/STM32_USB_Device_Library/Core/Src/usbd_core.o (printf)
/home/steinar/.eclipse/com.st.stm32cube.ide.mcu.rcp.product_1.12.0_941520327_linux_gtk_x86_64/plugins/com.st.stm32cube.ide.mcu.externaltools.gnu-tools-for-stm32.11.3.rel1.linux64_1.0.100.202301251239/tools/bin/../lib/gcc/arm-none-eabi/11.3.1/../../../../arm-none-eabi/lib/thumb/v7e-m+dp/hard/libc_nano.a(libc_a-putchar.o)
                              ./Middlewares/ST/STM32_USB_Device_Library/Core/Src/usbd_core.o (putchar)
/home/steinar/.eclipse/com.st.stm32cube.ide.mcu.rcp.product_1.12.0_941520327_linux_gtk_x86_64/plugins/com.st.stm32cube.ide.mcu.externaltools.gnu-tools-for-stm32.11.3.rel1.linux64_1.0.100.202301251239/tools/bin/../lib/gcc/arm-none-eabi/11.3.1/../../../../arm-none-eabi/lib/thumb/v7e-m+dp/hard/libc_nano.a(libc_a-stdio.o)
                              /home/steinar/.eclipse/com.st.stm32cube.ide.mcu.rcp.product_1.12.0_941520327_linux_gtk_x86_64/plugins/com.st.stm32cube.ide.mcu.externaltools.gnu-tools-for-stm32.11.3.rel1.linux64_1.0.100.202301251239/tools/bin/../lib/gcc/arm-none-eabi/11.3.1/../../../../arm-none-eabi/lib/thumb/v7e-m+dp/hard/libc_nano.a(libc_a-findfp.o) (__sread)
/home/steinar/.eclipse/com.st.stm32cube.ide.mcu.rcp.product_1.12.0_941520327_linux_gtk_x86_64/plugins/com.st.stm32cube.ide.mcu.externaltools.gnu-tools-for-stm32.11.3.rel1.linux64_1.0.100.202301251239/tools/bin/../lib/gcc/arm-none-eabi/11.3.1/../../../../arm-none-eabi/lib/thumb/v7e-m+dp/hard/libc_nano.a(libc_a-memset.o)
                              /home/steinar/.eclipse/com.st.stm32cube.ide.mcu.rcp.product_1.12.0_941520327_linux_gtk_x86_64/plugins/com.st.stm32cube.ide.mcu.externaltools.gnu-tools-for-stm32.11.3.rel1.linux64_1.0.100.202301251239/tools/bin/../lib/gcc/arm-none-eabi/11.3.1/../../../../arm-none-eabi/lib/thumb/v7e-m+dp/hard/crt0.o (memset)
/home/steinar/.eclipse/com.st.stm32cube.ide.mcu.rcp.product_1.12.0_941520327_linux_gtk_x86_64/plugins/com.st.stm32cube.ide.mcu.externaltools.gnu-tools-for-stm32.11.3.rel1.linux64_1.0.100.202301251239/tools/bin/../lib/gcc/arm-none-eabi/11.3.1/../../../../arm-none-eabi/lib/thumb/v7e-m+dp/hard/libc_nano.a(libc_a-closer.o)
                              /home/steinar/.eclipse/com.st.stm32cube.ide.mcu.rcp.product_1.12.0_941520327_linux_gtk_x86_64/plugins/com.st.stm32cube.ide.mcu.externaltools.gnu-tools-for-stm32.11.3.rel1.linux64_1.0.100.202301251239/tools/bin/../lib/gcc/arm-none-eabi/11.3.1/../../../../arm-none-eabi/lib/thumb/v7e-m+dp/hard/libc_nano.a(libc_a-stdio.o) (_close_r)
[...]
Memory Configuration

Name             Origin             Length             Attributes
ITCMRAM          0x0000000000000000 0x0000000000010000 xrw
FLASH            0x0000000008000000 0x0000000000200000 xr
DTCMRAM1         0x0000000020000000 0x0000000000010000 xrw
DTCMRAM2         0x0000000020010000 0x0000000000010000 xrw
RAM              0x0000000024000000 0x0000000000100000 xrw
RAM_CD           0x0000000030000000 0x0000000000020000 xrw
RAM_SRD          0x0000000038000000 0x0000000000008000 xrw
*default*        0x0000000000000000 0xffffffffffffffff

Linker script and memory map

LOAD /home/steinar/.eclipse/com.st.stm32cube.ide.mcu.rcp.product_1.12.0_941520327_linux_gtk_x86_64/plugins/com.st.stm32cube.ide.mcu.externaltools.gnu-tools-for-stm32.11.3.rel1.linux64_1.0.100.202301251239/tools/bin/../lib/gcc/arm-none-eabi/11.3.1/thumb/v7e-m+dp/hard/crti.o
LOAD /home/steinar/.eclipse/com.st.stm32cube.ide.mcu.rcp.product_1.12.0_941520327_linux_gtk_x86_64/plugins/com.st.stm32cube.ide.mcu.externaltools.gnu-tools-for-stm32.11.3.rel1.linux64_1.0.100.202301251239/tools/bin/../lib/gcc/arm-none-eabi/11.3.1/thumb/v7e-m+dp/hard/crtbegin.o
LOAD /home/steinar/.eclipse/com.st.stm32cube.ide.mcu.rcp.product_1.12.0_941520327_linux_gtk_x86_64/plugins/com.st.stm32cube.ide.mcu.externaltools.gnu-tools-for-stm32.11.3.rel1.linux64_1.0.100.202301251239/tools/bin/../lib/gcc/arm-none-eabi/11.3.1/../../../../arm-none-eabi/lib/thumb/v7e-m+dp/hard/crt0.o
LOAD ./Core/Src/main.o
LOAD ./Core/Src/stm32h7xx_hal_msp.o
LOAD ./Core/Src/stm32h7xx_it.o
LOAD ./Core/Src/syscalls.o
LOAD ./Core/Src/sysmem.o
LOAD ./Core/Src/system_stm32h7xx.o
LOAD ./Core/Startup/startup_stm32h7b3lihxq.o
LOAD ./Drivers/STM32H7xx_HAL_Driver/Src/stm32h7xx_hal.o
LOAD ./Drivers/STM32H7xx_HAL_Driver/Src/stm32h7xx_hal_cortex.o
LOAD ./Drivers/STM32H7xx_HAL_Driver/Src/stm32h7xx_hal_dma.o
LOAD ./Drivers/STM32H7xx_HAL_Driver/Src/stm32h7xx_hal_dma_ex.o
LOAD ./Drivers/STM32H7xx_HAL_Driver/Src/stm32h7xx_hal_exti.o
LOAD ./Drivers/STM32H7xx_HAL_Driver/Src/stm32h7xx_hal_flash.o
LOAD ./Drivers/STM32H7xx_HAL_Driver/Src/stm32h7xx_hal_flash_ex.o
LOAD ./Drivers/STM32H7xx_HAL_Driver/Src/stm32h7xx_hal_gpio.o
LOAD ./Drivers/STM32H7xx_HAL_Driver/Src/stm32h7xx_hal_hsem.o
LOAD ./Drivers/STM32H7xx_HAL_Driver/Src/stm32h7xx_hal_i2c.o
LOAD ./Drivers/STM32H7xx_HAL_Driver/Src/stm32h7xx_hal_i2c_ex.o
LOAD ./Drivers/STM32H7xx_HAL_Driver/Src/stm32h7xx_hal_mdma.o
LOAD ./Drivers/STM32H7xx_HAL_Driver/Src/stm32h7xx_hal_pcd.o
LOAD ./Drivers/STM32H7xx_HAL_Driver/Src/stm32h7xx_hal_pcd_ex.o
LOAD ./Drivers/STM32H7xx_HAL_Driver/Src/stm32h7xx_hal_pwr.o
LOAD ./Drivers/STM32H7xx_HAL_Driver/Src/stm32h7xx_hal_pwr_ex.o
LOAD ./Drivers/STM32H7xx_HAL_Driver/Src/stm32h7xx_hal_rcc.o
LOAD ./Drivers/STM32H7xx_HAL_Driver/Src/stm32h7xx_hal_rcc_ex.o
LOAD ./Drivers/STM32H7xx_HAL_Driver/Src/stm32h7xx_hal_sd.o
LOAD ./Drivers/STM32H7xx_HAL_Driver/Src/stm32h7xx_hal_sd_ex.o
LOAD ./Drivers/STM32H7xx_HAL_Driver/Src/stm32h7xx_hal_tim.o
LOAD ./Drivers/STM32H7xx_HAL_Driver/Src/stm32h7xx_hal_tim_ex.o
LOAD ./Drivers/STM32H7xx_HAL_Driver/Src/stm32h7xx_ll_delayblock.o
LOAD ./Drivers/STM32H7xx_HAL_Driver/Src/stm32h7xx_ll_sdmmc.o
LOAD ./Drivers/STM32H7xx_HAL_Driver/Src/stm32h7xx_ll_usb.o
LOAD ./Middlewares/ST/STM32_USB_Device_Library/Class/MSC/Src/usbd_msc.o
LOAD ./Middlewares/ST/STM32_USB_Device_Library/Class/MSC/Src/usbd_msc_bot.o
LOAD ./Middlewares/ST/STM32_USB_Device_Library/Class/MSC/Src/usbd_msc_data.o
LOAD ./Middlewares/ST/STM32_USB_Device_Library/Class/MSC/Src/usbd_msc_scsi.o
LOAD ./Middlewares/ST/STM32_USB_Device_Library/Core/Src/usbd_core.o
LOAD ./Middlewares/ST/STM32_USB_Device_Library/Core/Src/usbd_ctlreq.o
LOAD ./Middlewares/ST/STM32_USB_Device_Library/Core/Src/usbd_ioreq.o
LOAD ./USB_DEVICE/App/usb_device.o
LOAD ./USB_DEVICE/App/usbd_desc.o
LOAD ./USB_DEVICE/App/usbd_storage_if.o
LOAD ./USB_DEVICE/Target/usbd_conf.o
START GROUP
LOAD /home/steinar/.eclipse/com.st.stm32cube.ide.mcu.rcp.product_1.12.0_941520327_linux_gtk_x86_64/plugins/com.st.stm32cube.ide.mcu.externaltools.gnu-tools-for-stm32.11.3.rel1.linux64_1.0.100.202301251239/tools/bin/../lib/gcc/arm-none-eabi/11.3.1/../../../../arm-none-eabi/lib/thumb/v7e-m+dp/hard/libc_nano.a
LOAD /home/steinar/.eclipse/com.st.stm32cube.ide.mcu.rcp.product_1.12.0_941520327_linux_gtk_x86_64/plugins/com.st.stm32cube.ide.mcu.externaltools.gnu-tools-for-stm32.11.3.rel1.linux64_1.0.100.202301251239/tools/bin/../lib/gcc/arm-none-eabi/11.3.1/../../../../arm-none-eabi/lib/thumb/v7e-m+dp/hard/libm.a
END GROUP
START GROUP
LOAD /home/steinar/.eclipse/com.st.stm32cube.ide.mcu.rcp.product_1.12.0_941520327_linux_gtk_x86_64/plugins/com.st.stm32cube.ide.mcu.externaltools.gnu-tools-for-stm32.11.3.rel1.linux64_1.0.100.202301251239/tools/bin/../lib/gcc/arm-none-eabi/11.3.1/thumb/v7e-m+dp/hard/libgcc.a
LOAD /home/steinar/.eclipse/com.st.stm32cube.ide.mcu.rcp.product_1.12.0_941520327_linux_gtk_x86_64/plugins/com.st.stm32cube.ide.mcu.externaltools.gnu-tools-for-stm32.11.3.rel1.linux64_1.0.100.202301251239/tools/bin/../lib/gcc/arm-none-eabi/11.3.1/../../../../arm-none-eabi/lib/thumb/v7e-m+dp/hard/libc_nano.a
END GROUP
START GROUP
LOAD /home/steinar/.eclipse/com.st.stm32cube.ide.mcu.rcp.product_1.12.0_941520327_linux_gtk_x86_64/plugins/com.st.stm32cube.ide.mcu.externaltools.gnu-tools-for-stm32.11.3.rel1.linux64_1.0.100.202301251239/tools/bin/../lib/gcc/arm-none-eabi/11.3.1/thumb/v7e-m+dp/hard/libgcc.a
LOAD /home/steinar/.eclipse/com.st.stm32cube.ide.mcu.rcp.product_1.12.0_941520327_linux_gtk_x86_64/plugins/com.st.stm32cube.ide.mcu.externaltools.gnu-tools-for-stm32.11.3.rel1.linux64_1.0.100.202301251239/tools/bin/../lib/gcc/arm-none-eabi/11.3.1/../../../../arm-none-eabi/lib/thumb/v7e-m+dp/hard/libc_nano.a
LOAD /home/steinar/.eclipse/com.st.stm32cube.ide.mcu.rcp.product_1.12.0_941520327_linux_gtk_x86_64/plugins/com.st.stm32cube.ide.mcu.externaltools.gnu-tools-for-stm32.11.3.rel1.linux64_1.0.100.202301251239/tools/bin/../lib/gcc/arm-none-eabi/11.3.1/../../../../arm-none-eabi/lib/thumb/v7e-m+dp/hard/libnosys.a
END GROUP
START GROUP
LOAD /home/steinar/.eclipse/com.st.stm32cube.ide.mcu.rcp.product_1.12.0_941520327_linux_gtk_x86_64/plugins/com.st.stm32cube.ide.mcu.externaltools.gnu-tools-for-stm32.11.3.rel1.linux64_1.0.100.202301251239/tools/bin/../lib/gcc/arm-none-eabi/11.3.1/thumb/v7e-m+dp/hard/libgcc.a
LOAD /home/steinar/.eclipse/com.st.stm32cube.ide.mcu.rcp.product_1.12.0_941520327_linux_gtk_x86_64/plugins/com.st.stm32cube.ide.mcu.externaltools.gnu-tools-for-stm32.11.3.rel1.linux64_1.0.100.202301251239/tools/bin/../lib/gcc/arm-none-eabi/11.3.1/../../../../arm-none-eabi/lib/thumb/v7e-m+dp/hard/libc_nano.a
LOAD /home/steinar/.eclipse/com.st.stm32cube.ide.mcu.rcp.product_1.12.0_941520327_linux_gtk_x86_64/plugins/com.st.stm32cube.ide.mcu.externaltools.gnu-tools-for-stm32.11.3.rel1.linux64_1.0.100.202301251239/tools/bin/../lib/gcc/arm-none-eabi/11.3.1/../../../../arm-none-eabi/lib/thumb/v7e-m+dp/hard/libnosys.a
END GROUP
LOAD /home/steinar/.eclipse/com.st.stm32cube.ide.mcu.rcp.product_1.12.0_941520327_linux_gtk_x86_64/plugins/com.st.stm32cube.ide.mcu.externaltools.gnu-tools-for-stm32.11.3.rel1.linux64_1.0.100.202301251239/tools/bin/../lib/gcc/arm-none-eabi/11.3.1/thumb/v7e-m+dp/hard/crtend.o
LOAD /home/steinar/.eclipse/com.st.stm32cube.ide.mcu.rcp.product_1.12.0_941520327_linux_gtk_x86_64/plugins/com.st.stm32cube.ide.mcu.externaltools.gnu-tools-for-stm32.11.3.rel1.linux64_1.0.100.202301251239/tools/bin/../lib/gcc/arm-none-eabi/11.3.1/thumb/v7e-m+dp/hard/crtn.o
                0x0000000024100000                _estack = (ORIGIN (RAM) + LENGTH (RAM))
                0x0000000000000200                _Min_Heap_Size = 0x200
                0x0000000000000400                _Min_Stack_Size = 0x400

.isr_vector     0x0000000008000000      0x2ac
                0x0000000008000000                . = ALIGN (0x4)
 *(.isr_vector)
 .isr_vector    0x0000000008000000      0x2ac ./Core/Startup/startup_stm32h7b3lihxq.o
                0x0000000008000000                g_pfnVectors
                0x00000000080002ac                . = ALIGN (0x4)

.text           0x00000000080002b0     0xed10
                0x00000000080002b0                . = ALIGN (0x4)
 *(.text)
 .text          0x00000000080002b0       0x40 /home/steinar/.eclipse/com.st.stm32cube.ide.mcu.rcp.product_1.12.0_941520327_linux_gtk_x86_64/plugins/com.st.stm32cube.ide.mcu.externaltools.gnu-tools-for-stm32.11.3.rel1.linux64_1.0.100.202301251239/tools/bin/../lib/gcc/arm-none-eabi/11.3.1/thumb/v7e-m+dp/hard/crtbegin.o
 .text          0x00000000080002f0       0xa0 /home/steinar/.eclipse/com.st.stm32cube.ide.mcu.rcp.product_1.12.0_941520327_linux_gtk_x86_64/plugins/com.st.stm32cube.ide.mcu.externaltools.gnu-tools-for-stm32.11.3.rel1.linux64_1.0.100.202301251239/tools/bin/../lib/gcc/arm-none-eabi/11.3.1/../../../../arm-none-eabi/lib/thumb/v7e-m+dp/hard/libc_nano.a(libc_a-memchr.o)
                0x00000000080002f0                memchr
 *(.text*)
 .text.main     0x0000000008000390       0x1a ./Core/Src/main.o
                0x0000000008000390                main
 *fill*         0x00000000080003aa        0x2 
 .text.SystemClock_Config
                0x00000000080003ac      0x15c ./Core/Src/main.o
                0x00000000080003ac                SystemClock_Config
 .text.MX_SDMMC1_SD_Init
                0x0000000008000508       0x4c ./Core/Src/main.o
 .text.MX_GPIO_Init
                0x0000000008000554      0x5cc ./Core/Src/main.o
 .text.Error_Handler
                0x0000000008000b20        0xa ./Core/Src/main.o
                0x0000000008000b20                Error_Handler
 *fill*         0x0000000008000b2a        0x2 
 .text.HAL_MspInit
                0x0000000008000b2c       0x34 ./Core/Src/stm32h7xx_hal_msp.o
                0x0000000008000b2c                HAL_MspInit
 .text.HAL_SD_MspInit
                0x0000000008000b60      0x11c ./Core/Src/stm32h7xx_hal_msp.o
                0x0000000008000b60                HAL_SD_MspInit
 .text.NMI_Handler
                0x0000000008000c7c        0x6 ./Core/Src/stm32h7xx_it.o
                0x0000000008000c7c                NMI_Handler
 .text.HardFault_Handler
                0x0000000008000c82        0x6 ./Core/Src/stm32h7xx_it.o
                0x0000000008000c82                HardFault_Handler
 .text.MemManage_Handler
                0x0000000008000c88        0x6 ./Core/Src/stm32h7xx_it.o
                0x0000000008000c88                MemManage_Handler
 .text.BusFault_Handler
                0x0000000008000c8e        0x6 ./Core/Src/stm32h7xx_it.o
                0x0000000008000c8e                BusFault_Handler
 .text.UsageFault_Handler
                0x0000000008000c94        0x6 ./Core/Src/stm32h7xx_it.o
                0x0000000008000c94                UsageFault_Handler
 .text.SVC_Handler
                0x0000000008000c9a        0xe ./Core/Src/stm32h7xx_it.o
                0x0000000008000c9a                SVC_Handler
 .text.DebugMon_Handler
                0x0000000008000ca8        0xe ./Core/Src/stm32h7xx_it.o
                0x0000000008000ca8                DebugMon_Handler
 .text.PendSV_Handler
                0x0000000008000cb6        0xe ./Core/Src/stm32h7xx_it.o
                0x0000000008000cb6                PendSV_Handler
 .text.SysTick_Handler
                0x0000000008000cc4        0xc ./Core/Src/stm32h7xx_it.o
                0x0000000008000cc4                SysTick_Handler
 .text.OTG_HS_IRQHandler
                0x0000000008000cd0       0x14 ./Core/Src/stm32h7xx_it.o
                0x0000000008000cd0                OTG_HS_IRQHandler
 .text._read    0x0000000008000ce4       0x3a ./Core/Src/syscalls.o
                0x0000000008000ce4                _read
 .text._write   0x0000000008000d1e       0x38 ./Core/Src/syscalls.o
                0x0000000008000d1e                _write
 .text._close   0x0000000008000d56       0x18 ./Core/Src/syscalls.o
                0x0000000008000d56                _close
 .text._fstat   0x0000000008000d6e       0x20 ./Core/Src/syscalls.o
                0x0000000008000d6e                _fstat
 .text._isatty  0x0000000008000d8e       0x16 ./Core/Src/syscalls.o
                0x0000000008000d8e                _isatty
 .text._lseek   0x0000000008000da4       0x1a ./Core/Src/syscalls.o
                0x0000000008000da4                _lseek
 *fill*         0x0000000008000dbe        0x2 
 .text._sbrk    0x0000000008000dc0       0x6c ./Core/Src/sysmem.o
                0x0000000008000dc0                _sbrk
 .text.SystemInit
                0x0000000008000e2c       0xf0 ./Core/Src/system_stm32h7xx.o
                0x0000000008000e2c                SystemInit
 .text.Reset_Handler
                0x0000000008000f1c       0x50 ./Core/Startup/startup_stm32h7b3lihxq.o
                0x0000000008000f1c                Reset_Handler
 .text.Default_Handler
                0x0000000008000f6c        0x2 ./Core/Startup/startup_stm32h7b3lihxq.o
                0x0000000008000f6c                RTC_Alarm_IRQHandler
                0x0000000008000f6c                HASH_RNG_IRQHandler
                0x0000000008000f6c                EXTI2_IRQHandler
                0x0000000008000f6c                TIM8_CC_IRQHandler
                0x0000000008000f6c                UART8_IRQHandler
                0x0000000008000f6c                BDMA2_Channel1_IRQHandler
                0x0000000008000f6c                SPI4_IRQHandler
                0x0000000008000f6c                BDMA2_Channel0_IRQHandler
                0x0000000008000f6c                TIM1_CC_IRQHandler
                0x0000000008000f6c                DMA2_Stream5_IRQHandler
                0x0000000008000f6c                JPEG_IRQHandler
                0x0000000008000f6c                DMA1_Stream5_IRQHandler
                0x0000000008000f6c                EXTI3_IRQHandler
                0x0000000008000f6c                LPTIM4_IRQHandler
                0x0000000008000f6c                TIM8_TRG_COM_TIM14_IRQHandler
                0x0000000008000f6c                LPTIM2_IRQHandler
                0x0000000008000f6c                DFSDM1_FLT1_IRQHandler
                0x0000000008000f6c                DMAMUX2_OVR_IRQHandler
                0x0000000008000f6c                GFXMMU_IRQHandler
                0x0000000008000f6c                TIM8_UP_TIM13_IRQHandler
                0x0000000008000f6c                I2C3_ER_IRQHandler
                0x0000000008000f6c                DFSDM1_FLT2_IRQHandler
                0x0000000008000f6c                USART10_IRQHandler
                0x0000000008000f6c                MDMA_IRQHandler
                0x0000000008000f6c                LPTIM3_IRQHandler
                0x0000000008000f6c                BDMA2_Channel3_IRQHandler
                0x0000000008000f6c                HSEM1_IRQHandler
                0x0000000008000f6c                EXTI0_IRQHandler
                0x0000000008000f6c                I2C2_EV_IRQHandler
                0x0000000008000f6c                DAC2_IRQHandler
                0x0000000008000f6c                DMA1_Stream2_IRQHandler
                0x0000000008000f6c                FPU_IRQHandler
                0x0000000008000f6c                OTG_HS_WKUP_IRQHandler
                0x0000000008000f6c                FDCAN1_IT1_IRQHandler
                0x0000000008000f6c                LTDC_ER_IRQHandler
                0x0000000008000f6c                DMA2_Stream2_IRQHandler
                0x0000000008000f6c                SPI1_IRQHandler
                0x0000000008000f6c                OCTOSPI1_IRQHandler
                0x0000000008000f6c                TIM6_DAC_IRQHandler
                0x0000000008000f6c                BDMA2_Channel6_IRQHandler
                0x0000000008000f6c                DMA2_Stream3_IRQHandler
                0x0000000008000f6c                OCTOSPI2_IRQHandler
                0x0000000008000f6c                SAI2_IRQHandler
                0x0000000008000f6c                BDMA1_IRQHandler
                0x0000000008000f6c                DFSDM1_FLT3_IRQHandler
                0x0000000008000f6c                USART6_IRQHandler
                0x0000000008000f6c                TIM17_IRQHandler
                0x0000000008000f6c                USART3_IRQHandler
                0x0000000008000f6c                CRYP_IRQHandler
                0x0000000008000f6c                LPTIM5_IRQHandler
                0x0000000008000f6c                UART5_IRQHandler
                0x0000000008000f6c                DMA2_Stream0_IRQHandler
                0x0000000008000f6c                TIM4_IRQHandler
                0x0000000008000f6c                I2C1_EV_IRQHandler
                0x0000000008000f6c                DMA1_Stream6_IRQHandler
                0x0000000008000f6c                DMAMUX1_OVR_IRQHandler
                0x0000000008000f6c                DMA1_Stream1_IRQHandler
                0x0000000008000f6c                TIM16_IRQHandler
                0x0000000008000f6c                UART4_IRQHandler
                0x0000000008000f6c                TIM3_IRQHandler
                0x0000000008000f6c                RCC_IRQHandler
                0x0000000008000f6c                UART9_IRQHandler
                0x0000000008000f6c                TIM8_BRK_TIM12_IRQHandler
                0x0000000008000f6c                TIM1_TRG_COM_IRQHandler
                0x0000000008000f6c                Default_Handler
                0x0000000008000f6c                ECC_IRQHandler
                0x0000000008000f6c                BDMA2_Channel2_IRQHandler
                0x0000000008000f6c                CEC_IRQHandler
                0x0000000008000f6c                EXTI15_10_IRQHandler
                0x0000000008000f6c                DFSDM1_FLT4_IRQHandler
                0x0000000008000f6c                ADC_IRQHandler
                0x0000000008000f6c                OTFDEC1_IRQHandler
                0x0000000008000f6c                DMA1_Stream7_IRQHandler
                0x0000000008000f6c                SPI5_IRQHandler
                0x0000000008000f6c                TIM7_IRQHandler
                0x0000000008000f6c                SDMMC1_IRQHandler
                0x0000000008000f6c                TIM5_IRQHandler
                0x0000000008000f6c                DMA2_Stream7_IRQHandler
                0x0000000008000f6c                TIM15_IRQHandler
                0x0000000008000f6c                I2C3_EV_IRQHandler
                0x0000000008000f6c                DFSDM2_IRQHandler
                0x0000000008000f6c                EXTI9_5_IRQHandler
                0x0000000008000f6c                RTC_WKUP_IRQHandler
                0x0000000008000f6c                LTDC_IRQHandler
                0x0000000008000f6c                SPDIF_RX_IRQHandler
                0x0000000008000f6c                PVD_PVM_IRQHandler
                0x0000000008000f6c                SPI2_IRQHandler
                0x0000000008000f6c                OTG_HS_EP1_IN_IRQHandler
                0x0000000008000f6c                DFSDM1_FLT5_IRQHandler
                0x0000000008000f6c                DMA1_Stream0_IRQHandler
                0x0000000008000f6c                OTFDEC2_IRQHandler
                0x0000000008000f6c                CRS_IRQHandler
                0x0000000008000f6c                EXTI4_IRQHandler
                0x0000000008000f6c                DFSDM1_FLT6_IRQHandler
                0x0000000008000f6c                FDCAN2_IT1_IRQHandler
                0x0000000008000f6c                COMP_IRQHandler
                0x0000000008000f6c                TIM1_UP_IRQHandler
                0x0000000008000f6c                OTG_HS_EP1_OUT_IRQHandler
                0x0000000008000f6c                WWDG_IRQHandler
                0x0000000008000f6c                SPI6_IRQHandler
                0x0000000008000f6c                MDIOS_IRQHandler
                0x0000000008000f6c                I2C4_EV_IRQHandler
                0x0000000008000f6c                FDCAN2_IT0_IRQHandler
                0x0000000008000f6c                LPUART1_IRQHandler
                0x0000000008000f6c                FDCAN1_IT0_IRQHandler
                0x0000000008000f6c                TIM2_IRQHandler
                0x0000000008000f6c                BDMA2_Channel5_IRQHandler
                0x0000000008000f6c                DMA2D_IRQHandler
                0x0000000008000f6c                TIM1_BRK_IRQHandler
                0x0000000008000f6c                EXTI1_IRQHandler
                0x0000000008000f6c                SDMMC2_IRQHandler
                0x0000000008000f6c                DTS_IRQHandler
                0x0000000008000f6c                UART7_IRQHandler
                0x0000000008000f6c                MDIOS_WKUP_IRQHandler
                0x0000000008000f6c                USART2_IRQHandler
                0x0000000008000f6c                DFSDM1_FLT0_IRQHandler
                0x0000000008000f6c                I2C2_ER_IRQHandler
                0x0000000008000f6c                DMA2_Stream1_IRQHandler
                0x0000000008000f6c                DFSDM1_FLT7_IRQHandler
                0x0000000008000f6c                FLASH_IRQHandler
                0x0000000008000f6c                DMA2_Stream4_IRQHandler
                0x0000000008000f6c                USART1_IRQHandler
                0x0000000008000f6c                SPI3_IRQHandler
                0x0000000008000f6c                WAKEUP_PIN_IRQHandler
                0x0000000008000f6c                DMA1_Stream4_IRQHandler
                0x0000000008000f6c                I2C1_ER_IRQHandler
                0x0000000008000f6c                FMC_IRQHandler
                0x0000000008000f6c                BDMA2_Channel7_IRQHandler
                0x0000000008000f6c                FDCAN_CAL_IRQHandler
                0x0000000008000f6c                SWPMI1_IRQHandler
                0x0000000008000f6c                LPTIM1_IRQHandler
                0x0000000008000f6c                DCMI_PSSI_IRQHandler
                0x0000000008000f6c                I2C4_ER_IRQHandler
                0x0000000008000f6c                DMA2_Stream6_IRQHandler
                0x0000000008000f6c                SAI1_IRQHandler
                0x0000000008000f6c                DMA1_Stream3_IRQHandler
                0x0000000008000f6c                RTC_TAMP_STAMP_CSS_LSE_IRQHandler
                0x0000000008000f6c                BDMA2_Channel4_IRQHandler
 *fill*         0x0000000008000f6e        0x2 
 .text.HAL_Init
                0x0000000008000f70       0x78 ./Drivers/STM32H7xx_HAL_Driver/Src/stm32h7xx_hal.o
                0x0000000008000f70                HAL_Init
 .text.HAL_InitTick
                0x0000000008000fe8       0x6c ./Drivers/STM32H7xx_HAL_Driver/Src/stm32h7xx_hal.o
                0x0000000008000fe8                HAL_InitTick
 .text.HAL_IncTick
                0x0000000008001054       0x28 ./Drivers/STM32H7xx_HAL_Driver/Src/stm32h7xx_hal.o
                0x0000000008001054                HAL_IncTick
 .text.HAL_GetTick
                0x000000000800107c       0x18 ./Drivers/STM32H7xx_HAL_Driver/Src/stm32h7xx_hal.o
                0x000000000800107c                HAL_GetTick
 .text.HAL_Delay
                0x0000000008001094       0x48 ./Drivers/STM32H7xx_HAL_Driver/Src/stm32h7xx_hal.o
                0x0000000008001094                HAL_Delay
 .text.HAL_GetREVID
                0x00000000080010dc       0x18 ./Drivers/STM32H7xx_HAL_Driver/Src/stm32h7xx_hal.o
                0x00000000080010dc                HAL_GetREVID
 .text.__NVIC_SetPriorityGrouping
                0x00000000080010f4       0x48 ./Drivers/STM32H7xx_HAL_Driver/Src/stm32h7xx_hal_cortex.o
 .text.__NVIC_GetPriorityGrouping
                0x000000000800113c       0x1c ./Drivers/STM32H7xx_HAL_Driver/Src/stm32h7xx_hal_cortex.o
 .text.__NVIC_EnableIRQ
                0x0000000008001158       0x3c ./Drivers/STM32H7xx_HAL_Driver/Src/stm32h7xx_hal_cortex.o
 .text.__NVIC_SetPriority
                0x0000000008001194       0x54 ./Drivers/STM32H7xx_HAL_Driver/Src/stm32h7xx_hal_cortex.o
 .text.NVIC_EncodePriority
                0x00000000080011e8       0x66 ./Drivers/STM32H7xx_HAL_Driver/Src/stm32h7xx_hal_cortex.o
 *fill*         0x000000000800124e        0x2 
 .text.SysTick_Config
                0x0000000008001250       0x44 ./Drivers/STM32H7xx_HAL_Driver/Src/stm32h7xx_hal_cortex.o
 .text.HAL_NVIC_SetPriorityGrouping
                0x0000000008001294       0x16 ./Drivers/STM32H7xx_HAL_Driver/Src/stm32h7xx_hal_cortex.o
                0x0000000008001294                HAL_NVIC_SetPriorityGrouping
 .text.HAL_NVIC_SetPriority
                0x00000000080012aa       0x34 ./Drivers/STM32H7xx_HAL_Driver/Src/stm32h7xx_hal_cortex.o
                0x00000000080012aa                HAL_NVIC_SetPriority
 .text.HAL_NVIC_EnableIRQ
                0x00000000080012de       0x1c ./Drivers/STM32H7xx_HAL_Driver/Src/stm32h7xx_hal_cortex.o
                0x00000000080012de                HAL_NVIC_EnableIRQ
 .text.HAL_SYSTICK_Config
                0x00000000080012fa       0x18 ./Drivers/STM32H7xx_HAL_Driver/Src/stm32h7xx_hal_cortex.o
                0x00000000080012fa                HAL_SYSTICK_Config
 *fill*         0x0000000008001312        0x2 
 .text.HAL_GPIO_Init
                0x0000000008001314      0x360 ./Drivers/STM32H7xx_HAL_Driver/Src/stm32h7xx_hal_gpio.o
                0x0000000008001314                HAL_GPIO_Init
 .text.HAL_GPIO_WritePin
                0x0000000008001674       0x32 ./Drivers/STM32H7xx_HAL_Driver/Src/stm32h7xx_hal_gpio.o
                0x0000000008001674                HAL_GPIO_WritePin
 .text.HAL_PCD_Init
                0x00000000080016a6      0x218 ./Drivers/STM32H7xx_HAL_Driver/Src/stm32h7xx_hal_pcd.o
                0x00000000080016a6                HAL_PCD_Init
 .text.HAL_PCD_Start
                0x00000000080018be       0x6a ./Drivers/STM32H7xx_HAL_Driver/Src/stm32h7xx_hal_pcd.o
                0x00000000080018be                HAL_PCD_Start
 .text.HAL_PCD_IRQHandler
                0x0000000008001928      0x99c ./Drivers/STM32H7xx_HAL_Driver/Src/stm32h7xx_hal_pcd.o
                0x0000000008001928                HAL_PCD_IRQHandler
 .text.HAL_PCD_SetAddress
                0x00000000080022c4       0x48 ./Drivers/STM32H7xx_HAL_Driver/Src/stm32h7xx_hal_pcd.o
                0x00000000080022c4                HAL_PCD_SetAddress
 .text.HAL_PCD_EP_Open
                0x000000000800230c       0xd0 ./Drivers/STM32H7xx_HAL_Driver/Src/stm32h7xx_hal_pcd.o
                0x000000000800230c                HAL_PCD_EP_Open
 .text.HAL_PCD_EP_Close
                0x00000000080023dc       0x94 ./Drivers/STM32H7xx_HAL_Driver/Src/stm32h7xx_hal_pcd.o
                0x00000000080023dc                HAL_PCD_EP_Close
 .text.HAL_PCD_EP_Receive
                0x0000000008002470       0x76 ./Drivers/STM32H7xx_HAL_Driver/Src/stm32h7xx_hal_pcd.o
                0x0000000008002470                HAL_PCD_EP_Receive
 .text.HAL_PCD_EP_GetRxCount
                0x00000000080024e6       0x30 ./Drivers/STM32H7xx_HAL_Driver/Src/stm32h7xx_hal_pcd.o
                0x00000000080024e6                HAL_PCD_EP_GetRxCount
 .text.HAL_PCD_EP_Transmit
                0x0000000008002516       0x74 ./Drivers/STM32H7xx_HAL_Driver/Src/stm32h7xx_hal_pcd.o
                0x0000000008002516                HAL_PCD_EP_Transmit
 .text.HAL_PCD_EP_SetStall
                0x000000000800258a       0xc6 ./Drivers/STM32H7xx_HAL_Driver/Src/stm32h7xx_hal_pcd.o
                0x000000000800258a                HAL_PCD_EP_SetStall
 .text.HAL_PCD_EP_ClrStall
                0x0000000008002650       0xac ./Drivers/STM32H7xx_HAL_Driver/Src/stm32h7xx_hal_pcd.o
                0x0000000008002650                HAL_PCD_EP_ClrStall
 .text.HAL_PCD_EP_Abort
                0x00000000080026fc       0x62 ./Drivers/STM32H7xx_HAL_Driver/Src/stm32h7xx_hal_pcd.o
                0x00000000080026fc                HAL_PCD_EP_Abort
 .text.HAL_PCD_EP_Flush
                0x000000000800275e       0x5a ./Drivers/STM32H7xx_HAL_Driver/Src/stm32h7xx_hal_pcd.o
                0x000000000800275e                HAL_PCD_EP_Flush
 .text.PCD_WriteEmptyTxFifo
                0x00000000080027b8      0x118 ./Drivers/STM32H7xx_HAL_Driver/Src/stm32h7xx_hal_pcd.o
 .text.PCD_EP_OutXfrComplete_int
                0x00000000080028d0      0x1d0 ./Drivers/STM32H7xx_HAL_Driver/Src/stm32h7xx_hal_pcd.o
 .text.PCD_EP_OutSetupPacket_int
                0x0000000008002aa0       0x8c ./Drivers/STM32H7xx_HAL_Driver/Src/stm32h7xx_hal_pcd.o
 .text.HAL_PCDEx_SetTxFiFo
                0x0000000008002b2c       0x8e ./Drivers/STM32H7xx_HAL_Driver/Src/stm32h7xx_hal_pcd_ex.o
                0x0000000008002b2c                HAL_PCDEx_SetTxFiFo
 .text.HAL_PCDEx_SetRxFiFo
                0x0000000008002bba       0x22 ./Drivers/STM32H7xx_HAL_Driver/Src/stm32h7xx_hal_pcd_ex.o
                0x0000000008002bba                HAL_PCDEx_SetRxFiFo
 .text.HAL_PCDEx_ActivateLPM
                0x0000000008002bdc       0x48 ./Drivers/STM32H7xx_HAL_Driver/Src/stm32h7xx_hal_pcd_ex.o
                0x0000000008002bdc                HAL_PCDEx_ActivateLPM
 .text.HAL_PCDEx_LPM_Callback
                0x0000000008002c24       0x18 ./Drivers/STM32H7xx_HAL_Driver/Src/stm32h7xx_hal_pcd_ex.o
                0x0000000008002c24                HAL_PCDEx_LPM_Callback
 .text.HAL_PWREx_ConfigSupply
                0x0000000008002c3c       0xb4 ./Drivers/STM32H7xx_HAL_Driver/Src/stm32h7xx_hal_pwr_ex.o
                0x0000000008002c3c                HAL_PWREx_ConfigSupply
 .text.HAL_PWREx_EnableUSBVoltageDetector
                0x0000000008002cf0       0x20 ./Drivers/STM32H7xx_HAL_Driver/Src/stm32h7xx_hal_pwr_ex.o
                0x0000000008002cf0                HAL_PWREx_EnableUSBVoltageDetector
 .text.HAL_RCC_OscConfig
                0x0000000008002d10      0x864 ./Drivers/STM32H7xx_HAL_Driver/Src/stm32h7xx_hal_rcc.o
                0x0000000008002d10                HAL_RCC_OscConfig
 .text.HAL_RCC_ClockConfig
                0x0000000008003574      0x36c ./Drivers/STM32H7xx_HAL_Driver/Src/stm32h7xx_hal_rcc.o
                0x0000000008003574                HAL_RCC_ClockConfig
 .text.HAL_RCC_MCOConfig
                0x00000000080038e0       0xd4 ./Drivers/STM32H7xx_HAL_Driver/Src/stm32h7xx_hal_rcc.o
                0x00000000080038e0                HAL_RCC_MCOConfig
 .text.HAL_RCC_GetSysClockFreq
                0x00000000080039b4      0x2f4 ./Drivers/STM32H7xx_HAL_Driver/Src/stm32h7xx_hal_rcc.o
                0x00000000080039b4                HAL_RCC_GetSysClockFreq
 .text.HAL_RCC_GetHCLKFreq
                0x0000000008003ca8       0x60 ./Drivers/STM32H7xx_HAL_Driver/Src/stm32h7xx_hal_rcc.o
                0x0000000008003ca8                HAL_RCC_GetHCLKFreq
 .text.HAL_RCC_GetPCLK1Freq
                0x0000000008003d08       0x2c ./Drivers/STM32H7xx_HAL_Driver/Src/stm32h7xx_hal_rcc.o
                0x0000000008003d08                HAL_RCC_GetPCLK1Freq
 .text.HAL_RCCEx_PeriphCLKConfig
                0x0000000008003d34     0x137c ./Drivers/STM32H7xx_HAL_Driver/Src/stm32h7xx_hal_rcc_ex.o
                0x0000000008003d34                HAL_RCCEx_PeriphCLKConfig
 .text.HAL_RCCEx_GetPeriphCLKFreq
                0x00000000080050b0      0x9b0 ./Drivers/STM32H7xx_HAL_Driver/Src/stm32h7xx_hal_rcc_ex.o
                0x00000000080050b0                HAL_RCCEx_GetPeriphCLKFreq
 .text.HAL_RCCEx_GetD3PCLK1Freq
                0x0000000008005a60       0x2c ./Drivers/STM32H7xx_HAL_Driver/Src/stm32h7xx_hal_rcc_ex.o
                0x0000000008005a60                HAL_RCCEx_GetD3PCLK1Freq
 .text.HAL_RCCEx_GetPLL2ClockFreq
                0x0000000008005a8c      0x2a8 ./Drivers/STM32H7xx_HAL_Driver/Src/stm32h7xx_hal_rcc_ex.o
                0x0000000008005a8c                HAL_RCCEx_GetPLL2ClockFreq
 .text.HAL_RCCEx_GetPLL3ClockFreq
                0x0000000008005d34      0x2a8 ./Drivers/STM32H7xx_HAL_Driver/Src/stm32h7xx_hal_rcc_ex.o
                0x0000000008005d34                HAL_RCCEx_GetPLL3ClockFreq
 .text.HAL_RCCEx_GetPLL1ClockFreq
                0x0000000008005fdc      0x2a4 ./Drivers/STM32H7xx_HAL_Driver/Src/stm32h7xx_hal_rcc_ex.o
                0x0000000008005fdc                HAL_RCCEx_GetPLL1ClockFreq
 .text.HAL_RCCEx_CRSConfig
                0x0000000008006280       0xac ./Drivers/STM32H7xx_HAL_Driver/Src/stm32h7xx_hal_rcc_ex.o
                0x0000000008006280                HAL_RCCEx_CRSConfig
 .text.RCCEx_PLL2_Config
                0x000000000800632c      0x164 ./Drivers/STM32H7xx_HAL_Driver/Src/stm32h7xx_hal_rcc_ex.o
 .text.RCCEx_PLL3_Config
                0x0000000008006490      0x164 ./Drivers/STM32H7xx_HAL_Driver/Src/stm32h7xx_hal_rcc_ex.o
 .text.HAL_SD_Init
                0x00000000080065f4      0x106 ./Drivers/STM32H7xx_HAL_Driver/Src/stm32h7xx_hal_sd.o
                0x00000000080065f4                HAL_SD_Init
 *fill*         0x00000000080066fa        0x2 
 .text.HAL_SD_InitCard
                0x00000000080066fc      0x138 ./Drivers/STM32H7xx_HAL_Driver/Src/stm32h7xx_hal_sd.o
                0x00000000080066fc                HAL_SD_InitCard
 .text.HAL_SD_ReadBlocks
                0x0000000008006834      0x314 ./Drivers/STM32H7xx_HAL_Driver/Src/stm32h7xx_hal_sd.o
                0x0000000008006834                HAL_SD_ReadBlocks
 .text.HAL_SD_WriteBlocks
                0x0000000008006b48      0x31c ./Drivers/STM32H7xx_HAL_Driver/Src/stm32h7xx_hal_sd.o
                0x0000000008006b48                HAL_SD_WriteBlocks
 .text.HAL_SD_GetCardCSD
                0x0000000008006e64      0x348 ./Drivers/STM32H7xx_HAL_Driver/Src/stm32h7xx_hal_sd.o
                0x0000000008006e64                HAL_SD_GetCardCSD
 .text.HAL_SD_GetCardStatus
                0x00000000080071ac      0x17c ./Drivers/STM32H7xx_HAL_Driver/Src/stm32h7xx_hal_sd.o
                0x00000000080071ac                HAL_SD_GetCardStatus
 .text.HAL_SD_GetCardInfo
                0x0000000008007328       0x58 ./Drivers/STM32H7xx_HAL_Driver/Src/stm32h7xx_hal_sd.o
                0x0000000008007328                HAL_SD_GetCardInfo
 .text.HAL_SD_ConfigWideBusOperation
                0x0000000008007380      0x224 ./Drivers/STM32H7xx_HAL_Driver/Src/stm32h7xx_hal_sd.o
                0x0000000008007380                HAL_SD_ConfigWideBusOperation
 .text.HAL_SD_GetCardState
                0x00000000080075a4       0x40 ./Drivers/STM32H7xx_HAL_Driver/Src/stm32h7xx_hal_sd.o
                0x00000000080075a4                HAL_SD_GetCardState
 .text.SD_InitCard
                0x00000000080075e4      0x19c ./Drivers/STM32H7xx_HAL_Driver/Src/stm32h7xx_hal_sd.o
 .text.SD_PowerON
                0x0000000008007780      0x11c ./Drivers/STM32H7xx_HAL_Driver/Src/stm32h7xx_hal_sd.o
 .text.SD_SendSDStatus
                0x000000000800789c      0x1a0 ./Drivers/STM32H7xx_HAL_Driver/Src/stm32h7xx_hal_sd.o
 .text.SD_SendStatus
                0x0000000008007a3c       0x50 ./Drivers/STM32H7xx_HAL_Driver/Src/stm32h7xx_hal_sd.o
 .text.SD_WideBus_Enable
                0x0000000008007a8c       0x96 ./Drivers/STM32H7xx_HAL_Driver/Src/stm32h7xx_hal_sd.o
 .text.SD_WideBus_Disable
                0x0000000008007b22       0x96 ./Drivers/STM32H7xx_HAL_Driver/Src/stm32h7xx_hal_sd.o
 .text.SD_FindSCR
                0x0000000008007bb8      0x1a0 ./Drivers/STM32H7xx_HAL_Driver/Src/stm32h7xx_hal_sd.o
 .text.SDMMC_Init
                0x0000000008007d58       0x54 ./Drivers/STM32H7xx_HAL_Driver/Src/stm32h7xx_ll_sdmmc.o
                0x0000000008007d58                SDMMC_Init
 .text.SDMMC_ReadFIFO
                0x0000000008007dac       0x1a ./Drivers/STM32H7xx_HAL_Driver/Src/stm32h7xx_ll_sdmmc.o
                0x0000000008007dac                SDMMC_ReadFIFO
 .text.SDMMC_WriteFIFO
                0x0000000008007dc6       0x22 ./Drivers/STM32H7xx_HAL_Driver/Src/stm32h7xx_ll_sdmmc.o
                0x0000000008007dc6                SDMMC_WriteFIFO
 .text.SDMMC_PowerState_ON
                0x0000000008007de8       0x22 ./Drivers/STM32H7xx_HAL_Driver/Src/stm32h7xx_ll_sdmmc.o
                0x0000000008007de8                SDMMC_PowerState_ON
 .text.SDMMC_GetPowerState
                0x0000000008007e0a       0x1c ./Drivers/STM32H7xx_HAL_Driver/Src/stm32h7xx_ll_sdmmc.o
                0x0000000008007e0a                SDMMC_GetPowerState
 *fill*         0x0000000008007e26        0x2 
 .text.SDMMC_SendCommand
                0x0000000008007e28       0x54 ./Drivers/STM32H7xx_HAL_Driver/Src/stm32h7xx_ll_sdmmc.o
                0x0000000008007e28                SDMMC_SendCommand
 .text.SDMMC_GetCommandResponse
                0x0000000008007e7c       0x1a ./Drivers/STM32H7xx_HAL_Driver/Src/stm32h7xx_ll_sdmmc.o
                0x0000000008007e7c                SDMMC_GetCommandResponse
 .text.SDMMC_GetResponse
                0x0000000008007e96       0x26 ./Drivers/STM32H7xx_HAL_Driver/Src/stm32h7xx_ll_sdmmc.o
                0x0000000008007e96                SDMMC_GetResponse
 .text.SDMMC_ConfigData
                0x0000000008007ebc       0x58 ./Drivers/STM32H7xx_HAL_Driver/Src/stm32h7xx_ll_sdmmc.o
                0x0000000008007ebc                SDMMC_ConfigData
 .text.SDMMC_CmdBlockLength
                0x0000000008007f14       0x46 ./Drivers/STM32H7xx_HAL_Driver/Src/stm32h7xx_ll_sdmmc.o
                0x0000000008007f14                SDMMC_CmdBlockLength
 .text.SDMMC_CmdReadSingleBlock
                0x0000000008007f5a       0x46 ./Drivers/STM32H7xx_HAL_Driver/Src/stm32h7xx_ll_sdmmc.o
                0x0000000008007f5a                SDMMC_CmdReadSingleBlock
 .text.SDMMC_CmdReadMultiBlock
                0x0000000008007fa0       0x46 ./Drivers/STM32H7xx_HAL_Driver/Src/stm32h7xx_ll_sdmmc.o
                0x0000000008007fa0                SDMMC_CmdReadMultiBlock
 .text.SDMMC_CmdWriteSingleBlock
                0x0000000008007fe6       0x46 ./Drivers/STM32H7xx_HAL_Driver/Src/stm32h7xx_ll_sdmmc.o
                0x0000000008007fe6                SDMMC_CmdWriteSingleBlock
 .text.SDMMC_CmdWriteMultiBlock
                0x000000000800802c       0x46 ./Drivers/STM32H7xx_HAL_Driver/Src/stm32h7xx_ll_sdmmc.o
                0x000000000800802c                SDMMC_CmdWriteMultiBlock
 *fill*         0x0000000008008072        0x2 
 .text.SDMMC_CmdStopTransfer
                0x0000000008008074       0x78 ./Drivers/STM32H7xx_HAL_Driver/Src/stm32h7xx_ll_sdmmc.o
                0x0000000008008074                SDMMC_CmdStopTransfer
 .text.SDMMC_CmdSelDesel
                0x00000000080080ec       0x46 ./Drivers/STM32H7xx_HAL_Driver/Src/stm32h7xx_ll_sdmmc.o
                0x00000000080080ec                SDMMC_CmdSelDesel
 .text.SDMMC_CmdGoIdleState
                0x0000000008008132       0x3c ./Drivers/STM32H7xx_HAL_Driver/Src/stm32h7xx_ll_sdmmc.o
                0x0000000008008132                SDMMC_CmdGoIdleState
 .text.SDMMC_CmdOperCond
                0x000000000800816e       0x40 ./Drivers/STM32H7xx_HAL_Driver/Src/stm32h7xx_ll_sdmmc.o
                0x000000000800816e                SDMMC_CmdOperCond
 .text.SDMMC_CmdAppCommand
                0x00000000080081ae       0x46 ./Drivers/STM32H7xx_HAL_Driver/Src/stm32h7xx_ll_sdmmc.o
                0x00000000080081ae                SDMMC_CmdAppCommand
 .text.SDMMC_CmdAppOperCommand
                0x00000000080081f4       0x40 ./Drivers/STM32H7xx_HAL_Driver/Src/stm32h7xx_ll_sdmmc.o
                0x00000000080081f4                SDMMC_CmdAppOperCommand
 .text.SDMMC_CmdBusWidth
                0x0000000008008234       0x46 ./Drivers/STM32H7xx_HAL_Driver/Src/stm32h7xx_ll_sdmmc.o
                0x0000000008008234                SDMMC_CmdBusWidth
 .text.SDMMC_CmdSendSCR
                0x000000000800827a       0x44 ./Drivers/STM32H7xx_HAL_Driver/Src/stm32h7xx_ll_sdmmc.o
                0x000000000800827a                SDMMC_CmdSendSCR
 .text.SDMMC_CmdSendCID
                0x00000000080082be       0x3e ./Drivers/STM32H7xx_HAL_Driver/Src/stm32h7xx_ll_sdmmc.o
                0x00000000080082be                SDMMC_CmdSendCID
 .text.SDMMC_CmdSendCSD
                0x00000000080082fc       0x40 ./Drivers/STM32H7xx_HAL_Driver/Src/stm32h7xx_ll_sdmmc.o
                0x00000000080082fc                SDMMC_CmdSendCSD
 .text.SDMMC_CmdSetRelAdd
                0x000000000800833c       0x44 ./Drivers/STM32H7xx_HAL_Driver/Src/stm32h7xx_ll_sdmmc.o
                0x000000000800833c                SDMMC_CmdSetRelAdd
 .text.SDMMC_CmdSendStatus
                0x0000000008008380       0x46 ./Drivers/STM32H7xx_HAL_Driver/Src/stm32h7xx_ll_sdmmc.o
                0x0000000008008380                SDMMC_CmdSendStatus
 .text.SDMMC_CmdStatusRegister
                0x00000000080083c6       0x44 ./Drivers/STM32H7xx_HAL_Driver/Src/stm32h7xx_ll_sdmmc.o
                0x00000000080083c6                SDMMC_CmdStatusRegister
 *fill*         0x000000000800840a        0x2 
 .text.SDMMC_GetCmdResp1
                0x000000000800840c      0x1e4 ./Drivers/STM32H7xx_HAL_Driver/Src/stm32h7xx_ll_sdmmc.o
                0x000000000800840c                SDMMC_GetCmdResp1
 .text.SDMMC_GetCmdResp2
                0x00000000080085f0       0x94 ./Drivers/STM32H7xx_HAL_Driver/Src/stm32h7xx_ll_sdmmc.o
                0x00000000080085f0                SDMMC_GetCmdResp2
 .text.SDMMC_GetCmdResp3
                0x0000000008008684       0x80 ./Drivers/STM32H7xx_HAL_Driver/Src/stm32h7xx_ll_sdmmc.o
                0x0000000008008684                SDMMC_GetCmdResp3
 .text.SDMMC_GetCmdResp6
                0x0000000008008704       0xf0 ./Drivers/STM32H7xx_HAL_Driver/Src/stm32h7xx_ll_sdmmc.o
                0x0000000008008704                SDMMC_GetCmdResp6
 .text.SDMMC_GetCmdResp7
                0x00000000080087f4       0x9c ./Drivers/STM32H7xx_HAL_Driver/Src/stm32h7xx_ll_sdmmc.o
                0x00000000080087f4                SDMMC_GetCmdResp7
 .text.SDMMC_GetCmdError
                0x0000000008008890       0x5c ./Drivers/STM32H7xx_HAL_Driver/Src/stm32h7xx_ll_sdmmc.o
 .text.USB_CoreInit
                0x00000000080088ec       0xe4 ./Drivers/STM32H7xx_HAL_Driver/Src/stm32h7xx_ll_usb.o
                0x00000000080088ec                USB_CoreInit
 .text.USB_SetTurnaroundTime
                0x00000000080089d0      0x144 ./Drivers/STM32H7xx_HAL_Driver/Src/stm32h7xx_ll_usb.o
                0x00000000080089d0                USB_SetTurnaroundTime
 .text.USB_EnableGlobalInt
                0x0000000008008b14       0x22 ./Drivers/STM32H7xx_HAL_Driver/Src/stm32h7xx_ll_usb.o
                0x0000000008008b14                USB_EnableGlobalInt
 .text.USB_DisableGlobalInt
                0x0000000008008b36       0x22 ./Drivers/STM32H7xx_HAL_Driver/Src/stm32h7xx_ll_usb.o
                0x0000000008008b36                USB_DisableGlobalInt
 .text.USB_SetCurrentMode
                0x0000000008008b58       0x98 ./Drivers/STM32H7xx_HAL_Driver/Src/stm32h7xx_ll_usb.o
                0x0000000008008b58                USB_SetCurrentMode
 .text.USB_DevInit
                0x0000000008008bf0      0x2bc ./Drivers/STM32H7xx_HAL_Driver/Src/stm32h7xx_ll_usb.o
                0x0000000008008bf0                USB_DevInit
 .text.USB_FlushTxFifo
                0x0000000008008eac       0x64 ./Drivers/STM32H7xx_HAL_Driver/Src/stm32h7xx_ll_usb.o
                0x0000000008008eac                USB_FlushTxFifo
 .text.USB_FlushRxFifo
                0x0000000008008f10       0x5c ./Drivers/STM32H7xx_HAL_Driver/Src/stm32h7xx_ll_usb.o
                0x0000000008008f10                USB_FlushRxFifo
 .text.USB_SetDevSpeed
                0x0000000008008f6c       0x32 ./Drivers/STM32H7xx_HAL_Driver/Src/stm32h7xx_ll_usb.o
                0x0000000008008f6c                USB_SetDevSpeed
 .text.USB_GetDevSpeed
                0x0000000008008f9e       0x4a ./Drivers/STM32H7xx_HAL_Driver/Src/stm32h7xx_ll_usb.o
                0x0000000008008f9e                USB_GetDevSpeed
 .text.USB_ActivateEndpoint
                0x0000000008008fe8      0x110 ./Drivers/STM32H7xx_HAL_Driver/Src/stm32h7xx_ll_usb.o
                0x0000000008008fe8                USB_ActivateEndpoint
 .text.USB_DeactivateEndpoint
                0x00000000080090f8      0x1b8 ./Drivers/STM32H7xx_HAL_Driver/Src/stm32h7xx_ll_usb.o
                0x00000000080090f8                USB_DeactivateEndpoint
 .text.USB_EPStartXfer
                0x00000000080092b0      0x540 ./Drivers/STM32H7xx_HAL_Driver/Src/stm32h7xx_ll_usb.o
                0x00000000080092b0                USB_EPStartXfer
 .text.USB_EPStopXfer
                0x00000000080097f0      0x154 ./Drivers/STM32H7xx_HAL_Driver/Src/stm32h7xx_ll_usb.o
                0x00000000080097f0                USB_EPStopXfer
 .text.USB_WritePacket
                0x0000000008009944       0x7c ./Drivers/STM32H7xx_HAL_Driver/Src/stm32h7xx_ll_usb.o
                0x0000000008009944                USB_WritePacket
 .text.USB_ReadPacket
                0x00000000080099c0       0xb0 ./Drivers/STM32H7xx_HAL_Driver/Src/stm32h7xx_ll_usb.o
                0x00000000080099c0                USB_ReadPacket
 .text.USB_EPSetStall
                0x0000000008009a70       0xdc ./Drivers/STM32H7xx_HAL_Driver/Src/stm32h7xx_ll_usb.o
                0x0000000008009a70                USB_EPSetStall
 .text.USB_EPClearStall
                0x0000000008009b4c       0xcc ./Drivers/STM32H7xx_HAL_Driver/Src/stm32h7xx_ll_usb.o
                0x0000000008009b4c                USB_EPClearStall
 .text.USB_SetDevAddress
                0x0000000008009c18       0x4c ./Drivers/STM32H7xx_HAL_Driver/Src/stm32h7xx_ll_usb.o
                0x0000000008009c18                USB_SetDevAddress
 .text.USB_DevConnect
                0x0000000008009c64       0x42 ./Drivers/STM32H7xx_HAL_Driver/Src/stm32h7xx_ll_usb.o
                0x0000000008009c64                USB_DevConnect
 .text.USB_DevDisconnect
                0x0000000008009ca6       0x42 ./Drivers/STM32H7xx_HAL_Driver/Src/stm32h7xx_ll_usb.o
                0x0000000008009ca6                USB_DevDisconnect
 .text.USB_ReadInterrupts
                0x0000000008009ce8       0x26 ./Drivers/STM32H7xx_HAL_Driver/Src/stm32h7xx_ll_usb.o
                0x0000000008009ce8                USB_ReadInterrupts
 .text.USB_ReadDevAllOutEpInterrupt
                0x0000000008009d0e       0x34 ./Drivers/STM32H7xx_HAL_Driver/Src/stm32h7xx_ll_usb.o
                0x0000000008009d0e                USB_ReadDevAllOutEpInterrupt
 .text.USB_ReadDevAllInEpInterrupt
                0x0000000008009d42       0x34 ./Drivers/STM32H7xx_HAL_Driver/Src/stm32h7xx_ll_usb.o
                0x0000000008009d42                USB_ReadDevAllInEpInterrupt
 .text.USB_ReadDevOutEPInterrupt
                0x0000000008009d76       0x3c ./Drivers/STM32H7xx_HAL_Driver/Src/stm32h7xx_ll_usb.o
                0x0000000008009d76                USB_ReadDevOutEPInterrupt
 .text.USB_ReadDevInEPInterrupt
                0x0000000008009db2       0x5c ./Drivers/STM32H7xx_HAL_Driver/Src/stm32h7xx_ll_usb.o
                0x0000000008009db2                USB_ReadDevInEPInterrupt
 .text.USB_GetMode
                0x0000000008009e0e       0x1c ./Drivers/STM32H7xx_HAL_Driver/Src/stm32h7xx_ll_usb.o
                0x0000000008009e0e                USB_GetMode
 *fill*         0x0000000008009e2a        0x2 
 .text.USB_ActivateSetup
                0x0000000008009e2c       0x48 ./Drivers/STM32H7xx_HAL_Driver/Src/stm32h7xx_ll_usb.o
                0x0000000008009e2c                USB_ActivateSetup
 .text.USB_EP0_OutStart
                0x0000000008009e74       0xbc ./Drivers/STM32H7xx_HAL_Driver/Src/stm32h7xx_ll_usb.o
                0x0000000008009e74                USB_EP0_OutStart
 .text.USB_CoreReset
                0x0000000008009f30       0x62 ./Drivers/STM32H7xx_HAL_Driver/Src/stm32h7xx_ll_usb.o
 *fill*         0x0000000008009f92        0x2 
 .text.USBD_MSC_Init
                0x0000000008009f94      0x120 ./Middlewares/ST/STM32_USB_Device_Library/Class/MSC/Src/usbd_msc.o
                0x0000000008009f94                USBD_MSC_Init
 .text.USBD_MSC_DeInit
                0x000000000800a0b4       0xb0 ./Middlewares/ST/STM32_USB_Device_Library/Class/MSC/Src/usbd_msc.o
                0x000000000800a0b4                USBD_MSC_DeInit
 .text.USBD_MSC_Setup
                0x000000000800a164      0x1f8 ./Middlewares/ST/STM32_USB_Device_Library/Class/MSC/Src/usbd_msc.o
                0x000000000800a164                USBD_MSC_Setup
 .text.USBD_MSC_DataIn
                0x000000000800a35c       0x20 ./Middlewares/ST/STM32_USB_Device_Library/Class/MSC/Src/usbd_msc.o
                0x000000000800a35c                USBD_MSC_DataIn
 .text.USBD_MSC_DataOut
                0x000000000800a37c       0x20 ./Middlewares/ST/STM32_USB_Device_Library/Class/MSC/Src/usbd_msc.o
                0x000000000800a37c                USBD_MSC_DataOut
 .text.USBD_MSC_GetHSCfgDesc
                0x000000000800a39c       0x58 ./Middlewares/ST/STM32_USB_Device_Library/Class/MSC/Src/usbd_msc.o
                0x000000000800a39c                USBD_MSC_GetHSCfgDesc
 .text.USBD_MSC_GetFSCfgDesc
                0x000000000800a3f4       0x58 ./Middlewares/ST/STM32_USB_Device_Library/Class/MSC/Src/usbd_msc.o
                0x000000000800a3f4                USBD_MSC_GetFSCfgDesc
 .text.USBD_MSC_GetOtherSpeedCfgDesc
                0x000000000800a44c       0x58 ./Middlewares/ST/STM32_USB_Device_Library/Class/MSC/Src/usbd_msc.o
                0x000000000800a44c                USBD_MSC_GetOtherSpeedCfgDesc
 .text.USBD_MSC_GetDeviceQualifierDescriptor
                0x000000000800a4a4       0x20 ./Middlewares/ST/STM32_USB_Device_Library/Class/MSC/Src/usbd_msc.o
                0x000000000800a4a4                USBD_MSC_GetDeviceQualifierDescriptor
 .text.USBD_MSC_RegisterStorage
                0x000000000800a4c4       0x34 ./Middlewares/ST/STM32_USB_Device_Library/Class/MSC/Src/usbd_msc.o
                0x000000000800a4c4                USBD_MSC_RegisterStorage
 .text.MSC_BOT_Init
                0x000000000800a4f8       0x94 ./Middlewares/ST/STM32_USB_Device_Library/Class/MSC/Src/usbd_msc_bot.o
                0x000000000800a4f8                MSC_BOT_Init
 .text.MSC_BOT_Reset
                0x000000000800a58c       0x68 ./Middlewares/ST/STM32_USB_Device_Library/Class/MSC/Src/usbd_msc_bot.o
                0x000000000800a58c                MSC_BOT_Reset
 .text.MSC_BOT_DeInit
                0x000000000800a5f4       0x30 ./Middlewares/ST/STM32_USB_Device_Library/Class/MSC/Src/usbd_msc_bot.o
                0x000000000800a5f4                MSC_BOT_DeInit
 .text.MSC_BOT_DataIn
                0x000000000800a624       0x74 ./Middlewares/ST/STM32_USB_Device_Library/Class/MSC/Src/usbd_msc_bot.o
                0x000000000800a624                MSC_BOT_DataIn
 .text.MSC_BOT_DataOut
                0x000000000800a698       0x68 ./Middlewares/ST/STM32_USB_Device_Library/Class/MSC/Src/usbd_msc_bot.o
                0x000000000800a698                MSC_BOT_DataOut
 .text.MSC_BOT_CBW_Decode
                0x000000000800a700      0x128 ./Middlewares/ST/STM32_USB_Device_Library/Class/MSC/Src/usbd_msc_bot.o
 .text.MSC_BOT_SendData
                0x000000000800a828       0x6c ./Middlewares/ST/STM32_USB_Device_Library/Class/MSC/Src/usbd_msc_bot.o
 .text.MSC_BOT_SendCSW
                0x000000000800a894       0x74 ./Middlewares/ST/STM32_USB_Device_Library/Class/MSC/Src/usbd_msc_bot.o
                0x000000000800a894                MSC_BOT_SendCSW
 .text.MSC_BOT_Abort
                0x000000000800a908       0x84 ./Middlewares/ST/STM32_USB_Device_Library/Class/MSC/Src/usbd_msc_bot.o
 .text.MSC_BOT_CplClrFeature
                0x000000000800a98c       0x74 ./Middlewares/ST/STM32_USB_Device_Library/Class/MSC/Src/usbd_msc_bot.o
                0x000000000800a98c                MSC_BOT_CplClrFeature
 .text.SCSI_ProcessCmd
                0x000000000800aa00      0x304 ./Middlewares/ST/STM32_USB_Device_Library/Class/MSC/Src/usbd_msc_scsi.o
                0x000000000800aa00                SCSI_ProcessCmd
 .text.SCSI_TestUnitReady
                0x000000000800ad04       0xb2 ./Middlewares/ST/STM32_USB_Device_Library/Class/MSC/Src/usbd_msc_scsi.o
 *fill*         0x000000000800adb6        0x2 
 .text.SCSI_Inquiry
                0x000000000800adb8       0xfc ./Middlewares/ST/STM32_USB_Device_Library/Class/MSC/Src/usbd_msc_scsi.o
 .text.SCSI_ReadCapacity10
                0x000000000800aeb4       0xfc ./Middlewares/ST/STM32_USB_Device_Library/Class/MSC/Src/usbd_msc_scsi.o
 .text.SCSI_ReadCapacity16
                0x000000000800afb0      0x168 ./Middlewares/ST/STM32_USB_Device_Library/Class/MSC/Src/usbd_msc_scsi.o
 .text.SCSI_ReadFormatCapacity
                0x000000000800b118       0xf6 ./Middlewares/ST/STM32_USB_Device_Library/Class/MSC/Src/usbd_msc_scsi.o
 *fill*         0x000000000800b20e        0x2 
 .text.SCSI_ModeSense6
                0x000000000800b210       0x8c ./Middlewares/ST/STM32_USB_Device_Library/Class/MSC/Src/usbd_msc_scsi.o
 .text.SCSI_ModeSense10
                0x000000000800b29c       0x8c ./Middlewares/ST/STM32_USB_Device_Library/Class/MSC/Src/usbd_msc_scsi.o
 .text.SCSI_RequestSense
                0x000000000800b328      0x106 ./Middlewares/ST/STM32_USB_Device_Library/Class/MSC/Src/usbd_msc_scsi.o
 .text.SCSI_SenseCode
                0x000000000800b42e       0x96 ./Middlewares/ST/STM32_USB_Device_Library/Class/MSC/Src/usbd_msc_scsi.o
                0x000000000800b42e                SCSI_SenseCode
 .text.SCSI_StartStopUnit
                0x000000000800b4c4       0xaa ./Middlewares/ST/STM32_USB_Device_Library/Class/MSC/Src/usbd_msc_scsi.o
 .text.SCSI_AllowPreventRemovable
                0x000000000800b56e       0x5a ./Middlewares/ST/STM32_USB_Device_Library/Class/MSC/Src/usbd_msc_scsi.o
 .text.SCSI_Read10
                0x000000000800b5c8      0x154 ./Middlewares/ST/STM32_USB_Device_Library/Class/MSC/Src/usbd_msc_scsi.o
 .text.SCSI_Read12
                0x000000000800b71c      0x168 ./Middlewares/ST/STM32_USB_Device_Library/Class/MSC/Src/usbd_msc_scsi.o
 .text.SCSI_Write10
                0x000000000800b884      0x1ac ./Middlewares/ST/STM32_USB_Device_Library/Class/MSC/Src/usbd_msc_scsi.o
 .text.SCSI_Write12
                0x000000000800ba30      0x1cc ./Middlewares/ST/STM32_USB_Device_Library/Class/MSC/Src/usbd_msc_scsi.o
 .text.SCSI_Verify10
                0x000000000800bbfc       0x7a ./Middlewares/ST/STM32_USB_Device_Library/Class/MSC/Src/usbd_msc_scsi.o
 .text.SCSI_CheckAddressRange
                0x000000000800bc76       0x58 ./Middlewares/ST/STM32_USB_Device_Library/Class/MSC/Src/usbd_msc_scsi.o
 *fill*         0x000000000800bcce        0x2 
 .text.SCSI_ProcessRead
                0x000000000800bcd0      0x10c ./Middlewares/ST/STM32_USB_Device_Library/Class/MSC/Src/usbd_msc_scsi.o
 .text.SCSI_ProcessWrite
                0x000000000800bddc      0x12c ./Middlewares/ST/STM32_USB_Device_Library/Class/MSC/Src/usbd_msc_scsi.o
 .text.SCSI_UpdateBotData
                0x000000000800bf08       0x52 ./Middlewares/ST/STM32_USB_Device_Library/Class/MSC/Src/usbd_msc_scsi.o
 *fill*         0x000000000800bf5a        0x2 
 .text.USBD_Init
                0x000000000800bf5c       0x7c ./Middlewares/ST/STM32_USB_Device_Library/Core/Src/usbd_core.o
                0x000000000800bf5c                USBD_Init
 .text.USBD_RegisterClass
                0x000000000800bfd8       0x88 ./Middlewares/ST/STM32_USB_Device_Library/Core/Src/usbd_core.o
                0x000000000800bfd8                USBD_RegisterClass
 .text.USBD_Start
                0x000000000800c060       0x18 ./Middlewares/ST/STM32_USB_Device_Library/Core/Src/usbd_core.o
                0x000000000800c060                USBD_Start
 .text.USBD_RunTestMode
                0x000000000800c078       0x16 ./Middlewares/ST/STM32_USB_Device_Library/Core/Src/usbd_core.o
                0x000000000800c078                USBD_RunTestMode
 .text.USBD_SetClassConfig
                0x000000000800c08e       0x38 ./Middlewares/ST/STM32_USB_Device_Library/Core/Src/usbd_core.o
                0x000000000800c08e                USBD_SetClassConfig
 .text.USBD_ClrClassConfig
                0x000000000800c0c6       0x34 ./Middlewares/ST/STM32_USB_Device_Library/Core/Src/usbd_core.o
                0x000000000800c0c6                USBD_ClrClassConfig
 .text.USBD_LL_SetupStage
                0x000000000800c0fa       0xaa ./Middlewares/ST/STM32_USB_Device_Library/Core/Src/usbd_core.o
                0x000000000800c0fa                USBD_LL_SetupStage
 .text.USBD_LL_DataOutStage
                0x000000000800c1a4      0x166 ./Middlewares/ST/STM32_USB_Device_Library/Core/Src/usbd_core.o
                0x000000000800c1a4                USBD_LL_DataOutStage
 .text.USBD_LL_DataInStage
                0x000000000800c30a      0x164 ./Middlewares/ST/STM32_USB_Device_Library/Core/Src/usbd_core.o
                0x000000000800c30a                USBD_LL_DataInStage
 .text.USBD_LL_Reset
                0x000000000800c46e       0xa4 ./Middlewares/ST/STM32_USB_Device_Library/Core/Src/usbd_core.o
                0x000000000800c46e                USBD_LL_Reset
 .text.USBD_LL_SetSpeed
                0x000000000800c512       0x20 ./Middlewares/ST/STM32_USB_Device_Library/Core/Src/usbd_core.o
                0x000000000800c512                USBD_LL_SetSpeed
 .text.USBD_LL_Suspend
                0x000000000800c532       0x38 ./Middlewares/ST/STM32_USB_Device_Library/Core/Src/usbd_core.o
                0x000000000800c532                USBD_LL_Suspend
 .text.USBD_LL_Resume
                0x000000000800c56a       0x30 ./Middlewares/ST/STM32_USB_Device_Library/Core/Src/usbd_core.o
                0x000000000800c56a                USBD_LL_Resume
 .text.USBD_LL_SOF
                0x000000000800c59a       0x40 ./Middlewares/ST/STM32_USB_Device_Library/Core/Src/usbd_core.o
                0x000000000800c59a                USBD_LL_SOF
 .text.USBD_LL_IsoINIncomplete
                0x000000000800c5da       0x64 ./Middlewares/ST/STM32_USB_Device_Library/Core/Src/usbd_core.o
                0x000000000800c5da                USBD_LL_IsoINIncomplete
 .text.USBD_LL_IsoOUTIncomplete
                0x000000000800c63e       0x64 ./Middlewares/ST/STM32_USB_Device_Library/Core/Src/usbd_core.o
                0x000000000800c63e                USBD_LL_IsoOUTIncomplete
 .text.USBD_LL_DevConnected
                0x000000000800c6a2       0x16 ./Middlewares/ST/STM32_USB_Device_Library/Core/Src/usbd_core.o
                0x000000000800c6a2                USBD_LL_DevConnected
 .text.USBD_LL_DevDisconnected
                0x000000000800c6b8       0x46 ./Middlewares/ST/STM32_USB_Device_Library/Core/Src/usbd_core.o
                0x000000000800c6b8                USBD_LL_DevDisconnected
 .text.USBD_CoreFindIF
                0x000000000800c6fe       0x1a ./Middlewares/ST/STM32_USB_Device_Library/Core/Src/usbd_core.o
                0x000000000800c6fe                USBD_CoreFindIF
 .text.USBD_CoreFindEP
                0x000000000800c718       0x1a ./Middlewares/ST/STM32_USB_Device_Library/Core/Src/usbd_core.o
                0x000000000800c718                USBD_CoreFindEP
 .text.USBD_GetEpDesc
                0x000000000800c732       0x74 ./Middlewares/ST/STM32_USB_Device_Library/Core/Src/usbd_core.o
                0x000000000800c732                USBD_GetEpDesc
 .text.USBD_GetNextDesc
                0x000000000800c7a6       0x3a ./Middlewares/ST/STM32_USB_Device_Library/Core/Src/usbd_core.o
                0x000000000800c7a6                USBD_GetNextDesc
 .text.SWAPBYTE
                0x000000000800c7e0       0x3c ./Middlewares/ST/STM32_USB_Device_Library/Core/Src/usbd_ctlreq.o
 .text.USBD_StdDevReq
                0x000000000800c81c       0xe4 ./Middlewares/ST/STM32_USB_Device_Library/Core/Src/usbd_ctlreq.o
                0x000000000800c81c                USBD_StdDevReq
 .text.USBD_StdItfReq
                0x000000000800c900       0xd8 ./Middlewares/ST/STM32_USB_Device_Library/Core/Src/usbd_ctlreq.o
                0x000000000800c900                USBD_StdItfReq
 .text.USBD_StdEPReq
                0x000000000800c9d8      0x33a ./Middlewares/ST/STM32_USB_Device_Library/Core/Src/usbd_ctlreq.o
                0x000000000800c9d8                USBD_StdEPReq
 *fill*         0x000000000800cd12        0x2 
 .text.USBD_GetDescriptor
                0x000000000800cd14      0x2d4 ./Middlewares/ST/STM32_USB_Device_Library/Core/Src/usbd_ctlreq.o
 .text.USBD_SetAddress
                0x000000000800cfe8       0x88 ./Middlewares/ST/STM32_USB_Device_Library/Core/Src/usbd_ctlreq.o
 .text.USBD_SetConfig
                0x000000000800d070      0x154 ./Middlewares/ST/STM32_USB_Device_Library/Core/Src/usbd_ctlreq.o
 .text.USBD_GetConfig
                0x000000000800d1c4       0x6c ./Middlewares/ST/STM32_USB_Device_Library/Core/Src/usbd_ctlreq.o
 .text.USBD_GetStatus
                0x000000000800d230       0x68 ./Middlewares/ST/STM32_USB_Device_Library/Core/Src/usbd_ctlreq.o
 .text.USBD_SetFeature
                0x000000000800d298       0x52 ./Middlewares/ST/STM32_USB_Device_Library/Core/Src/usbd_ctlreq.o
 .text.USBD_ClrFeature
                0x000000000800d2ea       0x44 ./Middlewares/ST/STM32_USB_Device_Library/Core/Src/usbd_ctlreq.o
 .text.USBD_ParseSetupRequest
                0x000000000800d32e       0x74 ./Middlewares/ST/STM32_USB_Device_Library/Core/Src/usbd_ctlreq.o
                0x000000000800d32e                USBD_ParseSetupRequest
 .text.USBD_CtlError
                0x000000000800d3a2       0x22 ./Middlewares/ST/STM32_USB_Device_Library/Core/Src/usbd_ctlreq.o
                0x000000000800d3a2                USBD_CtlError
 .text.USBD_GetString
                0x000000000800d3c4       0xa4 ./Middlewares/ST/STM32_USB_Device_Library/Core/Src/usbd_ctlreq.o
                0x000000000800d3c4                USBD_GetString
 .text.USBD_GetLen
                0x000000000800d468       0x34 ./Middlewares/ST/STM32_USB_Device_Library/Core/Src/usbd_ctlreq.o
 .text.USBD_CtlSendData
                0x000000000800d49c       0x36 ./Middlewares/ST/STM32_USB_Device_Library/Core/Src/usbd_ioreq.o
                0x000000000800d49c                USBD_CtlSendData
 .text.USBD_CtlContinueSendData
                0x000000000800d4d2       0x22 ./Middlewares/ST/STM32_USB_Device_Library/Core/Src/usbd_ioreq.o
                0x000000000800d4d2                USBD_CtlContinueSendData
 .text.USBD_CtlContinueRx
                0x000000000800d4f4       0x22 ./Middlewares/ST/STM32_USB_Device_Library/Core/Src/usbd_ioreq.o
                0x000000000800d4f4                USBD_CtlContinueRx
 .text.USBD_CtlSendStatus
                0x000000000800d516       0x26 ./Middlewares/ST/STM32_USB_Device_Library/Core/Src/usbd_ioreq.o
                0x000000000800d516                USBD_CtlSendStatus
 .text.USBD_CtlReceiveStatus
                0x000000000800d53c       0x26 ./Middlewares/ST/STM32_USB_Device_Library/Core/Src/usbd_ioreq.o
                0x000000000800d53c                USBD_CtlReceiveStatus
 *fill*         0x000000000800d562        0x2 
 .text.MX_USB_DEVICE_Init
                0x000000000800d564       0x64 ./USB_DEVICE/App/usb_device.o
                0x000000000800d564                MX_USB_DEVICE_Init
 .text.USBD_HS_DeviceDescriptor
                0x000000000800d5c8       0x24 ./USB_DEVICE/App/usbd_desc.o
                0x000000000800d5c8                USBD_HS_DeviceDescriptor
 .text.USBD_HS_LangIDStrDescriptor
                0x000000000800d5ec       0x24 ./USB_DEVICE/App/usbd_desc.o
                0x000000000800d5ec                USBD_HS_LangIDStrDescriptor
 .text.USBD_HS_ProductStrDescriptor
                0x000000000800d610       0x3c ./USB_DEVICE/App/usbd_desc.o
                0x000000000800d610                USBD_HS_ProductStrDescriptor
 .text.USBD_HS_ManufacturerStrDescriptor
                0x000000000800d64c       0x28 ./USB_DEVICE/App/usbd_desc.o
                0x000000000800d64c                USBD_HS_ManufacturerStrDescriptor
 .text.USBD_HS_SerialStrDescriptor
                0x000000000800d674       0x24 ./USB_DEVICE/App/usbd_desc.o
                0x000000000800d674                USBD_HS_SerialStrDescriptor
 .text.USBD_HS_ConfigStrDescriptor
                0x000000000800d698       0x3c ./USB_DEVICE/App/usbd_desc.o
                0x000000000800d698                USBD_HS_ConfigStrDescriptor
 .text.USBD_HS_InterfaceStrDescriptor
                0x000000000800d6d4       0x3c ./USB_DEVICE/App/usbd_desc.o
                0x000000000800d6d4                USBD_HS_InterfaceStrDescriptor
 .text.Get_SerialNum
                0x000000000800d710       0x58 ./USB_DEVICE/App/usbd_desc.o
 .text.IntToUnicode
                0x000000000800d768       0x7e ./USB_DEVICE/App/usbd_desc.o
 .text.STORAGE_Init_HS
                0x000000000800d7e6       0x18 ./USB_DEVICE/App/usbd_storage_if.o
 *fill*         0x000000000800d7fe        0x2 
 .text.STORAGE_GetCapacity_HS
                0x000000000800d800       0x38 ./USB_DEVICE/App/usbd_storage_if.o
 .text.STORAGE_IsReady_HS
                0x000000000800d838       0x18 ./USB_DEVICE/App/usbd_storage_if.o
 .text.STORAGE_IsWriteProtected_HS
                0x000000000800d850       0x18 ./USB_DEVICE/App/usbd_storage_if.o
 .text.STORAGE_Read_HS
                0x000000000800d868       0x34 ./USB_DEVICE/App/usbd_storage_if.o
 .text.STORAGE_Write_HS
                0x000000000800d89c       0x34 ./USB_DEVICE/App/usbd_storage_if.o
 .text.STORAGE_GetMaxLun_HS
                0x000000000800d8d0       0x10 ./USB_DEVICE/App/usbd_storage_if.o
 .text.HAL_PCD_MspInit
                0x000000000800d8e0      0x23c ./USB_DEVICE/Target/usbd_conf.o
                0x000000000800d8e0                HAL_PCD_MspInit
 .text.HAL_PCD_SetupStageCallback
                0x000000000800db1c       0x24 ./USB_DEVICE/Target/usbd_conf.o
                0x000000000800db1c                HAL_PCD_SetupStageCallback
 .text.HAL_PCD_DataOutStageCallback
                0x000000000800db40       0x36 ./USB_DEVICE/Target/usbd_conf.o
                0x000000000800db40                HAL_PCD_DataOutStageCallback
 .text.HAL_PCD_DataInStageCallback
                0x000000000800db76       0x34 ./USB_DEVICE/Target/usbd_conf.o
                0x000000000800db76                HAL_PCD_DataInStageCallback
 .text.HAL_PCD_SOFCallback
                0x000000000800dbaa       0x1c ./USB_DEVICE/Target/usbd_conf.o
                0x000000000800dbaa                HAL_PCD_SOFCallback
 .text.HAL_PCD_ResetCallback
                0x000000000800dbc6       0x50 ./USB_DEVICE/Target/usbd_conf.o
                0x000000000800dbc6                HAL_PCD_ResetCallback
 *fill*         0x000000000800dc16        0x2 
 .text.HAL_PCD_SuspendCallback
                0x000000000800dc18       0x4c ./USB_DEVICE/Target/usbd_conf.o
                0x000000000800dc18                HAL_PCD_SuspendCallback
 .text.HAL_PCD_ResumeCallback
                0x000000000800dc64       0x1c ./USB_DEVICE/Target/usbd_conf.o
                0x000000000800dc64                HAL_PCD_ResumeCallback
 .text.HAL_PCD_ISOOUTIncompleteCallback
                0x000000000800dc80       0x24 ./USB_DEVICE/Target/usbd_conf.o
                0x000000000800dc80                HAL_PCD_ISOOUTIncompleteCallback
 .text.HAL_PCD_ISOINIncompleteCallback
                0x000000000800dca4       0x24 ./USB_DEVICE/Target/usbd_conf.o
                0x000000000800dca4                HAL_PCD_ISOINIncompleteCallback
 .text.HAL_PCD_ConnectCallback
                0x000000000800dcc8       0x1c ./USB_DEVICE/Target/usbd_conf.o
                0x000000000800dcc8                HAL_PCD_ConnectCallback
 .text.HAL_PCD_DisconnectCallback
                0x000000000800dce4       0x1c ./USB_DEVICE/Target/usbd_conf.o
                0x000000000800dce4                HAL_PCD_DisconnectCallback
 .text.USBD_LL_Init
                0x000000000800dd00       0xa4 ./USB_DEVICE/Target/usbd_conf.o
                0x000000000800dd00                USBD_LL_Init
 .text.USBD_LL_Start
                0x000000000800dda4       0x36 ./USB_DEVICE/Target/usbd_conf.o
                0x000000000800dda4                USBD_LL_Start
 .text.USBD_LL_OpenEP
                0x000000000800ddda       0x4c ./USB_DEVICE/Target/usbd_conf.o
                0x000000000800ddda                USBD_LL_OpenEP
 .text.USBD_LL_CloseEP
                0x000000000800de26       0x3e ./USB_DEVICE/Target/usbd_conf.o
                0x000000000800de26                USBD_LL_CloseEP
 .text.USBD_LL_FlushEP
                0x000000000800de64       0x3e ./USB_DEVICE/Target/usbd_conf.o
                0x000000000800de64                USBD_LL_FlushEP
 .text.USBD_LL_StallEP
                0x000000000800dea2       0x3e ./USB_DEVICE/Target/usbd_conf.o
                0x000000000800dea2                USBD_LL_StallEP
 .text.USBD_LL_ClearStallEP
                0x000000000800dee0       0x3e ./USB_DEVICE/Target/usbd_conf.o
                0x000000000800dee0                USBD_LL_ClearStallEP
 .text.USBD_LL_IsStallEP
                0x000000000800df1e       0x58 ./USB_DEVICE/Target/usbd_conf.o
                0x000000000800df1e                USBD_LL_IsStallEP
 .text.USBD_LL_SetUSBAddress
                0x000000000800df76       0x3e ./USB_DEVICE/Target/usbd_conf.o
                0x000000000800df76                USBD_LL_SetUSBAddress
 .text.USBD_LL_Transmit
                0x000000000800dfb4       0x42 ./USB_DEVICE/Target/usbd_conf.o
                0x000000000800dfb4                USBD_LL_Transmit
 .text.USBD_LL_PrepareReceive
                0x000000000800dff6       0x42 ./USB_DEVICE/Target/usbd_conf.o
                0x000000000800dff6                USBD_LL_PrepareReceive
 .text.USBD_LL_GetRxDataSize
                0x000000000800e038       0x26 ./USB_DEVICE/Target/usbd_conf.o
                0x000000000800e038                USBD_LL_GetRxDataSize
 *fill*         0x000000000800e05e        0x2 
 .text.USBD_static_malloc
                0x000000000800e060       0x1c ./USB_DEVICE/Target/usbd_conf.o
                0x000000000800e060                USBD_static_malloc
 .text.USBD_static_free
                0x000000000800e07c       0x14 ./USB_DEVICE/Target/usbd_conf.o
                0x000000000800e07c                USBD_static_free
 .text.USBD_Get_USB_Status
                0x000000000800e090       0x58 ./USB_DEVICE/Target/usbd_conf.o
                0x000000000800e090                USBD_Get_USB_Status
 .text.std      0x000000000800e0e8       0x48 /home/steinar/.eclipse/com.st.stm32cube.ide.mcu.rcp.product_1.12.0_941520327_linux_gtk_x86_64/plugins/com.st.stm32cube.ide.mcu.externaltools.gnu-tools-for-stm32.11.3.rel1.linux64_1.0.100.202301251239/tools/bin/../lib/gcc/arm-none-eabi/11.3.1/../../../../arm-none-eabi/lib/thumb/v7e-m+dp/hard/libc_nano.a(libc_a-findfp.o)
 .text.stdio_exit_handler
                0x000000000800e130       0x18 /home/steinar/.eclipse/com.st.stm32cube.ide.mcu.rcp.product_1.12.0_941520327_linux_gtk_x86_64/plugins/com.st.stm32cube.ide.mcu.externaltools.gnu-tools-for-stm32.11.3.rel1.linux64_1.0.100.202301251239/tools/bin/../lib/gcc/arm-none-eabi/11.3.1/../../../../arm-none-eabi/lib/thumb/v7e-m+dp/hard/libc_nano.a(libc_a-findfp.o)
 .text.cleanup_stdio
                0x000000000800e148       0x40 /home/steinar/.eclipse/com.st.stm32cube.ide.mcu.rcp.product_1.12.0_941520327_linux_gtk_x86_64/plugins/com.st.stm32cube.ide.mcu.externaltools.gnu-tools-for-stm32.11.3.rel1.linux64_1.0.100.202301251239/tools/bin/../lib/gcc/arm-none-eabi/11.3.1/../../../../arm-none-eabi/lib/thumb/v7e-m+dp/hard/libc_nano.a(libc_a-findfp.o)
 .text.global_stdio_init.part.0
                0x000000000800e188       0x3c /home/steinar/.eclipse/com.st.stm32cube.ide.mcu.rcp.product_1.12.0_941520327_linux_gtk_x86_64/plugins/com.st.stm32cube.ide.mcu.externaltools.gnu-tools-for-stm32.11.3.rel1.linux64_1.0.100.202301251239/tools/bin/../lib/gcc/arm-none-eabi/11.3.1/../../../../arm-none-eabi/lib/thumb/v7e-m+dp/hard/libc_nano.a(libc_a-findfp.o)
 .text.__sfp_lock_acquire
                0x000000000800e1c4        0xc /home/steinar/.eclipse/com.st.stm32cube.ide.mcu.rcp.product_1.12.0_941520327_linux_gtk_x86_64/plugins/com.st.stm32cube.ide.mcu.externaltools.gnu-tools-for-stm32.11.3.rel1.linux64_1.0.100.202301251239/tools/bin/../lib/gcc/arm-none-eabi/11.3.1/../../../../arm-none-eabi/lib/thumb/v7e-m+dp/hard/libc_nano.a(libc_a-findfp.o)
                0x000000000800e1c4                __sfp_lock_acquire
 .text.__sfp_lock_release
                0x000000000800e1d0        0xc /home/steinar/.eclipse/com.st.stm32cube.ide.mcu.rcp.product_1.12.0_941520327_linux_gtk_x86_64/plugins/com.st.stm32cube.ide.mcu.externaltools.gnu-tools-for-stm32.11.3.rel1.linux64_1.0.100.202301251239/tools/bin/../lib/gcc/arm-none-eabi/11.3.1/../../../../arm-none-eabi/lib/thumb/v7e-m+dp/hard/libc_nano.a(libc_a-findfp.o)
                0x000000000800e1d0                __sfp_lock_release
 .text.__sinit  0x000000000800e1dc       0x30 /home/steinar/.eclipse/com.st.stm32cube.ide.mcu.rcp.product_1.12.0_941520327_linux_gtk_x86_64/plugins/com.st.stm32cube.ide.mcu.externaltools.gnu-tools-for-stm32.11.3.rel1.linux64_1.0.100.202301251239/tools/bin/../lib/gcc/arm-none-eabi/11.3.1/../../../../arm-none-eabi/lib/thumb/v7e-m+dp/hard/libc_nano.a(libc_a-findfp.o)
                0x000000000800e1dc                __sinit
 .text._fwalk_sglue
                0x000000000800e20c       0x3c /home/steinar/.eclipse/com.st.stm32cube.ide.mcu.rcp.product_1.12.0_941520327_linux_gtk_x86_64/plugins/com.st.stm32cube.ide.mcu.externaltools.gnu-tools-for-stm32.11.3.rel1.linux64_1.0.100.202301251239/tools/bin/../lib/gcc/arm-none-eabi/11.3.1/../../../../arm-none-eabi/lib/thumb/v7e-m+dp/hard/libc_nano.a(libc_a-fwalk.o)
                0x000000000800e20c                _fwalk_sglue
 .text.printf   0x000000000800e248       0x24 /home/steinar/.eclipse/com.st.stm32cube.ide.mcu.rcp.product_1.12.0_941520327_linux_gtk_x86_64/plugins/com.st.stm32cube.ide.mcu.externaltools.gnu-tools-for-stm32.11.3.rel1.linux64_1.0.100.202301251239/tools/bin/../lib/gcc/arm-none-eabi/11.3.1/../../../../arm-none-eabi/lib/thumb/v7e-m+dp/hard/libc_nano.a(libc_a-printf.o)
                0x000000000800e248                printf
                0x000000000800e248                iprintf
 .text.putchar  0x000000000800e26c       0x10 /home/steinar/.eclipse/com.st.stm32cube.ide.mcu.rcp.product_1.12.0_941520327_linux_gtk_x86_64/plugins/com.st.stm32cube.ide.mcu.externaltools.gnu-tools-for-stm32.11.3.rel1.linux64_1.0.100.202301251239/tools/bin/../lib/gcc/arm-none-eabi/11.3.1/../../../../arm-none-eabi/lib/thumb/v7e-m+dp/hard/libc_nano.a(libc_a-putchar.o)
                0x000000000800e26c                putchar
 .text.__sread  0x000000000800e27c       0x22 /home/steinar/.eclipse/com.st.stm32cube.ide.mcu.rcp.product_1.12.0_941520327_linux_gtk_x86_64/plugins/com.st.stm32cube.ide.mcu.externaltools.gnu-tools-for-stm32.11.3.rel1.linux64_1.0.100.202301251239/tools/bin/../lib/gcc/arm-none-eabi/11.3.1/../../../../arm-none-eabi/lib/thumb/v7e-m+dp/hard/libc_nano.a(libc_a-stdio.o)
                0x000000000800e27c                __sread
 .text.__swrite
                0x000000000800e29e       0x38 /home/steinar/.eclipse/com.st.stm32cube.ide.mcu.rcp.product_1.12.0_941520327_linux_gtk_x86_64/plugins/com.st.stm32cube.ide.mcu.externaltools.gnu-tools-for-stm32.11.3.rel1.linux64_1.0.100.202301251239/tools/bin/../lib/gcc/arm-none-eabi/11.3.1/../../../../arm-none-eabi/lib/thumb/v7e-m+dp/hard/libc_nano.a(libc_a-stdio.o)
                0x000000000800e29e                __swrite
 .text.__sseek  0x000000000800e2d6       0x24 /home/steinar/.eclipse/com.st.stm32cube.ide.mcu.rcp.product_1.12.0_941520327_linux_gtk_x86_64/plugins/com.st.stm32cube.ide.mcu.externaltools.gnu-tools-for-stm32.11.3.rel1.linux64_1.0.100.202301251239/tools/bin/../lib/gcc/arm-none-eabi/11.3.1/../../../../arm-none-eabi/lib/thumb/v7e-m+dp/hard/libc_nano.a(libc_a-stdio.o)
                0x000000000800e2d6                __sseek
 .text.__sclose
                0x000000000800e2fa        0x8 /home/steinar/.eclipse/com.st.stm32cube.ide.mcu.rcp.product_1.12.0_941520327_linux_gtk_x86_64/plugins/com.st.stm32cube.ide.mcu.externaltools.gnu-tools-for-stm32.11.3.rel1.linux64_1.0.100.202301251239/tools/bin/../lib/gcc/arm-none-eabi/11.3.1/../../../../arm-none-eabi/lib/thumb/v7e-m+dp/hard/libc_nano.a(libc_a-stdio.o)
                0x000000000800e2fa                __sclose
 .text.memset   0x000000000800e302       0x10 /home/steinar/.eclipse/com.st.stm32cube.ide.mcu.rcp.product_1.12.0_941520327_linux_gtk_x86_64/plugins/com.st.stm32cube.ide.mcu.externaltools.gnu-tools-for-stm32.11.3.rel1.linux64_1.0.100.202301251239/tools/bin/../lib/gcc/arm-none-eabi/11.3.1/../../../../arm-none-eabi/lib/thumb/v7e-m+dp/hard/libc_nano.a(libc_a-memset.o)
                0x000000000800e302                memset
 *fill*         0x000000000800e312        0x2 
 .text._close_r
                0x000000000800e314       0x20 /home/steinar/.eclipse/com.st.stm32cube.ide.mcu.rcp.product_1.12.0_941520327_linux_gtk_x86_64/plugins/com.st.stm32cube.ide.mcu.externaltools.gnu-tools-for-stm32.11.3.rel1.linux64_1.0.100.202301251239/tools/bin/../lib/gcc/arm-none-eabi/11.3.1/../../../../arm-none-eabi/lib/thumb/v7e-m+dp/hard/libc_nano.a(libc_a-closer.o)
                0x000000000800e314                _close_r
 .text._lseek_r
                0x000000000800e334       0x24 /home/steinar/.eclipse/com.st.stm32cube.ide.mcu.rcp.product_1.12.0_941520327_linux_gtk_x86_64/plugins/com.st.stm32cube.ide.mcu.externaltools.gnu-tools-for-stm32.11.3.rel1.linux64_1.0.100.202301251239/tools/bin/../lib/gcc/arm-none-eabi/11.3.1/../../../../arm-none-eabi/lib/thumb/v7e-m+dp/hard/libc_nano.a(libc_a-lseekr.o)
                0x000000000800e334                _lseek_r
 .text._read_r  0x000000000800e358       0x24 /home/steinar/.eclipse/com.st.stm32cube.ide.mcu.rcp.product_1.12.0_941520327_linux_gtk_x86_64/plugins/com.st.stm32cube.ide.mcu.externaltools.gnu-tools-for-stm32.11.3.rel1.linux64_1.0.100.202301251239/tools/bin/../lib/gcc/arm-none-eabi/11.3.1/../../../../arm-none-eabi/lib/thumb/v7e-m+dp/hard/libc_nano.a(libc_a-readr.o)
                0x000000000800e358                _read_r
 .text._write_r
                0x000000000800e37c       0x24 /home/steinar/.eclipse/com.st.stm32cube.ide.mcu.rcp.product_1.12.0_941520327_linux_gtk_x86_64/plugins/com.st.stm32cube.ide.mcu.externaltools.gnu-tools-for-stm32.11.3.rel1.linux64_1.0.100.202301251239/tools/bin/../lib/gcc/arm-none-eabi/11.3.1/../../../../arm-none-eabi/lib/thumb/v7e-m+dp/hard/libc_nano.a(libc_a-writer.o)
                0x000000000800e37c                _write_r
 .text.__errno  0x000000000800e3a0        0xc /home/steinar/.eclipse/com.st.stm32cube.ide.mcu.rcp.product_1.12.0_941520327_linux_gtk_x86_64/plugins/com.st.stm32cube.ide.mcu.externaltools.gnu-tools-for-stm32.11.3.rel1.linux64_1.0.100.202301251239/tools/bin/../lib/gcc/arm-none-eabi/11.3.1/../../../../arm-none-eabi/lib/thumb/v7e-m+dp/hard/libc_nano.a(libc_a-errno.o)
                0x000000000800e3a0                __errno
 .text.__libc_init_array
                0x000000000800e3ac       0x48 /home/steinar/.eclipse/com.st.stm32cube.ide.mcu.rcp.product_1.12.0_941520327_linux_gtk_x86_64/plugins/com.st.stm32cube.ide.mcu.externaltools.gnu-tools-for-stm32.11.3.rel1.linux64_1.0.100.202301251239/tools/bin/../lib/gcc/arm-none-eabi/11.3.1/../../../../arm-none-eabi/lib/thumb/v7e-m+dp/hard/libc_nano.a(libc_a-init.o)
                0x000000000800e3ac                __libc_init_array
 .text.__retarget_lock_acquire_recursive
                0x000000000800e3f4        0x2 /home/steinar/.eclipse/com.st.stm32cube.ide.mcu.rcp.product_1.12.0_941520327_linux_gtk_x86_64/plugins/com.st.stm32cube.ide.mcu.externaltools.gnu-tools-for-stm32.11.3.rel1.linux64_1.0.100.202301251239/tools/bin/../lib/gcc/arm-none-eabi/11.3.1/../../../../arm-none-eabi/lib/thumb/v7e-m+dp/hard/libc_nano.a(libc_a-lock.o)
                0x000000000800e3f4                __retarget_lock_acquire_recursive
 .text.__retarget_lock_release_recursive
                0x000000000800e3f6        0x2 /home/steinar/.eclipse/com.st.stm32cube.ide.mcu.rcp.product_1.12.0_941520327_linux_gtk_x86_64/plugins/com.st.stm32cube.ide.mcu.externaltools.gnu-tools-for-stm32.11.3.rel1.linux64_1.0.100.202301251239/tools/bin/../lib/gcc/arm-none-eabi/11.3.1/../../../../arm-none-eabi/lib/thumb/v7e-m+dp/hard/libc_nano.a(libc_a-lock.o)
                0x000000000800e3f6                __retarget_lock_release_recursive
 .text._free_r  0x000000000800e3f8       0x98 /home/steinar/.eclipse/com.st.stm32cube.ide.mcu.rcp.product_1.12.0_941520327_linux_gtk_x86_64/plugins/com.st.stm32cube.ide.mcu.externaltools.gnu-tools-for-stm32.11.3.rel1.linux64_1.0.100.202301251239/tools/bin/../lib/gcc/arm-none-eabi/11.3.1/../../../../arm-none-eabi/lib/thumb/v7e-m+dp/hard/libc_nano.a(libc_a-freer.o)
                0x000000000800e3f8                _free_r
 .text.sbrk_aligned
                0x000000000800e490       0x40 /home/steinar/.eclipse/com.st.stm32cube.ide.mcu.rcp.product_1.12.0_941520327_linux_gtk_x86_64/plugins/com.st.stm32cube.ide.mcu.externaltools.gnu-tools-for-stm32.11.3.rel1.linux64_1.0.100.202301251239/tools/bin/../lib/gcc/arm-none-eabi/11.3.1/../../../../arm-none-eabi/lib/thumb/v7e-m+dp/hard/libc_nano.a(libc_a-mallocr.o)
 .text._malloc_r
                0x000000000800e4d0      0x100 /home/steinar/.eclipse/com.st.stm32cube.ide.mcu.rcp.product_1.12.0_941520327_linux_gtk_x86_64/plugins/com.st.stm32cube.ide.mcu.externaltools.gnu-tools-for-stm32.11.3.rel1.linux64_1.0.100.202301251239/tools/bin/../lib/gcc/arm-none-eabi/11.3.1/../../../../arm-none-eabi/lib/thumb/v7e-m+dp/hard/libc_nano.a(libc_a-mallocr.o)
                0x000000000800e4d0                _malloc_r
 .text.__malloc_lock
                0x000000000800e5d0        0xc /home/steinar/.eclipse/com.st.stm32cube.ide.mcu.rcp.product_1.12.0_941520327_linux_gtk_x86_64/plugins/com.st.stm32cube.ide.mcu.externaltools.gnu-tools-for-stm32.11.3.rel1.linux64_1.0.100.202301251239/tools/bin/../lib/gcc/arm-none-eabi/11.3.1/../../../../arm-none-eabi/lib/thumb/v7e-m+dp/hard/libc_nano.a(libc_a-mlock.o)
                0x000000000800e5d0                __malloc_lock
 .text.__malloc_unlock
                0x000000000800e5dc        0xc /home/steinar/.eclipse/com.st.stm32cube.ide.mcu.rcp.product_1.12.0_941520327_linux_gtk_x86_64/plugins/com.st.stm32cube.ide.mcu.externaltools.gnu-tools-for-stm32.11.3.rel1.linux64_1.0.100.202301251239/tools/bin/../lib/gcc/arm-none-eabi/11.3.1/../../../../arm-none-eabi/lib/thumb/v7e-m+dp/hard/libc_nano.a(libc_a-mlock.o)
                0x000000000800e5dc                __malloc_unlock
 .text.__sfputc_r
                0x000000000800e5e8       0x2e /home/steinar/.eclipse/com.st.stm32cube.ide.mcu.rcp.product_1.12.0_941520327_linux_gtk_x86_64/plugins/com.st.stm32cube.ide.mcu.externaltools.gnu-tools-for-stm32.11.3.rel1.linux64_1.0.100.202301251239/tools/bin/../lib/gcc/arm-none-eabi/11.3.1/../../../../arm-none-eabi/lib/thumb/v7e-m+dp/hard/libc_nano.a(libc_a-nano-vfprintf.o)
 .text.__sfputs_r
                0x000000000800e616       0x24 /home/steinar/.eclipse/com.st.stm32cube.ide.mcu.rcp.product_1.12.0_941520327_linux_gtk_x86_64/plugins/com.st.stm32cube.ide.mcu.externaltools.gnu-tools-for-stm32.11.3.rel1.linux64_1.0.100.202301251239/tools/bin/../lib/gcc/arm-none-eabi/11.3.1/../../../../arm-none-eabi/lib/thumb/v7e-m+dp/hard/libc_nano.a(libc_a-nano-vfprintf.o)
                0x000000000800e616                __sfputs_r
 *fill*         0x000000000800e63a        0x2 
 .text._vfprintf_r
                0x000000000800e63c      0x234 /home/steinar/.eclipse/com.st.stm32cube.ide.mcu.rcp.product_1.12.0_941520327_linux_gtk_x86_64/plugins/com.st.stm32cube.ide.mcu.externaltools.gnu-tools-for-stm32.11.3.rel1.linux64_1.0.100.202301251239/tools/bin/../lib/gcc/arm-none-eabi/11.3.1/../../../../arm-none-eabi/lib/thumb/v7e-m+dp/hard/libc_nano.a(libc_a-nano-vfprintf.o)
                0x000000000800e63c                _vfiprintf_r
                0x000000000800e63c                _vfprintf_r
 .text._printf_common
                0x000000000800e870       0xda /home/steinar/.eclipse/com.st.stm32cube.ide.mcu.rcp.product_1.12.0_941520327_linux_gtk_x86_64/plugins/com.st.stm32cube.ide.mcu.externaltools.gnu-tools-for-stm32.11.3.rel1.linux64_1.0.100.202301251239/tools/bin/../lib/gcc/arm-none-eabi/11.3.1/../../../../arm-none-eabi/lib/thumb/v7e-m+dp/hard/libc_nano.a(libc_a-nano-vfprintf_i.o)
                0x000000000800e870                _printf_common
 *fill*         0x000000000800e94a        0x2 
 .text._printf_i
                0x000000000800e94c      0x244 /home/steinar/.eclipse/com.st.stm32cube.ide.mcu.rcp.product_1.12.0_941520327_linux_gtk_x86_64/plugins/com.st.stm32cube.ide.mcu.externaltools.gnu-tools-for-stm32.11.3.rel1.linux64_1.0.100.202301251239/tools/bin/../lib/gcc/arm-none-eabi/11.3.1/../../../../arm-none-eabi/lib/thumb/v7e-m+dp/hard/libc_nano.a(libc_a-nano-vfprintf_i.o)
                0x000000000800e94c                _printf_i
 .text.__sflush_r
                0x000000000800eb90      0x10c /home/steinar/.eclipse/com.st.stm32cube.ide.mcu.rcp.product_1.12.0_941520327_linux_gtk_x86_64/plugins/com.st.stm32cube.ide.mcu.externaltools.gnu-tools-for-stm32.11.3.rel1.linux64_1.0.100.202301251239/tools/bin/../lib/gcc/arm-none-eabi/11.3.1/../../../../arm-none-eabi/lib/thumb/v7e-m+dp/hard/libc_nano.a(libc_a-fflush.o)
                0x000000000800eb90                __sflush_r
 .text._fflush_r
                0x000000000800ec9c       0x50 /home/steinar/.eclipse/com.st.stm32cube.ide.mcu.rcp.product_1.12.0_941520327_linux_gtk_x86_64/plugins/com.st.stm32cube.ide.mcu.externaltools.gnu-tools-for-stm32.11.3.rel1.linux64_1.0.100.202301251239/tools/bin/../lib/gcc/arm-none-eabi/11.3.1/../../../../arm-none-eabi/lib/thumb/v7e-m+dp/hard/libc_nano.a(libc_a-fflush.o)
                0x000000000800ec9c                _fflush_r
 .text._putc_r  0x000000000800ecec       0x68 /home/steinar/.eclipse/com.st.stm32cube.ide.mcu.rcp.product_1.12.0_941520327_linux_gtk_x86_64/plugins/com.st.stm32cube.ide.mcu.externaltools.gnu-tools-for-stm32.11.3.rel1.linux64_1.0.100.202301251239/tools/bin/../lib/gcc/arm-none-eabi/11.3.1/../../../../arm-none-eabi/lib/thumb/v7e-m+dp/hard/libc_nano.a(libc_a-putc.o)
                0x000000000800ecec                _putc_r
 .text.__swbuf_r
                0x000000000800ed54       0x7a /home/steinar/.eclipse/com.st.stm32cube.ide.mcu.rcp.product_1.12.0_941520327_linux_gtk_x86_64/plugins/com.st.stm32cube.ide.mcu.externaltools.gnu-tools-for-stm32.11.3.rel1.linux64_1.0.100.202301251239/tools/bin/../lib/gcc/arm-none-eabi/11.3.1/../../../../arm-none-eabi/lib/thumb/v7e-m+dp/hard/libc_nano.a(libc_a-wbuf.o)
                0x000000000800ed54                __swbuf_r
 *fill*         0x000000000800edce        0x2 
 .text.__swsetup_r
                0x000000000800edd0       0xb0 /home/steinar/.eclipse/com.st.stm32cube.ide.mcu.rcp.product_1.12.0_941520327_linux_gtk_x86_64/plugins/com.st.stm32cube.ide.mcu.externaltools.gnu-tools-for-stm32.11.3.rel1.linux64_1.0.100.202301251239/tools/bin/../lib/gcc/arm-none-eabi/11.3.1/../../../../arm-none-eabi/lib/thumb/v7e-m+dp/hard/libc_nano.a(libc_a-wsetup.o)
                0x000000000800edd0                __swsetup_r
 .text._sbrk_r  0x000000000800ee80       0x20 /home/steinar/.eclipse/com.st.stm32cube.ide.mcu.rcp.product_1.12.0_941520327_linux_gtk_x86_64/plugins/com.st.stm32cube.ide.mcu.externaltools.gnu-tools-for-stm32.11.3.rel1.linux64_1.0.100.202301251239/tools/bin/../lib/gcc/arm-none-eabi/11.3.1/../../../../arm-none-eabi/lib/thumb/v7e-m+dp/hard/libc_nano.a(libc_a-sbrkr.o)
                0x000000000800ee80                _sbrk_r
 .text.__swhatbuf_r
                0x000000000800eea0       0x4c /home/steinar/.eclipse/com.st.stm32cube.ide.mcu.rcp.product_1.12.0_941520327_linux_gtk_x86_64/plugins/com.st.stm32cube.ide.mcu.externaltools.gnu-tools-for-stm32.11.3.rel1.linux64_1.0.100.202301251239/tools/bin/../lib/gcc/arm-none-eabi/11.3.1/../../../../arm-none-eabi/lib/thumb/v7e-m+dp/hard/libc_nano.a(libc_a-makebuf.o)
                0x000000000800eea0                __swhatbuf_r
 .text.__smakebuf_r
                0x000000000800eeec       0x78 /home/steinar/.eclipse/com.st.stm32cube.ide.mcu.rcp.product_1.12.0_941520327_linux_gtk_x86_64/plugins/com.st.stm32cube.ide.mcu.externaltools.gnu-tools-for-stm32.11.3.rel1.linux64_1.0.100.202301251239/tools/bin/../lib/gcc/arm-none-eabi/11.3.1/../../../../arm-none-eabi/lib/thumb/v7e-m+dp/hard/libc_nano.a(libc_a-makebuf.o)
                0x000000000800eeec                __smakebuf_r
 .text._fstat_r
                0x000000000800ef64       0x24 /home/steinar/.eclipse/com.st.stm32cube.ide.mcu.rcp.product_1.12.0_941520327_linux_gtk_x86_64/plugins/com.st.stm32cube.ide.mcu.externaltools.gnu-tools-for-stm32.11.3.rel1.linux64_1.0.100.202301251239/tools/bin/../lib/gcc/arm-none-eabi/11.3.1/../../../../arm-none-eabi/lib/thumb/v7e-m+dp/hard/libc_nano.a(libc_a-fstatr.o)
                0x000000000800ef64                _fstat_r
 .text._isatty_r
                0x000000000800ef88       0x20 /home/steinar/.eclipse/com.st.stm32cube.ide.mcu.rcp.product_1.12.0_941520327_linux_gtk_x86_64/plugins/com.st.stm32cube.ide.mcu.externaltools.gnu-tools-for-stm32.11.3.rel1.linux64_1.0.100.202301251239/tools/bin/../lib/gcc/arm-none-eabi/11.3.1/../../../../arm-none-eabi/lib/thumb/v7e-m+dp/hard/libc_nano.a(libc_a-isattyr.o)
                0x000000000800ef88                _isatty_r
 *(.glue_7)
 .glue_7        0x000000000800efa8        0x0 linker stubs
 *(.glue_7t)
 .glue_7t       0x000000000800efa8        0x0 linker stubs
 *(.eh_frame)
 .eh_frame      0x000000000800efa8        0x0 /home/steinar/.eclipse/com.st.stm32cube.ide.mcu.rcp.product_1.12.0_941520327_linux_gtk_x86_64/plugins/com.st.stm32cube.ide.mcu.externaltools.gnu-tools-for-stm32.11.3.rel1.linux64_1.0.100.202301251239/tools/bin/../lib/gcc/arm-none-eabi/11.3.1/thumb/v7e-m+dp/hard/crtbegin.o
 *(.init)
 .init          0x000000000800efa8        0x4 /home/steinar/.eclipse/com.st.stm32cube.ide.mcu.rcp.product_1.12.0_941520327_linux_gtk_x86_64/plugins/com.st.stm32cube.ide.mcu.externaltools.gnu-tools-for-stm32.11.3.rel1.linux64_1.0.100.202301251239/tools/bin/../lib/gcc/arm-none-eabi/11.3.1/thumb/v7e-m+dp/hard/crti.o
                0x000000000800efa8                _init
 .init          0x000000000800efac        0x8 /home/steinar/.eclipse/com.st.stm32cube.ide.mcu.rcp.product_1.12.0_941520327_linux_gtk_x86_64/plugins/com.st.stm32cube.ide.mcu.externaltools.gnu-tools-for-stm32.11.3.rel1.linux64_1.0.100.202301251239/tools/bin/../lib/gcc/arm-none-eabi/11.3.1/thumb/v7e-m+dp/hard/crtn.o
 *(.fini)
 .fini          0x000000000800efb4        0x4 /home/steinar/.eclipse/com.st.stm32cube.ide.mcu.rcp.product_1.12.0_941520327_linux_gtk_x86_64/plugins/com.st.stm32cube.ide.mcu.externaltools.gnu-tools-for-stm32.11.3.rel1.linux64_1.0.100.202301251239/tools/bin/../lib/gcc/arm-none-eabi/11.3.1/thumb/v7e-m+dp/hard/crti.o
                0x000000000800efb4                _fini
 .fini          0x000000000800efb8        0x8 /home/steinar/.eclipse/com.st.stm32cube.ide.mcu.rcp.product_1.12.0_941520327_linux_gtk_x86_64/plugins/com.st.stm32cube.ide.mcu.externaltools.gnu-tools-for-stm32.11.3.rel1.linux64_1.0.100.202301251239/tools/bin/../lib/gcc/arm-none-eabi/11.3.1/thumb/v7e-m+dp/hard/crtn.o
                0x000000000800efc0                . = ALIGN (0x4)
                0x000000000800efc0                _etext = .

.vfp11_veneer   0x000000000800efc0        0x0
 .vfp11_veneer  0x000000000800efc0        0x0 linker stubs

.v4_bx          0x000000000800efc0        0x0
 .v4_bx         0x000000000800efc0        0x0 linker stubs

.iplt           0x000000000800efc0        0x0
 .iplt          0x000000000800efc0        0x0 /home/steinar/.eclipse/com.st.stm32cube.ide.mcu.rcp.product_1.12.0_941520327_linux_gtk_x86_64/plugins/com.st.stm32cube.ide.mcu.externaltools.gnu-tools-for-stm32.11.3.rel1.linux64_1.0.100.202301251239/tools/bin/../lib/gcc/arm-none-eabi/11.3.1/thumb/v7e-m+dp/hard/crtbegin.o

.rodata         0x000000000800efc0       0xe4
                0x000000000800efc0                . = ALIGN (0x4)
 *(.rodata)
 .rodata        0x000000000800efc0       0x35 ./Middlewares/ST/STM32_USB_Device_Library/Core/Src/usbd_core.o
 *fill*         0x000000000800eff5        0x3 
 .rodata        0x000000000800eff8       0x42 ./USB_DEVICE/App/usbd_desc.o
 *(.rodata*)
 *fill*         0x000000000800f03a        0x2 
 .rodata.D1CorePrescTable
                0x000000000800f03c       0x10 ./Core/Src/system_stm32h7xx.o
                0x000000000800f03c                D1CorePrescTable
 .rodata.STORAGE_Inquirydata_HS
                0x000000000800f04c       0x24 ./USB_DEVICE/App/usbd_storage_if.o
                0x000000000800f04c                STORAGE_Inquirydata_HS
 .rodata._vfprintf_r.str1.1
                0x000000000800f070       0x11 /home/steinar/.eclipse/com.st.stm32cube.ide.mcu.rcp.product_1.12.0_941520327_linux_gtk_x86_64/plugins/com.st.stm32cube.ide.mcu.externaltools.gnu-tools-for-stm32.11.3.rel1.linux64_1.0.100.202301251239/tools/bin/../lib/gcc/arm-none-eabi/11.3.1/../../../../arm-none-eabi/lib/thumb/v7e-m+dp/hard/libc_nano.a(libc_a-nano-vfprintf.o)
 .rodata._printf_i.str1.1
                0x000000000800f081       0x22 /home/steinar/.eclipse/com.st.stm32cube.ide.mcu.rcp.product_1.12.0_941520327_linux_gtk_x86_64/plugins/com.st.stm32cube.ide.mcu.externaltools.gnu-tools-for-stm32.11.3.rel1.linux64_1.0.100.202301251239/tools/bin/../lib/gcc/arm-none-eabi/11.3.1/../../../../arm-none-eabi/lib/thumb/v7e-m+dp/hard/libc_nano.a(libc_a-nano-vfprintf_i.o)
                0x000000000800f0a4                . = ALIGN (0x4)
 *fill*         0x000000000800f0a3        0x1 

.rel.dyn        0x000000000800f0a4        0x0
 .rel.iplt      0x000000000800f0a4        0x0 /home/steinar/.eclipse/com.st.stm32cube.ide.mcu.rcp.product_1.12.0_941520327_linux_gtk_x86_64/plugins/com.st.stm32cube.ide.mcu.externaltools.gnu-tools-for-stm32.11.3.rel1.linux64_1.0.100.202301251239/tools/bin/../lib/gcc/arm-none-eabi/11.3.1/thumb/v7e-m+dp/hard/crtbegin.o

.ARM.extab
 *(.ARM.extab* .gnu.linkonce.armextab.*)

.ARM            0x000000000800f0a4        0x0
                0x000000000800f0a4                __exidx_start = .
 *(.ARM.exidx*)
                0x000000000800f0a4                __exidx_end = .

.preinit_array  0x000000000800f0a4        0x0
                0x000000000800f0a4                PROVIDE (__preinit_array_start = .)
 *(.preinit_array*)
                0x000000000800f0a4                PROVIDE (__preinit_array_end = .)

.init_array     0x000000000800f0a4        0x4
                0x000000000800f0a4                PROVIDE (__init_array_start = .)
 *(SORT_BY_NAME(.init_array.*))
 *(.init_array*)