Archive member included to satisfy reference by file (symbol)

/home/steinar/.eclipse/com.st.stm32cube.ide.mcu.rcp.product_1.12.0_941520327_linux_gtk_x86_64/plugins/com.st.stm32cube.ide.mcu.externaltools.gnu-tools-for-stm32.11.3.rel1.linux64_1.0.100.202301251239/tools/bin/../lib/gcc/arm-none-eabi/11.3.1/../../../../arm-none-eabi/lib/thumb/v7e-m+dp/hard/libc_nano.a(libc_a-exit.o)
                              /home/steinar/.eclipse/com.st.stm32cube.ide.mcu.rcp.product_1.12.0_941520327_linux_gtk_x86_64/plugins/com.st.stm32cube.ide.mcu.externaltools.gnu-tools-for-stm32.11.3.rel1.linux64_1.0.100.202301251239/tools/bin/../lib/gcc/arm-none-eabi/11.3.1/../../../../arm-none-eabi/lib/thumb/v7e-m+dp/hard/crt0.o (exit)
/home/steinar/.eclipse/com.st.stm32cube.ide.mcu.rcp.product_1.12.0_941520327_linux_gtk_x86_64/plugins/com.st.stm32cube.ide.mcu.externaltools.gnu-tools-for-stm32.11.3.rel1.linux64_1.0.100.202301251239/tools/bin/../lib/gcc/arm-none-eabi/11.3.1/../../../../arm-none-eabi/lib/thumb/v7e-m+dp/hard/libc_nano.a(libc_a-findfp.o)
                              /home/steinar/.eclipse/com.st.stm32cube.ide.mcu.rcp.product_1.12.0_941520327_linux_gtk_x86_64/plugins/com.st.stm32cube.ide.mcu.externaltools.gnu-tools-for-stm32.11.3.rel1.linux64_1.0.100.202301251239/tools/bin/../lib/gcc/arm-none-eabi/11.3.1/../../../../arm-none-eabi/lib/thumb/v7e-m+dp/hard/libc_nano.a(libc_a-exit.o) (__stdio_exit_handler)
/home/steinar/.eclipse/com.st.stm32cube.ide.mcu.rcp.product_1.12.0_941520327_linux_gtk_x86_64/plugins/com.st.stm32cube.ide.mcu.externaltools.gnu-tools-for-stm32.11.3.rel1.linux64_1.0.100.202301251239/tools/bin/../lib/gcc/arm-none-eabi/11.3.1/../../../../arm-none-eabi/lib/thumb/v7e-m+dp/hard/libc_nano.a(libc_a-fwalk.o)
                              /home/steinar/.eclipse/com.st.stm32cube.ide.mcu.rcp.product_1.12.0_941520327_linux_gtk_x86_64/plugins/com.st.stm32cube.ide.mcu.externaltools.gnu-tools-for-stm32.11.3.rel1.linux64_1.0.100.202301251239/tools/bin/../lib/gcc/arm-none-eabi/11.3.1/../../../../arm-none-eabi/lib/thumb/v7e-m+dp/hard/libc_nano.a(libc_a-findfp.o) (_fwalk_sglue)
/home/steinar/.eclipse/com.st.stm32cube.ide.mcu.rcp.product_1.12.0_941520327_linux_gtk_x86_64/plugins/com.st.stm32cube.ide.mcu.externaltools.gnu-tools-for-stm32.11.3.rel1.linux64_1.0.100.202301251239/tools/bin/../lib/gcc/arm-none-eabi/11.3.1/../../../../arm-none-eabi/lib/thumb/v7e-m+dp/hard/libc_nano.a(libc_a-printf.o)
                              ./Middlewares/ST/STM32_USB_Device_Library/Core/Src/usbd_core.o (printf)
/home/steinar/.eclipse/com.st.stm32cube.ide.mcu.rcp.product_1.12.0_941520327_linux_gtk_x86_64/plugins/com.st.stm32cube.ide.mcu.externaltools.gnu-tools-for-stm32.11.3.rel1.linux64_1.0.100.202301251239/tools/bin/../lib/gcc/arm-none-eabi/11.3.1/../../../../arm-none-eabi/lib/thumb/v7e-m+dp/hard/libc_nano.a(libc_a-putchar.o)
                              ./Middlewares/ST/STM32_USB_Device_Library/Core/Src/usbd_core.o (putchar)
/home/steinar/.eclipse/com.st.stm32cube.ide.mcu.rcp.product_1.12.0_941520327_linux_gtk_x86_64/plugins/com.st.stm32cube.ide.mcu.externaltools.gnu-tools-for-stm32.11.3.rel1.linux64_1.0.100.202301251239/tools/bin/../lib/gcc/arm-none-eabi/11.3.1/../../../../arm-none-eabi/lib/thumb/v7e-m+dp/hard/libc_nano.a(libc_a-stdio.o)
                              /home/steinar/.eclipse/com.st.stm32cube.ide.mcu.rcp.product_1.12.0_941520327_linux_gtk_x86_64/plugins/com.st.stm32cube.ide.mcu.externaltools.gnu-tools-for-stm32.11.3.rel1.linux64_1.0.100.202301251239/tools/bin/../lib/gcc/arm-none-eabi/11.3.1/../../../../arm-none-eabi/lib/thumb/v7e-m+dp/hard/libc_nano.a(libc_a-findfp.o) (__sread)
/home/steinar/.eclipse/com.st.stm32cube.ide.mcu.rcp.product_1.12.0_941520327_linux_gtk_x86_64/plugins/com.st.stm32cube.ide.mcu.externaltools.gnu-tools-for-stm32.11.3.rel1.linux64_1.0.100.202301251239/tools/bin/../lib/gcc/arm-none-eabi/11.3.1/../../../../arm-none-eabi/lib/thumb/v7e-m+dp/hard/libc_nano.a(libc_a-memset.o)
                              /home/steinar/.eclipse/com.st.stm32cube.ide.mcu.rcp.product_1.12.0_941520327_linux_gtk_x86_64/plugins/com.st.stm32cube.ide.mcu.externaltools.gnu-tools-for-stm32.11.3.rel1.linux64_1.0.100.202301251239/tools/bin/../lib/gcc/arm-none-eabi/11.3.1/../../../../arm-none-eabi/lib/thumb/v7e-m+dp/hard/crt0.o (memset)
/home/steinar/.eclipse/com.st.stm32cube.ide.mcu.rcp.product_1.12.0_941520327_linux_gtk_x86_64/plugins/com.st.stm32cube.ide.mcu.externaltools.gnu-tools-for-stm32.11.3.rel1.linux64_1.0.100.202301251239/tools/bin/../lib/gcc/arm-none-eabi/11.3.1/../../../../arm-none-eabi/lib/thumb/v7e-m+dp/hard/libc_nano.a(libc_a-closer.o)
                              /home/steinar/.eclipse/com.st.stm32cube.ide.mcu.rcp.product_1.12.0_941520327_linux_gtk_x86_64/plugins/com.st.stm32cube.ide.mcu.externaltools.gnu-tools-for-stm32.11.3.rel1.linux64_1.0.100.202301251239/tools/bin/../lib/gcc/arm-none-eabi/11.3.1/../../../../arm-none-eabi/lib/thumb/v7e-m+dp/hard/libc_nano.a(libc_a-stdio.o) (_close_r)
[...]
Memory Configuration

Name             Origin             Length             Attributes
ITCMRAM          0x0000000000000000 0x0000000000010000 xrw
FLASH            0x0000000008000000 0x0000000000200000 xr
DTCMRAM1         0x0000000020000000 0x0000000000010000 xrw
DTCMRAM2         0x0000000020010000 0x0000000000010000 xrw
RAM              0x0000000024000000 0x0000000000100000 xrw
RAM_CD           0x0000000030000000 0x0000000000020000 xrw
RAM_SRD          0x0000000038000000 0x0000000000008000 xrw
*default*        0x0000000000000000 0xffffffffffffffff

Linker script and memory map

LOAD /home/steinar/.eclipse/com.st.stm32cube.ide.mcu.rcp.product_1.12.0_941520327_linux_gtk_x86_64/plugins/com.st.stm32cube.ide.mcu.externaltools.gnu-tools-for-stm32.11.3.rel1.linux64_1.0.100.202301251239/tools/bin/../lib/gcc/arm-none-eabi/11.3.1/thumb/v7e-m+dp/hard/crti.o
LOAD /home/steinar/.eclipse/com.st.stm32cube.ide.mcu.rcp.product_1.12.0_941520327_linux_gtk_x86_64/plugins/com.st.stm32cube.ide.mcu.externaltools.gnu-tools-for-stm32.11.3.rel1.linux64_1.0.100.202301251239/tools/bin/../lib/gcc/arm-none-eabi/11.3.1/thumb/v7e-m+dp/hard/crtbegin.o
LOAD /home/steinar/.eclipse/com.st.stm32cube.ide.mcu.rcp.product_1.12.0_941520327_linux_gtk_x86_64/plugins/com.st.stm32cube.ide.mcu.externaltools.gnu-tools-for-stm32.11.3.rel1.linux64_1.0.100.202301251239/tools/bin/../lib/gcc/arm-none-eabi/11.3.1/../../../../arm-none-eabi/lib/thumb/v7e-m+dp/hard/crt0.o
LOAD ./Core/Src/main.o
LOAD ./Core/Src/stm32h7xx_hal_msp.o
LOAD ./Core/Src/stm32h7xx_it.o
LOAD ./Core/Src/syscalls.o
LOAD ./Core/Src/sysmem.o
LOAD ./Core/Src/system_stm32h7xx.o
LOAD ./Core/Startup/startup_stm32h7b3lihxq.o
LOAD ./Drivers/STM32H7xx_HAL_Driver/Src/stm32h7xx_hal.o
LOAD ./Drivers/STM32H7xx_HAL_Driver/Src/stm32h7xx_hal_cortex.o
LOAD ./Drivers/STM32H7xx_HAL_Driver/Src/stm32h7xx_hal_dma.o
LOAD ./Drivers/STM32H7xx_HAL_Driver/Src/stm32h7xx_hal_dma_ex.o
LOAD ./Drivers/STM32H7xx_HAL_Driver/Src/stm32h7xx_hal_exti.o
LOAD ./Drivers/STM32H7xx_HAL_Driver/Src/stm32h7xx_hal_flash.o
LOAD ./Drivers/STM32H7xx_HAL_Driver/Src/stm32h7xx_hal_flash_ex.o
LOAD ./Drivers/STM32H7xx_HAL_Driver/Src/stm32h7xx_hal_gpio.o
LOAD ./Drivers/STM32H7xx_HAL_Driver/Src/stm32h7xx_hal_hsem.o
LOAD ./Drivers/STM32H7xx_HAL_Driver/Src/stm32h7xx_hal_i2c.o
LOAD ./Drivers/STM32H7xx_HAL_Driver/Src/stm32h7xx_hal_i2c_ex.o
LOAD ./Drivers/STM32H7xx_HAL_Driver/Src/stm32h7xx_hal_mdma.o
LOAD ./Drivers/STM32H7xx_HAL_Driver/Src/stm32h7xx_hal_pcd.o
LOAD ./Drivers/STM32H7xx_HAL_Driver/Src/stm32h7xx_hal_pcd_ex.o
LOAD ./Drivers/STM32H7xx_HAL_Driver/Src/stm32h7xx_hal_pwr.o
LOAD ./Drivers/STM32H7xx_HAL_Driver/Src/stm32h7xx_hal_pwr_ex.o
LOAD ./Drivers/STM32H7xx_HAL_Driver/Src/stm32h7xx_hal_rcc.o
LOAD ./Drivers/STM32H7xx_HAL_Driver/Src/stm32h7xx_hal_rcc_ex.o
LOAD ./Drivers/STM32H7xx_HAL_Driver/Src/stm32h7xx_hal_tim.o
LOAD ./Drivers/STM32H7xx_HAL_Driver/Src/stm32h7xx_hal_tim_ex.o
LOAD ./Drivers/STM32H7xx_HAL_Driver/Src/stm32h7xx_ll_usb.o
LOAD ./Middlewares/ST/STM32_USB_Device_Library/Class/MSC/Src/usbd_msc.o
LOAD ./Middlewares/ST/STM32_USB_Device_Library/Class/MSC/Src/usbd_msc_bot.o
LOAD ./Middlewares/ST/STM32_USB_Device_Library/Class/MSC/Src/usbd_msc_data.o
LOAD ./Middlewares/ST/STM32_USB_Device_Library/Class/MSC/Src/usbd_msc_scsi.o
LOAD ./Middlewares/ST/STM32_USB_Device_Library/Core/Src/usbd_core.o
LOAD ./Middlewares/ST/STM32_USB_Device_Library/Core/Src/usbd_ctlreq.o
LOAD ./Middlewares/ST/STM32_USB_Device_Library/Core/Src/usbd_ioreq.o
LOAD ./USB_DEVICE/App/usb_device.o
LOAD ./USB_DEVICE/App/usbd_desc.o
LOAD ./USB_DEVICE/App/usbd_storage_if.o
LOAD ./USB_DEVICE/Target/usbd_conf.o
START GROUP
LOAD /home/steinar/.eclipse/com.st.stm32cube.ide.mcu.rcp.product_1.12.0_941520327_linux_gtk_x86_64/plugins/com.st.stm32cube.ide.mcu.externaltools.gnu-tools-for-stm32.11.3.rel1.linux64_1.0.100.202301251239/tools/bin/../lib/gcc/arm-none-eabi/11.3.1/../../../../arm-none-eabi/lib/thumb/v7e-m+dp/hard/libc_nano.a
LOAD /home/steinar/.eclipse/com.st.stm32cube.ide.mcu.rcp.product_1.12.0_941520327_linux_gtk_x86_64/plugins/com.st.stm32cube.ide.mcu.externaltools.gnu-tools-for-stm32.11.3.rel1.linux64_1.0.100.202301251239/tools/bin/../lib/gcc/arm-none-eabi/11.3.1/../../../../arm-none-eabi/lib/thumb/v7e-m+dp/hard/libm.a
END GROUP
START GROUP
LOAD /home/steinar/.eclipse/com.st.stm32cube.ide.mcu.rcp.product_1.12.0_941520327_linux_gtk_x86_64/plugins/com.st.stm32cube.ide.mcu.externaltools.gnu-tools-for-stm32.11.3.rel1.linux64_1.0.100.202301251239/tools/bin/../lib/gcc/arm-none-eabi/11.3.1/thumb/v7e-m+dp/hard/libgcc.a
LOAD /home/steinar/.eclipse/com.st.stm32cube.ide.mcu.rcp.product_1.12.0_941520327_linux_gtk_x86_64/plugins/com.st.stm32cube.ide.mcu.externaltools.gnu-tools-for-stm32.11.3.rel1.linux64_1.0.100.202301251239/tools/bin/../lib/gcc/arm-none-eabi/11.3.1/../../../../arm-none-eabi/lib/thumb/v7e-m+dp/hard/libc_nano.a
END GROUP
START GROUP
LOAD /home/steinar/.eclipse/com.st.stm32cube.ide.mcu.rcp.product_1.12.0_941520327_linux_gtk_x86_64/plugins/com.st.stm32cube.ide.mcu.externaltools.gnu-tools-for-stm32.11.3.rel1.linux64_1.0.100.202301251239/tools/bin/../lib/gcc/arm-none-eabi/11.3.1/thumb/v7e-m+dp/hard/libgcc.a
LOAD /home/steinar/.eclipse/com.st.stm32cube.ide.mcu.rcp.product_1.12.0_941520327_linux_gtk_x86_64/plugins/com.st.stm32cube.ide.mcu.externaltools.gnu-tools-for-stm32.11.3.rel1.linux64_1.0.100.202301251239/tools/bin/../lib/gcc/arm-none-eabi/11.3.1/../../../../arm-none-eabi/lib/thumb/v7e-m+dp/hard/libc_nano.a
LOAD /home/steinar/.eclipse/com.st.stm32cube.ide.mcu.rcp.product_1.12.0_941520327_linux_gtk_x86_64/plugins/com.st.stm32cube.ide.mcu.externaltools.gnu-tools-for-stm32.11.3.rel1.linux64_1.0.100.202301251239/tools/bin/../lib/gcc/arm-none-eabi/11.3.1/../../../../arm-none-eabi/lib/thumb/v7e-m+dp/hard/libnosys.a
END GROUP
START GROUP
LOAD /home/steinar/.eclipse/com.st.stm32cube.ide.mcu.rcp.product_1.12.0_941520327_linux_gtk_x86_64/plugins/com.st.stm32cube.ide.mcu.externaltools.gnu-tools-for-stm32.11.3.rel1.linux64_1.0.100.202301251239/tools/bin/../lib/gcc/arm-none-eabi/11.3.1/thumb/v7e-m+dp/hard/libgcc.a
LOAD /home/steinar/.eclipse/com.st.stm32cube.ide.mcu.rcp.product_1.12.0_941520327_linux_gtk_x86_64/plugins/com.st.stm32cube.ide.mcu.externaltools.gnu-tools-for-stm32.11.3.rel1.linux64_1.0.100.202301251239/tools/bin/../lib/gcc/arm-none-eabi/11.3.1/../../../../arm-none-eabi/lib/thumb/v7e-m+dp/hard/libc_nano.a
LOAD /home/steinar/.eclipse/com.st.stm32cube.ide.mcu.rcp.product_1.12.0_941520327_linux_gtk_x86_64/plugins/com.st.stm32cube.ide.mcu.externaltools.gnu-tools-for-stm32.11.3.rel1.linux64_1.0.100.202301251239/tools/bin/../lib/gcc/arm-none-eabi/11.3.1/../../../../arm-none-eabi/lib/thumb/v7e-m+dp/hard/libnosys.a
END GROUP
LOAD /home/steinar/.eclipse/com.st.stm32cube.ide.mcu.rcp.product_1.12.0_941520327_linux_gtk_x86_64/plugins/com.st.stm32cube.ide.mcu.externaltools.gnu-tools-for-stm32.11.3.rel1.linux64_1.0.100.202301251239/tools/bin/../lib/gcc/arm-none-eabi/11.3.1/thumb/v7e-m+dp/hard/crtend.o
LOAD /home/steinar/.eclipse/com.st.stm32cube.ide.mcu.rcp.product_1.12.0_941520327_linux_gtk_x86_64/plugins/com.st.stm32cube.ide.mcu.externaltools.gnu-tools-for-stm32.11.3.rel1.linux64_1.0.100.202301251239/tools/bin/../lib/gcc/arm-none-eabi/11.3.1/thumb/v7e-m+dp/hard/crtn.o
                0x0000000024100000                _estack = (ORIGIN (RAM) + LENGTH (RAM))
                0x0000000000000200                _Min_Heap_Size = 0x200
                0x0000000000000400                _Min_Stack_Size = 0x400

.isr_vector     0x0000000008000000      0x2ac
                0x0000000008000000                . = ALIGN (0x4)
 *(.isr_vector)
 .isr_vector    0x0000000008000000      0x2ac ./Core/Startup/startup_stm32h7b3lihxq.o
                0x0000000008000000                g_pfnVectors
                0x00000000080002ac                . = ALIGN (0x4)

.text           0x00000000080002b0     0xb704
                0x00000000080002b0                . = ALIGN (0x4)
 *(.text)
 .text          0x00000000080002b0       0x40 /home/steinar/.eclipse/com.st.stm32cube.ide.mcu.rcp.product_1.12.0_941520327_linux_gtk_x86_64/plugins/com.st.stm32cube.ide.mcu.externaltools.gnu-tools-for-stm32.11.3.rel1.linux64_1.0.100.202301251239/tools/bin/../lib/gcc/arm-none-eabi/11.3.1/thumb/v7e-m+dp/hard/crtbegin.o
 .text          0x00000000080002f0       0xa0 /home/steinar/.eclipse/com.st.stm32cube.ide.mcu.rcp.product_1.12.0_941520327_linux_gtk_x86_64/plugins/com.st.stm32cube.ide.mcu.externaltools.gnu-tools-for-stm32.11.3.rel1.linux64_1.0.100.202301251239/tools/bin/../lib/gcc/arm-none-eabi/11.3.1/../../../../arm-none-eabi/lib/thumb/v7e-m+dp/hard/libc_nano.a(libc_a-memchr.o)
                0x00000000080002f0                memchr
 *(.text*)
 .text.main     0x0000000008000390       0x16 ./Core/Src/main.o
                0x0000000008000390                main
 *fill*         0x00000000080003a6        0x2 
 .text.SystemClock_Config
                0x00000000080003a8      0x15c ./Core/Src/main.o
                0x00000000080003a8                SystemClock_Config
 .text.MX_GPIO_Init
                0x0000000008000504      0x5e8 ./Core/Src/main.o
 .text.Error_Handler
                0x0000000008000aec        0xa ./Core/Src/main.o
                0x0000000008000aec                Error_Handler
 *fill*         0x0000000008000af6        0x2 
 .text.HAL_MspInit
                0x0000000008000af8       0x34 ./Core/Src/stm32h7xx_hal_msp.o
                0x0000000008000af8                HAL_MspInit
 .text.NMI_Handler
                0x0000000008000b2c        0x6 ./Core/Src/stm32h7xx_it.o
                0x0000000008000b2c                NMI_Handler
 .text.HardFault_Handler
                0x0000000008000b32        0x6 ./Core/Src/stm32h7xx_it.o
                0x0000000008000b32                HardFault_Handler
 .text.MemManage_Handler
                0x0000000008000b38        0x6 ./Core/Src/stm32h7xx_it.o
                0x0000000008000b38                MemManage_Handler
 .text.BusFault_Handler
                0x0000000008000b3e        0x6 ./Core/Src/stm32h7xx_it.o
                0x0000000008000b3e                BusFault_Handler
 .text.UsageFault_Handler
                0x0000000008000b44        0x6 ./Core/Src/stm32h7xx_it.o
                0x0000000008000b44                UsageFault_Handler
 .text.SVC_Handler
                0x0000000008000b4a        0xe ./Core/Src/stm32h7xx_it.o
                0x0000000008000b4a                SVC_Handler
 .text.DebugMon_Handler
                0x0000000008000b58        0xe ./Core/Src/stm32h7xx_it.o
                0x0000000008000b58                DebugMon_Handler
 .text.PendSV_Handler
                0x0000000008000b66        0xe ./Core/Src/stm32h7xx_it.o
                0x0000000008000b66                PendSV_Handler
 .text.SysTick_Handler
                0x0000000008000b74        0xc ./Core/Src/stm32h7xx_it.o
                0x0000000008000b74                SysTick_Handler
 .text.OTG_HS_IRQHandler
                0x0000000008000b80       0x14 ./Core/Src/stm32h7xx_it.o
                0x0000000008000b80                OTG_HS_IRQHandler
 .text._read    0x0000000008000b94       0x3a ./Core/Src/syscalls.o
                0x0000000008000b94                _read
 .text._write   0x0000000008000bce       0x38 ./Core/Src/syscalls.o
                0x0000000008000bce                _write
 .text._close   0x0000000008000c06       0x18 ./Core/Src/syscalls.o
                0x0000000008000c06                _close
 .text._fstat   0x0000000008000c1e       0x20 ./Core/Src/syscalls.o
                0x0000000008000c1e                _fstat
 .text._isatty  0x0000000008000c3e       0x16 ./Core/Src/syscalls.o
                0x0000000008000c3e                _isatty
 .text._lseek   0x0000000008000c54       0x1a ./Core/Src/syscalls.o
                0x0000000008000c54                _lseek
 *fill*         0x0000000008000c6e        0x2 
 .text._sbrk    0x0000000008000c70       0x6c ./Core/Src/sysmem.o
                0x0000000008000c70                _sbrk
 .text.SystemInit
                0x0000000008000cdc       0xf0 ./Core/Src/system_stm32h7xx.o
                0x0000000008000cdc                SystemInit
 .text.Reset_Handler
                0x0000000008000dcc       0x50 ./Core/Startup/startup_stm32h7b3lihxq.o
                0x0000000008000dcc                Reset_Handler
 .text.Default_Handler
                0x0000000008000e1c        0x2 ./Core/Startup/startup_stm32h7b3lihxq.o
                0x0000000008000e1c                RTC_Alarm_IRQHandler
                0x0000000008000e1c                HASH_RNG_IRQHandler
                0x0000000008000e1c                EXTI2_IRQHandler
                0x0000000008000e1c                TIM8_CC_IRQHandler
                0x0000000008000e1c                UART8_IRQHandler
                0x0000000008000e1c                BDMA2_Channel1_IRQHandler
                0x0000000008000e1c                SPI4_IRQHandler
                0x0000000008000e1c                BDMA2_Channel0_IRQHandler
                0x0000000008000e1c                TIM1_CC_IRQHandler
                0x0000000008000e1c                DMA2_Stream5_IRQHandler
                0x0000000008000e1c                JPEG_IRQHandler
                0x0000000008000e1c                DMA1_Stream5_IRQHandler
                0x0000000008000e1c                EXTI3_IRQHandler
                0x0000000008000e1c                LPTIM4_IRQHandler
                0x0000000008000e1c                TIM8_TRG_COM_TIM14_IRQHandler
                0x0000000008000e1c                LPTIM2_IRQHandler
                0x0000000008000e1c                DFSDM1_FLT1_IRQHandler
                0x0000000008000e1c                DMAMUX2_OVR_IRQHandler
                0x0000000008000e1c                GFXMMU_IRQHandler
                0x0000000008000e1c                TIM8_UP_TIM13_IRQHandler
                0x0000000008000e1c                I2C3_ER_IRQHandler
                0x0000000008000e1c                DFSDM1_FLT2_IRQHandler
                0x0000000008000e1c                USART10_IRQHandler
                0x0000000008000e1c                MDMA_IRQHandler
                0x0000000008000e1c                LPTIM3_IRQHandler
                0x0000000008000e1c                BDMA2_Channel3_IRQHandler
                0x0000000008000e1c                HSEM1_IRQHandler
                0x0000000008000e1c                EXTI0_IRQHandler
                0x0000000008000e1c                I2C2_EV_IRQHandler
                0x0000000008000e1c                DAC2_IRQHandler
                0x0000000008000e1c                DMA1_Stream2_IRQHandler
                0x0000000008000e1c                FPU_IRQHandler
                0x0000000008000e1c                OTG_HS_WKUP_IRQHandler
                0x0000000008000e1c                FDCAN1_IT1_IRQHandler
                0x0000000008000e1c                LTDC_ER_IRQHandler
                0x0000000008000e1c                DMA2_Stream2_IRQHandler
                0x0000000008000e1c                SPI1_IRQHandler
                0x0000000008000e1c                OCTOSPI1_IRQHandler
                0x0000000008000e1c                TIM6_DAC_IRQHandler
                0x0000000008000e1c                BDMA2_Channel6_IRQHandler
                0x0000000008000e1c                DMA2_Stream3_IRQHandler
                0x0000000008000e1c                OCTOSPI2_IRQHandler
                0x0000000008000e1c                SAI2_IRQHandler
                0x0000000008000e1c                BDMA1_IRQHandler
                0x0000000008000e1c                DFSDM1_FLT3_IRQHandler
                0x0000000008000e1c                USART6_IRQHandler
                0x0000000008000e1c                TIM17_IRQHandler
                0x0000000008000e1c                USART3_IRQHandler
                0x0000000008000e1c                CRYP_IRQHandler
                0x0000000008000e1c                LPTIM5_IRQHandler
                0x0000000008000e1c                UART5_IRQHandler
                0x0000000008000e1c                DMA2_Stream0_IRQHandler
                0x0000000008000e1c                TIM4_IRQHandler
                0x0000000008000e1c                I2C1_EV_IRQHandler
                0x0000000008000e1c                DMA1_Stream6_IRQHandler
                0x0000000008000e1c                DMAMUX1_OVR_IRQHandler
                0x0000000008000e1c                DMA1_Stream1_IRQHandler
                0x0000000008000e1c                TIM16_IRQHandler
                0x0000000008000e1c                UART4_IRQHandler
                0x0000000008000e1c                TIM3_IRQHandler
                0x0000000008000e1c                RCC_IRQHandler
                0x0000000008000e1c                UART9_IRQHandler
                0x0000000008000e1c                TIM8_BRK_TIM12_IRQHandler
                0x0000000008000e1c                TIM1_TRG_COM_IRQHandler
                0x0000000008000e1c                Default_Handler
                0x0000000008000e1c                ECC_IRQHandler
                0x0000000008000e1c                BDMA2_Channel2_IRQHandler
                0x0000000008000e1c                CEC_IRQHandler
                0x0000000008000e1c                EXTI15_10_IRQHandler
                0x0000000008000e1c                DFSDM1_FLT4_IRQHandler
                0x0000000008000e1c                ADC_IRQHandler
                0x0000000008000e1c                OTFDEC1_IRQHandler
                0x0000000008000e1c                DMA1_Stream7_IRQHandler
                0x0000000008000e1c                SPI5_IRQHandler
                0x0000000008000e1c                TIM7_IRQHandler
                0x0000000008000e1c                SDMMC1_IRQHandler
                0x0000000008000e1c                TIM5_IRQHandler
                0x0000000008000e1c                DMA2_Stream7_IRQHandler
                0x0000000008000e1c                TIM15_IRQHandler
                0x0000000008000e1c                I2C3_EV_IRQHandler
                0x0000000008000e1c                DFSDM2_IRQHandler
                0x0000000008000e1c                EXTI9_5_IRQHandler
                0x0000000008000e1c                RTC_WKUP_IRQHandler
                0x0000000008000e1c                LTDC_IRQHandler
                0x0000000008000e1c                SPDIF_RX_IRQHandler
                0x0000000008000e1c                PVD_PVM_IRQHandler
                0x0000000008000e1c                SPI2_IRQHandler
                0x0000000008000e1c                OTG_HS_EP1_IN_IRQHandler
                0x0000000008000e1c                DFSDM1_FLT5_IRQHandler
                0x0000000008000e1c                DMA1_Stream0_IRQHandler
                0x0000000008000e1c                OTFDEC2_IRQHandler
                0x0000000008000e1c                CRS_IRQHandler
                0x0000000008000e1c                EXTI4_IRQHandler
                0x0000000008000e1c                DFSDM1_FLT6_IRQHandler
                0x0000000008000e1c                FDCAN2_IT1_IRQHandler
                0x0000000008000e1c                COMP_IRQHandler
                0x0000000008000e1c                TIM1_UP_IRQHandler
                0x0000000008000e1c                OTG_HS_EP1_OUT_IRQHandler
                0x0000000008000e1c                WWDG_IRQHandler
                0x0000000008000e1c                SPI6_IRQHandler
                0x0000000008000e1c                MDIOS_IRQHandler
                0x0000000008000e1c                I2C4_EV_IRQHandler
                0x0000000008000e1c                FDCAN2_IT0_IRQHandler
                0x0000000008000e1c                LPUART1_IRQHandler
                0x0000000008000e1c                FDCAN1_IT0_IRQHandler
                0x0000000008000e1c                TIM2_IRQHandler
                0x0000000008000e1c                BDMA2_Channel5_IRQHandler
                0x0000000008000e1c                DMA2D_IRQHandler
                0x0000000008000e1c                TIM1_BRK_IRQHandler
                0x0000000008000e1c                EXTI1_IRQHandler
                0x0000000008000e1c                SDMMC2_IRQHandler
                0x0000000008000e1c                DTS_IRQHandler
                0x0000000008000e1c                UART7_IRQHandler
                0x0000000008000e1c                MDIOS_WKUP_IRQHandler
                0x0000000008000e1c                USART2_IRQHandler
                0x0000000008000e1c                DFSDM1_FLT0_IRQHandler
                0x0000000008000e1c                I2C2_ER_IRQHandler
                0x0000000008000e1c                DMA2_Stream1_IRQHandler
                0x0000000008000e1c                DFSDM1_FLT7_IRQHandler
                0x0000000008000e1c                FLASH_IRQHandler
                0x0000000008000e1c                DMA2_Stream4_IRQHandler
                0x0000000008000e1c                USART1_IRQHandler
                0x0000000008000e1c                SPI3_IRQHandler
                0x0000000008000e1c                WAKEUP_PIN_IRQHandler
                0x0000000008000e1c                DMA1_Stream4_IRQHandler
                0x0000000008000e1c                I2C1_ER_IRQHandler
                0x0000000008000e1c                FMC_IRQHandler
                0x0000000008000e1c                BDMA2_Channel7_IRQHandler
                0x0000000008000e1c                FDCAN_CAL_IRQHandler
                0x0000000008000e1c                SWPMI1_IRQHandler
                0x0000000008000e1c                LPTIM1_IRQHandler
                0x0000000008000e1c                DCMI_PSSI_IRQHandler
                0x0000000008000e1c                I2C4_ER_IRQHandler
                0x0000000008000e1c                DMA2_Stream6_IRQHandler
                0x0000000008000e1c                SAI1_IRQHandler
                0x0000000008000e1c                DMA1_Stream3_IRQHandler
                0x0000000008000e1c                RTC_TAMP_STAMP_CSS_LSE_IRQHandler
                0x0000000008000e1c                BDMA2_Channel4_IRQHandler
 *fill*         0x0000000008000e1e        0x2 
 .text.HAL_Init
                0x0000000008000e20       0x78 ./Drivers/STM32H7xx_HAL_Driver/Src/stm32h7xx_hal.o
                0x0000000008000e20                HAL_Init
 .text.HAL_InitTick
                0x0000000008000e98       0x6c ./Drivers/STM32H7xx_HAL_Driver/Src/stm32h7xx_hal.o
                0x0000000008000e98                HAL_InitTick
 .text.HAL_IncTick
                0x0000000008000f04       0x28 ./Drivers/STM32H7xx_HAL_Driver/Src/stm32h7xx_hal.o
                0x0000000008000f04                HAL_IncTick
 .text.HAL_GetTick
                0x0000000008000f2c       0x18 ./Drivers/STM32H7xx_HAL_Driver/Src/stm32h7xx_hal.o
                0x0000000008000f2c                HAL_GetTick
 .text.HAL_Delay
                0x0000000008000f44       0x48 ./Drivers/STM32H7xx_HAL_Driver/Src/stm32h7xx_hal.o
                0x0000000008000f44                HAL_Delay
 .text.HAL_GetREVID
                0x0000000008000f8c       0x18 ./Drivers/STM32H7xx_HAL_Driver/Src/stm32h7xx_hal.o
                0x0000000008000f8c                HAL_GetREVID
 .text.__NVIC_SetPriorityGrouping
                0x0000000008000fa4       0x48 ./Drivers/STM32H7xx_HAL_Driver/Src/stm32h7xx_hal_cortex.o
 .text.__NVIC_GetPriorityGrouping
                0x0000000008000fec       0x1c ./Drivers/STM32H7xx_HAL_Driver/Src/stm32h7xx_hal_cortex.o
 .text.__NVIC_EnableIRQ
                0x0000000008001008       0x3c ./Drivers/STM32H7xx_HAL_Driver/Src/stm32h7xx_hal_cortex.o
 .text.__NVIC_SetPriority
                0x0000000008001044       0x54 ./Drivers/STM32H7xx_HAL_Driver/Src/stm32h7xx_hal_cortex.o
 .text.NVIC_EncodePriority
                0x0000000008001098       0x66 ./Drivers/STM32H7xx_HAL_Driver/Src/stm32h7xx_hal_cortex.o
 *fill*         0x00000000080010fe        0x2 
 .text.SysTick_Config
                0x0000000008001100       0x44 ./Drivers/STM32H7xx_HAL_Driver/Src/stm32h7xx_hal_cortex.o
 .text.HAL_NVIC_SetPriorityGrouping
                0x0000000008001144       0x16 ./Drivers/STM32H7xx_HAL_Driver/Src/stm32h7xx_hal_cortex.o
                0x0000000008001144                HAL_NVIC_SetPriorityGrouping
 .text.HAL_NVIC_SetPriority
                0x000000000800115a       0x34 ./Drivers/STM32H7xx_HAL_Driver/Src/stm32h7xx_hal_cortex.o
                0x000000000800115a                HAL_NVIC_SetPriority
 .text.HAL_NVIC_EnableIRQ
                0x000000000800118e       0x1c ./Drivers/STM32H7xx_HAL_Driver/Src/stm32h7xx_hal_cortex.o
                0x000000000800118e                HAL_NVIC_EnableIRQ
 .text.HAL_SYSTICK_Config
                0x00000000080011aa       0x18 ./Drivers/STM32H7xx_HAL_Driver/Src/stm32h7xx_hal_cortex.o
                0x00000000080011aa                HAL_SYSTICK_Config
 *fill*         0x00000000080011c2        0x2 
 .text.HAL_GPIO_Init
                0x00000000080011c4      0x360 ./Drivers/STM32H7xx_HAL_Driver/Src/stm32h7xx_hal_gpio.o
                0x00000000080011c4                HAL_GPIO_Init
 .text.HAL_GPIO_WritePin
                0x0000000008001524       0x32 ./Drivers/STM32H7xx_HAL_Driver/Src/stm32h7xx_hal_gpio.o
                0x0000000008001524                HAL_GPIO_WritePin
 .text.HAL_PCD_Init
                0x0000000008001556      0x218 ./Drivers/STM32H7xx_HAL_Driver/Src/stm32h7xx_hal_pcd.o
                0x0000000008001556                HAL_PCD_Init
 .text.HAL_PCD_Start
                0x000000000800176e       0x6a ./Drivers/STM32H7xx_HAL_Driver/Src/stm32h7xx_hal_pcd.o
                0x000000000800176e                HAL_PCD_Start
 .text.HAL_PCD_IRQHandler
                0x00000000080017d8      0x99c ./Drivers/STM32H7xx_HAL_Driver/Src/stm32h7xx_hal_pcd.o
                0x00000000080017d8                HAL_PCD_IRQHandler
 .text.HAL_PCD_SetAddress
                0x0000000008002174       0x48 ./Drivers/STM32H7xx_HAL_Driver/Src/stm32h7xx_hal_pcd.o
                0x0000000008002174                HAL_PCD_SetAddress
 .text.HAL_PCD_EP_Open
                0x00000000080021bc       0xd0 ./Drivers/STM32H7xx_HAL_Driver/Src/stm32h7xx_hal_pcd.o
                0x00000000080021bc                HAL_PCD_EP_Open
 .text.HAL_PCD_EP_Close
                0x000000000800228c       0x94 ./Drivers/STM32H7xx_HAL_Driver/Src/stm32h7xx_hal_pcd.o
                0x000000000800228c                HAL_PCD_EP_Close
 .text.HAL_PCD_EP_Receive
                0x0000000008002320       0x76 ./Drivers/STM32H7xx_HAL_Driver/Src/stm32h7xx_hal_pcd.o
                0x0000000008002320                HAL_PCD_EP_Receive
 .text.HAL_PCD_EP_GetRxCount
                0x0000000008002396       0x30 ./Drivers/STM32H7xx_HAL_Driver/Src/stm32h7xx_hal_pcd.o
                0x0000000008002396                HAL_PCD_EP_GetRxCount
 .text.HAL_PCD_EP_Transmit
                0x00000000080023c6       0x74 ./Drivers/STM32H7xx_HAL_Driver/Src/stm32h7xx_hal_pcd.o
                0x00000000080023c6                HAL_PCD_EP_Transmit
 .text.HAL_PCD_EP_SetStall
                0x000000000800243a       0xc6 ./Drivers/STM32H7xx_HAL_Driver/Src/stm32h7xx_hal_pcd.o
                0x000000000800243a                HAL_PCD_EP_SetStall
 .text.HAL_PCD_EP_ClrStall
                0x0000000008002500       0xac ./Drivers/STM32H7xx_HAL_Driver/Src/stm32h7xx_hal_pcd.o
                0x0000000008002500                HAL_PCD_EP_ClrStall
 .text.HAL_PCD_EP_Abort
                0x00000000080025ac       0x62 ./Drivers/STM32H7xx_HAL_Driver/Src/stm32h7xx_hal_pcd.o
                0x00000000080025ac                HAL_PCD_EP_Abort
 .text.HAL_PCD_EP_Flush
                0x000000000800260e       0x5a ./Drivers/STM32H7xx_HAL_Driver/Src/stm32h7xx_hal_pcd.o
                0x000000000800260e                HAL_PCD_EP_Flush
 .text.PCD_WriteEmptyTxFifo
                0x0000000008002668      0x118 ./Drivers/STM32H7xx_HAL_Driver/Src/stm32h7xx_hal_pcd.o
 .text.PCD_EP_OutXfrComplete_int
                0x0000000008002780      0x1d0 ./Drivers/STM32H7xx_HAL_Driver/Src/stm32h7xx_hal_pcd.o
 .text.PCD_EP_OutSetupPacket_int
                0x0000000008002950       0x8c ./Drivers/STM32H7xx_HAL_Driver/Src/stm32h7xx_hal_pcd.o
 .text.HAL_PCDEx_SetTxFiFo
                0x00000000080029dc       0x8e ./Drivers/STM32H7xx_HAL_Driver/Src/stm32h7xx_hal_pcd_ex.o
                0x00000000080029dc                HAL_PCDEx_SetTxFiFo
 .text.HAL_PCDEx_SetRxFiFo
                0x0000000008002a6a       0x22 ./Drivers/STM32H7xx_HAL_Driver/Src/stm32h7xx_hal_pcd_ex.o
                0x0000000008002a6a                HAL_PCDEx_SetRxFiFo
 .text.HAL_PCDEx_ActivateLPM
                0x0000000008002a8c       0x48 ./Drivers/STM32H7xx_HAL_Driver/Src/stm32h7xx_hal_pcd_ex.o
                0x0000000008002a8c                HAL_PCDEx_ActivateLPM
 .text.HAL_PCDEx_LPM_Callback
                0x0000000008002ad4       0x18 ./Drivers/STM32H7xx_HAL_Driver/Src/stm32h7xx_hal_pcd_ex.o
                0x0000000008002ad4                HAL_PCDEx_LPM_Callback
 .text.HAL_PWREx_ConfigSupply
                0x0000000008002aec       0xb4 ./Drivers/STM32H7xx_HAL_Driver/Src/stm32h7xx_hal_pwr_ex.o
                0x0000000008002aec                HAL_PWREx_ConfigSupply
 .text.HAL_PWREx_EnableUSBVoltageDetector
                0x0000000008002ba0       0x20 ./Drivers/STM32H7xx_HAL_Driver/Src/stm32h7xx_hal_pwr_ex.o
                0x0000000008002ba0                HAL_PWREx_EnableUSBVoltageDetector
 .text.HAL_RCC_OscConfig
                0x0000000008002bc0      0x864 ./Drivers/STM32H7xx_HAL_Driver/Src/stm32h7xx_hal_rcc.o
                0x0000000008002bc0                HAL_RCC_OscConfig
 .text.HAL_RCC_ClockConfig
                0x0000000008003424      0x36c ./Drivers/STM32H7xx_HAL_Driver/Src/stm32h7xx_hal_rcc.o
                0x0000000008003424                HAL_RCC_ClockConfig
 .text.HAL_RCC_MCOConfig
                0x0000000008003790       0xd4 ./Drivers/STM32H7xx_HAL_Driver/Src/stm32h7xx_hal_rcc.o
                0x0000000008003790                HAL_RCC_MCOConfig
 .text.HAL_RCC_GetSysClockFreq
                0x0000000008003864      0x2f4 ./Drivers/STM32H7xx_HAL_Driver/Src/stm32h7xx_hal_rcc.o
                0x0000000008003864                HAL_RCC_GetSysClockFreq
 .text.HAL_RCC_GetHCLKFreq
                0x0000000008003b58       0x60 ./Drivers/STM32H7xx_HAL_Driver/Src/stm32h7xx_hal_rcc.o
                0x0000000008003b58                HAL_RCC_GetHCLKFreq
 .text.HAL_RCCEx_PeriphCLKConfig
                0x0000000008003bb8     0x137c ./Drivers/STM32H7xx_HAL_Driver/Src/stm32h7xx_hal_rcc_ex.o
                0x0000000008003bb8                HAL_RCCEx_PeriphCLKConfig
 .text.HAL_RCCEx_CRSConfig
                0x0000000008004f34       0xac ./Drivers/STM32H7xx_HAL_Driver/Src/stm32h7xx_hal_rcc_ex.o
                0x0000000008004f34                HAL_RCCEx_CRSConfig
 .text.RCCEx_PLL2_Config
                0x0000000008004fe0      0x164 ./Drivers/STM32H7xx_HAL_Driver/Src/stm32h7xx_hal_rcc_ex.o
 .text.RCCEx_PLL3_Config
                0x0000000008005144      0x164 ./Drivers/STM32H7xx_HAL_Driver/Src/stm32h7xx_hal_rcc_ex.o
 .text.USB_CoreInit
                0x00000000080052a8       0xe4 ./Drivers/STM32H7xx_HAL_Driver/Src/stm32h7xx_ll_usb.o
                0x00000000080052a8                USB_CoreInit
 .text.USB_SetTurnaroundTime
                0x000000000800538c      0x144 ./Drivers/STM32H7xx_HAL_Driver/Src/stm32h7xx_ll_usb.o
                0x000000000800538c                USB_SetTurnaroundTime
 .text.USB_EnableGlobalInt
                0x00000000080054d0       0x22 ./Drivers/STM32H7xx_HAL_Driver/Src/stm32h7xx_ll_usb.o
                0x00000000080054d0                USB_EnableGlobalInt
 .text.USB_DisableGlobalInt
                0x00000000080054f2       0x22 ./Drivers/STM32H7xx_HAL_Driver/Src/stm32h7xx_ll_usb.o
                0x00000000080054f2                USB_DisableGlobalInt
 .text.USB_SetCurrentMode
                0x0000000008005514       0x98 ./Drivers/STM32H7xx_HAL_Driver/Src/stm32h7xx_ll_usb.o
                0x0000000008005514                USB_SetCurrentMode
 .text.USB_DevInit
                0x00000000080055ac      0x2bc ./Drivers/STM32H7xx_HAL_Driver/Src/stm32h7xx_ll_usb.o
                0x00000000080055ac                USB_DevInit
 .text.USB_FlushTxFifo
                0x0000000008005868       0x64 ./Drivers/STM32H7xx_HAL_Driver/Src/stm32h7xx_ll_usb.o
                0x0000000008005868                USB_FlushTxFifo
 .text.USB_FlushRxFifo
                0x00000000080058cc       0x5c ./Drivers/STM32H7xx_HAL_Driver/Src/stm32h7xx_ll_usb.o
                0x00000000080058cc                USB_FlushRxFifo
 .text.USB_SetDevSpeed
                0x0000000008005928       0x32 ./Drivers/STM32H7xx_HAL_Driver/Src/stm32h7xx_ll_usb.o
                0x0000000008005928                USB_SetDevSpeed
 .text.USB_GetDevSpeed
                0x000000000800595a       0x4a ./Drivers/STM32H7xx_HAL_Driver/Src/stm32h7xx_ll_usb.o
                0x000000000800595a                USB_GetDevSpeed
 .text.USB_ActivateEndpoint
                0x00000000080059a4      0x110 ./Drivers/STM32H7xx_HAL_Driver/Src/stm32h7xx_ll_usb.o
                0x00000000080059a4                USB_ActivateEndpoint
 .text.USB_DeactivateEndpoint
                0x0000000008005ab4      0x1b8 ./Drivers/STM32H7xx_HAL_Driver/Src/stm32h7xx_ll_usb.o
                0x0000000008005ab4                USB_DeactivateEndpoint
 .text.USB_EPStartXfer
                0x0000000008005c6c      0x540 ./Drivers/STM32H7xx_HAL_Driver/Src/stm32h7xx_ll_usb.o
                0x0000000008005c6c                USB_EPStartXfer
 .text.USB_EPStopXfer
                0x00000000080061ac      0x154 ./Drivers/STM32H7xx_HAL_Driver/Src/stm32h7xx_ll_usb.o
                0x00000000080061ac                USB_EPStopXfer
 .text.USB_WritePacket
                0x0000000008006300       0x7c ./Drivers/STM32H7xx_HAL_Driver/Src/stm32h7xx_ll_usb.o
                0x0000000008006300                USB_WritePacket
 .text.USB_ReadPacket
                0x000000000800637c       0xb0 ./Drivers/STM32H7xx_HAL_Driver/Src/stm32h7xx_ll_usb.o
                0x000000000800637c                USB_ReadPacket
 .text.USB_EPSetStall
                0x000000000800642c       0xdc ./Drivers/STM32H7xx_HAL_Driver/Src/stm32h7xx_ll_usb.o
                0x000000000800642c                USB_EPSetStall
 .text.USB_EPClearStall
                0x0000000008006508       0xcc ./Drivers/STM32H7xx_HAL_Driver/Src/stm32h7xx_ll_usb.o
                0x0000000008006508                USB_EPClearStall
 .text.USB_SetDevAddress
                0x00000000080065d4       0x4c ./Drivers/STM32H7xx_HAL_Driver/Src/stm32h7xx_ll_usb.o
                0x00000000080065d4                USB_SetDevAddress
 .text.USB_DevConnect
                0x0000000008006620       0x42 ./Drivers/STM32H7xx_HAL_Driver/Src/stm32h7xx_ll_usb.o
                0x0000000008006620                USB_DevConnect
 .text.USB_DevDisconnect
                0x0000000008006662       0x42 ./Drivers/STM32H7xx_HAL_Driver/Src/stm32h7xx_ll_usb.o
                0x0000000008006662                USB_DevDisconnect
 .text.USB_ReadInterrupts
                0x00000000080066a4       0x26 ./Drivers/STM32H7xx_HAL_Driver/Src/stm32h7xx_ll_usb.o
                0x00000000080066a4                USB_ReadInterrupts
 .text.USB_ReadDevAllOutEpInterrupt
                0x00000000080066ca       0x34 ./Drivers/STM32H7xx_HAL_Driver/Src/stm32h7xx_ll_usb.o
                0x00000000080066ca                USB_ReadDevAllOutEpInterrupt
 .text.USB_ReadDevAllInEpInterrupt
                0x00000000080066fe       0x34 ./Drivers/STM32H7xx_HAL_Driver/Src/stm32h7xx_ll_usb.o
                0x00000000080066fe                USB_ReadDevAllInEpInterrupt
 .text.USB_ReadDevOutEPInterrupt
                0x0000000008006732       0x3c ./Drivers/STM32H7xx_HAL_Driver/Src/stm32h7xx_ll_usb.o
                0x0000000008006732                USB_ReadDevOutEPInterrupt
 .text.USB_ReadDevInEPInterrupt
                0x000000000800676e       0x5c ./Drivers/STM32H7xx_HAL_Driver/Src/stm32h7xx_ll_usb.o
                0x000000000800676e                USB_ReadDevInEPInterrupt
 .text.USB_GetMode
                0x00000000080067ca       0x1c ./Drivers/STM32H7xx_HAL_Driver/Src/stm32h7xx_ll_usb.o
                0x00000000080067ca                USB_GetMode
 *fill*         0x00000000080067e6        0x2 
 .text.USB_ActivateSetup
                0x00000000080067e8       0x48 ./Drivers/STM32H7xx_HAL_Driver/Src/stm32h7xx_ll_usb.o
                0x00000000080067e8                USB_ActivateSetup
 .text.USB_EP0_OutStart
                0x0000000008006830       0xbc ./Drivers/STM32H7xx_HAL_Driver/Src/stm32h7xx_ll_usb.o
                0x0000000008006830                USB_EP0_OutStart
 .text.USB_CoreReset
                0x00000000080068ec       0x62 ./Drivers/STM32H7xx_HAL_Driver/Src/stm32h7xx_ll_usb.o
 *fill*         0x000000000800694e        0x2 
 .text.USBD_MSC_Init
                0x0000000008006950      0x120 ./Middlewares/ST/STM32_USB_Device_Library/Class/MSC/Src/usbd_msc.o
                0x0000000008006950                USBD_MSC_Init
 .text.USBD_MSC_DeInit
                0x0000000008006a70       0xb0 ./Middlewares/ST/STM32_USB_Device_Library/Class/MSC/Src/usbd_msc.o
                0x0000000008006a70                USBD_MSC_DeInit
 .text.USBD_MSC_Setup
                0x0000000008006b20      0x1f8 ./Middlewares/ST/STM32_USB_Device_Library/Class/MSC/Src/usbd_msc.o
                0x0000000008006b20                USBD_MSC_Setup
 .text.USBD_MSC_DataIn
                0x0000000008006d18       0x20 ./Middlewares/ST/STM32_USB_Device_Library/Class/MSC/Src/usbd_msc.o
                0x0000000008006d18                USBD_MSC_DataIn
 .text.USBD_MSC_DataOut
                0x0000000008006d38       0x20 ./Middlewares/ST/STM32_USB_Device_Library/Class/MSC/Src/usbd_msc.o
                0x0000000008006d38                USBD_MSC_DataOut
 .text.USBD_MSC_GetHSCfgDesc
                0x0000000008006d58       0x58 ./Middlewares/ST/STM32_USB_Device_Library/Class/MSC/Src/usbd_msc.o
                0x0000000008006d58                USBD_MSC_GetHSCfgDesc
 .text.USBD_MSC_GetFSCfgDesc
                0x0000000008006db0       0x58 ./Middlewares/ST/STM32_USB_Device_Library/Class/MSC/Src/usbd_msc.o
                0x0000000008006db0                USBD_MSC_GetFSCfgDesc
 .text.USBD_MSC_GetOtherSpeedCfgDesc
                0x0000000008006e08       0x58 ./Middlewares/ST/STM32_USB_Device_Library/Class/MSC/Src/usbd_msc.o
                0x0000000008006e08                USBD_MSC_GetOtherSpeedCfgDesc
 .text.USBD_MSC_GetDeviceQualifierDescriptor
                0x0000000008006e60       0x20 ./Middlewares/ST/STM32_USB_Device_Library/Class/MSC/Src/usbd_msc.o
                0x0000000008006e60                USBD_MSC_GetDeviceQualifierDescriptor
 .text.USBD_MSC_RegisterStorage
                0x0000000008006e80       0x34 ./Middlewares/ST/STM32_USB_Device_Library/Class/MSC/Src/usbd_msc.o
                0x0000000008006e80                USBD_MSC_RegisterStorage
 .text.MSC_BOT_Init
                0x0000000008006eb4       0x94 ./Middlewares/ST/STM32_USB_Device_Library/Class/MSC/Src/usbd_msc_bot.o
                0x0000000008006eb4                MSC_BOT_Init
 .text.MSC_BOT_Reset
                0x0000000008006f48       0x68 ./Middlewares/ST/STM32_USB_Device_Library/Class/MSC/Src/usbd_msc_bot.o
                0x0000000008006f48                MSC_BOT_Reset
 .text.MSC_BOT_DeInit
                0x0000000008006fb0       0x30 ./Middlewares/ST/STM32_USB_Device_Library/Class/MSC/Src/usbd_msc_bot.o
                0x0000000008006fb0                MSC_BOT_DeInit
 .text.MSC_BOT_DataIn
                0x0000000008006fe0       0x74 ./Middlewares/ST/STM32_USB_Device_Library/Class/MSC/Src/usbd_msc_bot.o
                0x0000000008006fe0                MSC_BOT_DataIn
 .text.MSC_BOT_DataOut
                0x0000000008007054       0x68 ./Middlewares/ST/STM32_USB_Device_Library/Class/MSC/Src/usbd_msc_bot.o
                0x0000000008007054                MSC_BOT_DataOut
 .text.MSC_BOT_CBW_Decode
                0x00000000080070bc      0x128 ./Middlewares/ST/STM32_USB_Device_Library/Class/MSC/Src/usbd_msc_bot.o
 .text.MSC_BOT_SendData
                0x00000000080071e4       0x6c ./Middlewares/ST/STM32_USB_Device_Library/Class/MSC/Src/usbd_msc_bot.o
 .text.MSC_BOT_SendCSW
                0x0000000008007250       0x74 ./Middlewares/ST/STM32_USB_Device_Library/Class/MSC/Src/usbd_msc_bot.o
                0x0000000008007250                MSC_BOT_SendCSW
 .text.MSC_BOT_Abort
                0x00000000080072c4       0x84 ./Middlewares/ST/STM32_USB_Device_Library/Class/MSC/Src/usbd_msc_bot.o
 .text.MSC_BOT_CplClrFeature
                0x0000000008007348       0x74 ./Middlewares/ST/STM32_USB_Device_Library/Class/MSC/Src/usbd_msc_bot.o
                0x0000000008007348                MSC_BOT_CplClrFeature
 .text.SCSI_ProcessCmd
                0x00000000080073bc      0x304 ./Middlewares/ST/STM32_USB_Device_Library/Class/MSC/Src/usbd_msc_scsi.o
                0x00000000080073bc                SCSI_ProcessCmd
 .text.SCSI_TestUnitReady
                0x00000000080076c0       0xb2 ./Middlewares/ST/STM32_USB_Device_Library/Class/MSC/Src/usbd_msc_scsi.o
 *fill*         0x0000000008007772        0x2 
 .text.SCSI_Inquiry
                0x0000000008007774       0xfc ./Middlewares/ST/STM32_USB_Device_Library/Class/MSC/Src/usbd_msc_scsi.o
 .text.SCSI_ReadCapacity10
                0x0000000008007870       0xfc ./Middlewares/ST/STM32_USB_Device_Library/Class/MSC/Src/usbd_msc_scsi.o
 .text.SCSI_ReadCapacity16
                0x000000000800796c      0x168 ./Middlewares/ST/STM32_USB_Device_Library/Class/MSC/Src/usbd_msc_scsi.o
 .text.SCSI_ReadFormatCapacity
                0x0000000008007ad4       0xf6 ./Middlewares/ST/STM32_USB_Device_Library/Class/MSC/Src/usbd_msc_scsi.o
 *fill*         0x0000000008007bca        0x2 
 .text.SCSI_ModeSense6
                0x0000000008007bcc       0x8c ./Middlewares/ST/STM32_USB_Device_Library/Class/MSC/Src/usbd_msc_scsi.o
 .text.SCSI_ModeSense10
                0x0000000008007c58       0x8c ./Middlewares/ST/STM32_USB_Device_Library/Class/MSC/Src/usbd_msc_scsi.o
 .text.SCSI_RequestSense
                0x0000000008007ce4      0x106 ./Middlewares/ST/STM32_USB_Device_Library/Class/MSC/Src/usbd_msc_scsi.o
 .text.SCSI_SenseCode
                0x0000000008007dea       0x96 ./Middlewares/ST/STM32_USB_Device_Library/Class/MSC/Src/usbd_msc_scsi.o
                0x0000000008007dea                SCSI_SenseCode
 .text.SCSI_StartStopUnit
                0x0000000008007e80       0xaa ./Middlewares/ST/STM32_USB_Device_Library/Class/MSC/Src/usbd_msc_scsi.o
 .text.SCSI_AllowPreventRemovable
                0x0000000008007f2a       0x5a ./Middlewares/ST/STM32_USB_Device_Library/Class/MSC/Src/usbd_msc_scsi.o
 .text.SCSI_Read10
                0x0000000008007f84      0x154 ./Middlewares/ST/STM32_USB_Device_Library/Class/MSC/Src/usbd_msc_scsi.o
 .text.SCSI_Read12
                0x00000000080080d8      0x168 ./Middlewares/ST/STM32_USB_Device_Library/Class/MSC/Src/usbd_msc_scsi.o
 .text.SCSI_Write10
                0x0000000008008240      0x1ac ./Middlewares/ST/STM32_USB_Device_Library/Class/MSC/Src/usbd_msc_scsi.o
 .text.SCSI_Write12
                0x00000000080083ec      0x1cc ./Middlewares/ST/STM32_USB_Device_Library/Class/MSC/Src/usbd_msc_scsi.o
 .text.SCSI_Verify10
                0x00000000080085b8       0x7a ./Middlewares/ST/STM32_USB_Device_Library/Class/MSC/Src/usbd_msc_scsi.o
 .text.SCSI_CheckAddressRange
                0x0000000008008632       0x58 ./Middlewares/ST/STM32_USB_Device_Library/Class/MSC/Src/usbd_msc_scsi.o
 *fill*         0x000000000800868a        0x2 
 .text.SCSI_ProcessRead
                0x000000000800868c      0x10c ./Middlewares/ST/STM32_USB_Device_Library/Class/MSC/Src/usbd_msc_scsi.o
 .text.SCSI_ProcessWrite
                0x0000000008008798      0x12c ./Middlewares/ST/STM32_USB_Device_Library/Class/MSC/Src/usbd_msc_scsi.o
 .text.SCSI_UpdateBotData
                0x00000000080088c4       0x52 ./Middlewares/ST/STM32_USB_Device_Library/Class/MSC/Src/usbd_msc_scsi.o
 *fill*         0x0000000008008916        0x2 
 .text.USBD_Init
                0x0000000008008918       0x7c ./Middlewares/ST/STM32_USB_Device_Library/Core/Src/usbd_core.o
                0x0000000008008918                USBD_Init
 .text.USBD_RegisterClass
                0x0000000008008994       0x88 ./Middlewares/ST/STM32_USB_Device_Library/Core/Src/usbd_core.o
                0x0000000008008994                USBD_RegisterClass
 .text.USBD_Start
                0x0000000008008a1c       0x18 ./Middlewares/ST/STM32_USB_Device_Library/Core/Src/usbd_core.o
                0x0000000008008a1c                USBD_Start
 .text.USBD_RunTestMode
                0x0000000008008a34       0x16 ./Middlewares/ST/STM32_USB_Device_Library/Core/Src/usbd_core.o
                0x0000000008008a34                USBD_RunTestMode
 .text.USBD_SetClassConfig
                0x0000000008008a4a       0x38 ./Middlewares/ST/STM32_USB_Device_Library/Core/Src/usbd_core.o
                0x0000000008008a4a                USBD_SetClassConfig
 .text.USBD_ClrClassConfig
                0x0000000008008a82       0x34 ./Middlewares/ST/STM32_USB_Device_Library/Core/Src/usbd_core.o
                0x0000000008008a82                USBD_ClrClassConfig
 .text.USBD_LL_SetupStage
                0x0000000008008ab6       0xaa ./Middlewares/ST/STM32_USB_Device_Library/Core/Src/usbd_core.o
                0x0000000008008ab6                USBD_LL_SetupStage
 .text.USBD_LL_DataOutStage
                0x0000000008008b60      0x166 ./Middlewares/ST/STM32_USB_Device_Library/Core/Src/usbd_core.o
                0x0000000008008b60                USBD_LL_DataOutStage
 .text.USBD_LL_DataInStage
                0x0000000008008cc6      0x164 ./Middlewares/ST/STM32_USB_Device_Library/Core/Src/usbd_core.o
                0x0000000008008cc6                USBD_LL_DataInStage
 .text.USBD_LL_Reset
                0x0000000008008e2a       0xa4 ./Middlewares/ST/STM32_USB_Device_Library/Core/Src/usbd_core.o
                0x0000000008008e2a                USBD_LL_Reset
 .text.USBD_LL_SetSpeed
                0x0000000008008ece       0x20 ./Middlewares/ST/STM32_USB_Device_Library/Core/Src/usbd_core.o
                0x0000000008008ece                USBD_LL_SetSpeed
 .text.USBD_LL_Suspend
                0x0000000008008eee       0x38 ./Middlewares/ST/STM32_USB_Device_Library/Core/Src/usbd_core.o
                0x0000000008008eee                USBD_LL_Suspend
 .text.USBD_LL_Resume
                0x0000000008008f26       0x30 ./Middlewares/ST/STM32_USB_Device_Library/Core/Src/usbd_core.o
                0x0000000008008f26                USBD_LL_Resume
 .text.USBD_LL_SOF
                0x0000000008008f56       0x40 ./Middlewares/ST/STM32_USB_Device_Library/Core/Src/usbd_core.o
                0x0000000008008f56                USBD_LL_SOF
 .text.USBD_LL_IsoINIncomplete
                0x0000000008008f96       0x64 ./Middlewares/ST/STM32_USB_Device_Library/Core/Src/usbd_core.o
                0x0000000008008f96                USBD_LL_IsoINIncomplete
 .text.USBD_LL_IsoOUTIncomplete
                0x0000000008008ffa       0x64 ./Middlewares/ST/STM32_USB_Device_Library/Core/Src/usbd_core.o
                0x0000000008008ffa                USBD_LL_IsoOUTIncomplete
 .text.USBD_LL_DevConnected
                0x000000000800905e       0x16 ./Middlewares/ST/STM32_USB_Device_Library/Core/Src/usbd_core.o
                0x000000000800905e                USBD_LL_DevConnected
 .text.USBD_LL_DevDisconnected
                0x0000000008009074       0x46 ./Middlewares/ST/STM32_USB_Device_Library/Core/Src/usbd_core.o
                0x0000000008009074                USBD_LL_DevDisconnected
 .text.USBD_CoreFindIF
                0x00000000080090ba       0x1a ./Middlewares/ST/STM32_USB_Device_Library/Core/Src/usbd_core.o
                0x00000000080090ba                USBD_CoreFindIF
 .text.USBD_CoreFindEP
                0x00000000080090d4       0x1a ./Middlewares/ST/STM32_USB_Device_Library/Core/Src/usbd_core.o
                0x00000000080090d4                USBD_CoreFindEP
 .text.USBD_GetEpDesc
                0x00000000080090ee       0x74 ./Middlewares/ST/STM32_USB_Device_Library/Core/Src/usbd_core.o
                0x00000000080090ee                USBD_GetEpDesc
 .text.USBD_GetNextDesc
                0x0000000008009162       0x3a ./Middlewares/ST/STM32_USB_Device_Library/Core/Src/usbd_core.o
                0x0000000008009162                USBD_GetNextDesc
 .text.SWAPBYTE
                0x000000000800919c       0x3c ./Middlewares/ST/STM32_USB_Device_Library/Core/Src/usbd_ctlreq.o
 .text.USBD_StdDevReq
                0x00000000080091d8       0xe4 ./Middlewares/ST/STM32_USB_Device_Library/Core/Src/usbd_ctlreq.o
                0x00000000080091d8                USBD_StdDevReq
 .text.USBD_StdItfReq
                0x00000000080092bc       0xd8 ./Middlewares/ST/STM32_USB_Device_Library/Core/Src/usbd_ctlreq.o
                0x00000000080092bc                USBD_StdItfReq
 .text.USBD_StdEPReq
                0x0000000008009394      0x33a ./Middlewares/ST/STM32_USB_Device_Library/Core/Src/usbd_ctlreq.o
                0x0000000008009394                USBD_StdEPReq
 *fill*         0x00000000080096ce        0x2 
 .text.USBD_GetDescriptor
                0x00000000080096d0      0x2d4 ./Middlewares/ST/STM32_USB_Device_Library/Core/Src/usbd_ctlreq.o
 .text.USBD_SetAddress
                0x00000000080099a4       0x88 ./Middlewares/ST/STM32_USB_Device_Library/Core/Src/usbd_ctlreq.o
 .text.USBD_SetConfig
                0x0000000008009a2c      0x154 ./Middlewares/ST/STM32_USB_Device_Library/Core/Src/usbd_ctlreq.o
 .text.USBD_GetConfig
                0x0000000008009b80       0x6c ./Middlewares/ST/STM32_USB_Device_Library/Core/Src/usbd_ctlreq.o
 .text.USBD_GetStatus
                0x0000000008009bec       0x68 ./Middlewares/ST/STM32_USB_Device_Library/Core/Src/usbd_ctlreq.o
 .text.USBD_SetFeature
                0x0000000008009c54       0x52 ./Middlewares/ST/STM32_USB_Device_Library/Core/Src/usbd_ctlreq.o
 .text.USBD_ClrFeature
                0x0000000008009ca6       0x44 ./Middlewares/ST/STM32_USB_Device_Library/Core/Src/usbd_ctlreq.o
 .text.USBD_ParseSetupRequest
                0x0000000008009cea       0x74 ./Middlewares/ST/STM32_USB_Device_Library/Core/Src/usbd_ctlreq.o
                0x0000000008009cea                USBD_ParseSetupRequest
 .text.USBD_CtlError
                0x0000000008009d5e       0x22 ./Middlewares/ST/STM32_USB_Device_Library/Core/Src/usbd_ctlreq.o
                0x0000000008009d5e                USBD_CtlError
 .text.USBD_GetString
                0x0000000008009d80       0xa4 ./Middlewares/ST/STM32_USB_Device_Library/Core/Src/usbd_ctlreq.o
                0x0000000008009d80                USBD_GetString
 .text.USBD_GetLen
                0x0000000008009e24       0x34 ./Middlewares/ST/STM32_USB_Device_Library/Core/Src/usbd_ctlreq.o
 .text.USBD_CtlSendData
                0x0000000008009e58       0x36 ./Middlewares/ST/STM32_USB_Device_Library/Core/Src/usbd_ioreq.o
                0x0000000008009e58                USBD_CtlSendData
 .text.USBD_CtlContinueSendData
                0x0000000008009e8e       0x22 ./Middlewares/ST/STM32_USB_Device_Library/Core/Src/usbd_ioreq.o
                0x0000000008009e8e                USBD_CtlContinueSendData
 .text.USBD_CtlContinueRx
                0x0000000008009eb0       0x22 ./Middlewares/ST/STM32_USB_Device_Library/Core/Src/usbd_ioreq.o
                0x0000000008009eb0                USBD_CtlContinueRx
 .text.USBD_CtlSendStatus
                0x0000000008009ed2       0x26 ./Middlewares/ST/STM32_USB_Device_Library/Core/Src/usbd_ioreq.o
                0x0000000008009ed2                USBD_CtlSendStatus
 .text.USBD_CtlReceiveStatus
                0x0000000008009ef8       0x26 ./Middlewares/ST/STM32_USB_Device_Library/Core/Src/usbd_ioreq.o
                0x0000000008009ef8                USBD_CtlReceiveStatus
 *fill*         0x0000000008009f1e        0x2 
 .text.MX_USB_DEVICE_Init
                0x0000000008009f20       0x64 ./USB_DEVICE/App/usb_device.o
                0x0000000008009f20                MX_USB_DEVICE_Init
 .text.USBD_HS_DeviceDescriptor
                0x0000000008009f84       0x24 ./USB_DEVICE/App/usbd_desc.o
                0x0000000008009f84                USBD_HS_DeviceDescriptor
 .text.USBD_HS_LangIDStrDescriptor
                0x0000000008009fa8       0x24 ./USB_DEVICE/App/usbd_desc.o
                0x0000000008009fa8                USBD_HS_LangIDStrDescriptor
 .text.USBD_HS_ProductStrDescriptor
                0x0000000008009fcc       0x3c ./USB_DEVICE/App/usbd_desc.o
                0x0000000008009fcc                USBD_HS_ProductStrDescriptor
 .text.USBD_HS_ManufacturerStrDescriptor
                0x000000000800a008       0x28 ./USB_DEVICE/App/usbd_desc.o
                0x000000000800a008                USBD_HS_ManufacturerStrDescriptor
 .text.USBD_HS_SerialStrDescriptor
                0x000000000800a030       0x24 ./USB_DEVICE/App/usbd_desc.o
                0x000000000800a030                USBD_HS_SerialStrDescriptor
 .text.USBD_HS_ConfigStrDescriptor
                0x000000000800a054       0x3c ./USB_DEVICE/App/usbd_desc.o
                0x000000000800a054                USBD_HS_ConfigStrDescriptor
 .text.USBD_HS_InterfaceStrDescriptor
                0x000000000800a090       0x3c ./USB_DEVICE/App/usbd_desc.o
                0x000000000800a090                USBD_HS_InterfaceStrDescriptor
 .text.Get_SerialNum
                0x000000000800a0cc       0x58 ./USB_DEVICE/App/usbd_desc.o
 .text.IntToUnicode
                0x000000000800a124       0x7e ./USB_DEVICE/App/usbd_desc.o
 .text.STORAGE_Init_HS
                0x000000000800a1a2       0x18 ./USB_DEVICE/App/usbd_storage_if.o
 .text.STORAGE_GetCapacity_HS
                0x000000000800a1ba       0x2c ./USB_DEVICE/App/usbd_storage_if.o
 .text.STORAGE_IsReady_HS
                0x000000000800a1e6       0x18 ./USB_DEVICE/App/usbd_storage_if.o
 .text.STORAGE_IsWriteProtected_HS
                0x000000000800a1fe       0x18 ./USB_DEVICE/App/usbd_storage_if.o
 *fill*         0x000000000800a216        0x2 
 .text.STORAGE_Read_HS
                0x000000000800a218       0x38 ./USB_DEVICE/App/usbd_storage_if.o
 .text.STORAGE_Write_HS
                0x000000000800a250       0x38 ./USB_DEVICE/App/usbd_storage_if.o
 .text.STORAGE_GetMaxLun_HS
                0x000000000800a288       0x10 ./USB_DEVICE/App/usbd_storage_if.o
 .text.HAL_PCD_MspInit
                0x000000000800a298      0x25c ./USB_DEVICE/Target/usbd_conf.o
                0x000000000800a298                HAL_PCD_MspInit
 .text.HAL_PCD_SetupStageCallback
                0x000000000800a4f4       0x24 ./USB_DEVICE/Target/usbd_conf.o
                0x000000000800a4f4                HAL_PCD_SetupStageCallback
 .text.HAL_PCD_DataOutStageCallback
                0x000000000800a518       0x36 ./USB_DEVICE/Target/usbd_conf.o
                0x000000000800a518                HAL_PCD_DataOutStageCallback
 .text.HAL_PCD_DataInStageCallback
                0x000000000800a54e       0x34 ./USB_DEVICE/Target/usbd_conf.o
                0x000000000800a54e                HAL_PCD_DataInStageCallback
 .text.HAL_PCD_SOFCallback
                0x000000000800a582       0x1c ./USB_DEVICE/Target/usbd_conf.o
                0x000000000800a582                HAL_PCD_SOFCallback
 .text.HAL_PCD_ResetCallback
                0x000000000800a59e       0x50 ./USB_DEVICE/Target/usbd_conf.o
                0x000000000800a59e                HAL_PCD_ResetCallback
 *fill*         0x000000000800a5ee        0x2 
 .text.HAL_PCD_SuspendCallback
                0x000000000800a5f0       0x4c ./USB_DEVICE/Target/usbd_conf.o
                0x000000000800a5f0                HAL_PCD_SuspendCallback
 .text.HAL_PCD_ResumeCallback
                0x000000000800a63c       0x1c ./USB_DEVICE/Target/usbd_conf.o
                0x000000000800a63c                HAL_PCD_ResumeCallback
 .text.HAL_PCD_ISOOUTIncompleteCallback
                0x000000000800a658       0x24 ./USB_DEVICE/Target/usbd_conf.o
                0x000000000800a658                HAL_PCD_ISOOUTIncompleteCallback
 .text.HAL_PCD_ISOINIncompleteCallback
                0x000000000800a67c       0x24 ./USB_DEVICE/Target/usbd_conf.o
                0x000000000800a67c                HAL_PCD_ISOINIncompleteCallback
 .text.HAL_PCD_ConnectCallback
                0x000000000800a6a0       0x1c ./USB_DEVICE/Target/usbd_conf.o
                0x000000000800a6a0                HAL_PCD_ConnectCallback
 .text.HAL_PCD_DisconnectCallback
                0x000000000800a6bc       0x1c ./USB_DEVICE/Target/usbd_conf.o
                0x000000000800a6bc                HAL_PCD_DisconnectCallback
 .text.USBD_LL_Init
                0x000000000800a6d8       0xa4 ./USB_DEVICE/Target/usbd_conf.o
                0x000000000800a6d8                USBD_LL_Init
 .text.USBD_LL_Start
                0x000000000800a77c       0x36 ./USB_DEVICE/Target/usbd_conf.o
                0x000000000800a77c                USBD_LL_Start
 .text.USBD_LL_OpenEP
                0x000000000800a7b2       0x4c ./USB_DEVICE/Target/usbd_conf.o
                0x000000000800a7b2                USBD_LL_OpenEP
 .text.USBD_LL_CloseEP
                0x000000000800a7fe       0x3e ./USB_DEVICE/Target/usbd_conf.o
                0x000000000800a7fe                USBD_LL_CloseEP
 .text.USBD_LL_FlushEP
                0x000000000800a83c       0x3e ./USB_DEVICE/Target/usbd_conf.o
                0x000000000800a83c                USBD_LL_FlushEP
 .text.USBD_LL_StallEP
                0x000000000800a87a       0x3e ./USB_DEVICE/Target/usbd_conf.o
                0x000000000800a87a                USBD_LL_StallEP
 .text.USBD_LL_ClearStallEP
                0x000000000800a8b8       0x3e ./USB_DEVICE/Target/usbd_conf.o
                0x000000000800a8b8                USBD_LL_ClearStallEP
 .text.USBD_LL_IsStallEP
                0x000000000800a8f6       0x58 ./USB_DEVICE/Target/usbd_conf.o
                0x000000000800a8f6                USBD_LL_IsStallEP
 .text.USBD_LL_SetUSBAddress
                0x000000000800a94e       0x3e ./USB_DEVICE/Target/usbd_conf.o
                0x000000000800a94e                USBD_LL_SetUSBAddress
 .text.USBD_LL_Transmit
                0x000000000800a98c       0x42 ./USB_DEVICE/Target/usbd_conf.o
                0x000000000800a98c                USBD_LL_Transmit
 .text.USBD_LL_PrepareReceive
                0x000000000800a9ce       0x42 ./USB_DEVICE/Target/usbd_conf.o
                0x000000000800a9ce                USBD_LL_PrepareReceive
 .text.USBD_LL_GetRxDataSize
                0x000000000800aa10       0x26 ./USB_DEVICE/Target/usbd_conf.o
                0x000000000800aa10                USBD_LL_GetRxDataSize
 *fill*         0x000000000800aa36        0x2 
 .text.USBD_static_malloc
                0x000000000800aa38       0x1c ./USB_DEVICE/Target/usbd_conf.o
                0x000000000800aa38                USBD_static_malloc
 .text.USBD_static_free
                0x000000000800aa54       0x14 ./USB_DEVICE/Target/usbd_conf.o
                0x000000000800aa54                USBD_static_free
 .text.USBD_Get_USB_Status
                0x000000000800aa68       0x58 ./USB_DEVICE/Target/usbd_conf.o
                0x000000000800aa68                USBD_Get_USB_Status
 .text.std      0x000000000800aac0       0x48 /home/steinar/.eclipse/com.st.stm32cube.ide.mcu.rcp.product_1.12.0_941520327_linux_gtk_x86_64/plugins/com.st.stm32cube.ide.mcu.externaltools.gnu-tools-for-stm32.11.3.rel1.linux64_1.0.100.202301251239/tools/bin/../lib/gcc/arm-none-eabi/11.3.1/../../../../arm-none-eabi/lib/thumb/v7e-m+dp/hard/libc_nano.a(libc_a-findfp.o)
 .text.stdio_exit_handler
                0x000000000800ab08       0x18 /home/steinar/.eclipse/com.st.stm32cube.ide.mcu.rcp.product_1.12.0_941520327_linux_gtk_x86_64/plugins/com.st.stm32cube.ide.mcu.externaltools.gnu-tools-for-stm32.11.3.rel1.linux64_1.0.100.202301251239/tools/bin/../lib/gcc/arm-none-eabi/11.3.1/../../../../arm-none-eabi/lib/thumb/v7e-m+dp/hard/libc_nano.a(libc_a-findfp.o)
 .text.cleanup_stdio
                0x000000000800ab20       0x40 /home/steinar/.eclipse/com.st.stm32cube.ide.mcu.rcp.product_1.12.0_941520327_linux_gtk_x86_64/plugins/com.st.stm32cube.ide.mcu.externaltools.gnu-tools-for-stm32.11.3.rel1.linux64_1.0.100.202301251239/tools/bin/../lib/gcc/arm-none-eabi/11.3.1/../../../../arm-none-eabi/lib/thumb/v7e-m+dp/hard/libc_nano.a(libc_a-findfp.o)
 .text.global_stdio_init.part.0
                0x000000000800ab60       0x3c /home/steinar/.eclipse/com.st.stm32cube.ide.mcu.rcp.product_1.12.0_941520327_linux_gtk_x86_64/plugins/com.st.stm32cube.ide.mcu.externaltools.gnu-tools-for-stm32.11.3.rel1.linux64_1.0.100.202301251239/tools/bin/../lib/gcc/arm-none-eabi/11.3.1/../../../../arm-none-eabi/lib/thumb/v7e-m+dp/hard/libc_nano.a(libc_a-findfp.o)
 .text.__sfp_lock_acquire
                0x000000000800ab9c        0xc /home/steinar/.eclipse/com.st.stm32cube.ide.mcu.rcp.product_1.12.0_941520327_linux_gtk_x86_64/plugins/com.st.stm32cube.ide.mcu.externaltools.gnu-tools-for-stm32.11.3.rel1.linux64_1.0.100.202301251239/tools/bin/../lib/gcc/arm-none-eabi/11.3.1/../../../../arm-none-eabi/lib/thumb/v7e-m+dp/hard/libc_nano.a(libc_a-findfp.o)
                0x000000000800ab9c                __sfp_lock_acquire
 .text.__sfp_lock_release
                0x000000000800aba8        0xc /home/steinar/.eclipse/com.st.stm32cube.ide.mcu.rcp.product_1.12.0_941520327_linux_gtk_x86_64/plugins/com.st.stm32cube.ide.mcu.externaltools.gnu-tools-for-stm32.11.3.rel1.linux64_1.0.100.202301251239/tools/bin/../lib/gcc/arm-none-eabi/11.3.1/../../../../arm-none-eabi/lib/thumb/v7e-m+dp/hard/libc_nano.a(libc_a-findfp.o)
                0x000000000800aba8                __sfp_lock_release
 .text.__sinit  0x000000000800abb4       0x30 /home/steinar/.eclipse/com.st.stm32cube.ide.mcu.rcp.product_1.12.0_941520327_linux_gtk_x86_64/plugins/com.st.stm32cube.ide.mcu.externaltools.gnu-tools-for-stm32.11.3.rel1.linux64_1.0.100.202301251239/tools/bin/../lib/gcc/arm-none-eabi/11.3.1/../../../../arm-none-eabi/lib/thumb/v7e-m+dp/hard/libc_nano.a(libc_a-findfp.o)
                0x000000000800abb4                __sinit
 .text._fwalk_sglue
                0x000000000800abe4       0x3c /home/steinar/.eclipse/com.st.stm32cube.ide.mcu.rcp.product_1.12.0_941520327_linux_gtk_x86_64/plugins/com.st.stm32cube.ide.mcu.externaltools.gnu-tools-for-stm32.11.3.rel1.linux64_1.0.100.202301251239/tools/bin/../lib/gcc/arm-none-eabi/11.3.1/../../../../arm-none-eabi/lib/thumb/v7e-m+dp/hard/libc_nano.a(libc_a-fwalk.o)
                0x000000000800abe4                _fwalk_sglue
 .text.printf   0x000000000800ac20       0x24 /home/steinar/.eclipse/com.st.stm32cube.ide.mcu.rcp.product_1.12.0_941520327_linux_gtk_x86_64/plugins/com.st.stm32cube.ide.mcu.externaltools.gnu-tools-for-stm32.11.3.rel1.linux64_1.0.100.202301251239/tools/bin/../lib/gcc/arm-none-eabi/11.3.1/../../../../arm-none-eabi/lib/thumb/v7e-m+dp/hard/libc_nano.a(libc_a-printf.o)
                0x000000000800ac20                printf
                0x000000000800ac20                iprintf
 .text.putchar  0x000000000800ac44       0x10 /home/steinar/.eclipse/com.st.stm32cube.ide.mcu.rcp.product_1.12.0_941520327_linux_gtk_x86_64/plugins/com.st.stm32cube.ide.mcu.externaltools.gnu-tools-for-stm32.11.3.rel1.linux64_1.0.100.202301251239/tools/bin/../lib/gcc/arm-none-eabi/11.3.1/../../../../arm-none-eabi/lib/thumb/v7e-m+dp/hard/libc_nano.a(libc_a-putchar.o)
                0x000000000800ac44                putchar
 .text.__sread  0x000000000800ac54       0x22 /home/steinar/.eclipse/com.st.stm32cube.ide.mcu.rcp.product_1.12.0_941520327_linux_gtk_x86_64/plugins/com.st.stm32cube.ide.mcu.externaltools.gnu-tools-for-stm32.11.3.rel1.linux64_1.0.100.202301251239/tools/bin/../lib/gcc/arm-none-eabi/11.3.1/../../../../arm-none-eabi/lib/thumb/v7e-m+dp/hard/libc_nano.a(libc_a-stdio.o)
                0x000000000800ac54                __sread
 .text.__swrite
                0x000000000800ac76       0x38 /home/steinar/.eclipse/com.st.stm32cube.ide.mcu.rcp.product_1.12.0_941520327_linux_gtk_x86_64/plugins/com.st.stm32cube.ide.mcu.externaltools.gnu-tools-for-stm32.11.3.rel1.linux64_1.0.100.202301251239/tools/bin/../lib/gcc/arm-none-eabi/11.3.1/../../../../arm-none-eabi/lib/thumb/v7e-m+dp/hard/libc_nano.a(libc_a-stdio.o)
                0x000000000800ac76                __swrite
 .text.__sseek  0x000000000800acae       0x24 /home/steinar/.eclipse/com.st.stm32cube.ide.mcu.rcp.product_1.12.0_941520327_linux_gtk_x86_64/plugins/com.st.stm32cube.ide.mcu.externaltools.gnu-tools-for-stm32.11.3.rel1.linux64_1.0.100.202301251239/tools/bin/../lib/gcc/arm-none-eabi/11.3.1/../../../../arm-none-eabi/lib/thumb/v7e-m+dp/hard/libc_nano.a(libc_a-stdio.o)
                0x000000000800acae                __sseek
 .text.__sclose
                0x000000000800acd2        0x8 /home/steinar/.eclipse/com.st.stm32cube.ide.mcu.rcp.product_1.12.0_941520327_linux_gtk_x86_64/plugins/com.st.stm32cube.ide.mcu.externaltools.gnu-tools-for-stm32.11.3.rel1.linux64_1.0.100.202301251239/tools/bin/../lib/gcc/arm-none-eabi/11.3.1/../../../../arm-none-eabi/lib/thumb/v7e-m+dp/hard/libc_nano.a(libc_a-stdio.o)
                0x000000000800acd2                __sclose
 .text.memset   0x000000000800acda       0x10 /home/steinar/.eclipse/com.st.stm32cube.ide.mcu.rcp.product_1.12.0_941520327_linux_gtk_x86_64/plugins/com.st.stm32cube.ide.mcu.externaltools.gnu-tools-for-stm32.11.3.rel1.linux64_1.0.100.202301251239/tools/bin/../lib/gcc/arm-none-eabi/11.3.1/../../../../arm-none-eabi/lib/thumb/v7e-m+dp/hard/libc_nano.a(libc_a-memset.o)
                0x000000000800acda                memset
 *fill*         0x000000000800acea        0x2 
 .text._close_r
                0x000000000800acec       0x20 /home/steinar/.eclipse/com.st.stm32cube.ide.mcu.rcp.product_1.12.0_941520327_linux_gtk_x86_64/plugins/com.st.stm32cube.ide.mcu.externaltools.gnu-tools-for-stm32.11.3.rel1.linux64_1.0.100.202301251239/tools/bin/../lib/gcc/arm-none-eabi/11.3.1/../../../../arm-none-eabi/lib/thumb/v7e-m+dp/hard/libc_nano.a(libc_a-closer.o)
                0x000000000800acec                _close_r
 .text._lseek_r
                0x000000000800ad0c       0x24 /home/steinar/.eclipse/com.st.stm32cube.ide.mcu.rcp.product_1.12.0_941520327_linux_gtk_x86_64/plugins/com.st.stm32cube.ide.mcu.externaltools.gnu-tools-for-stm32.11.3.rel1.linux64_1.0.100.202301251239/tools/bin/../lib/gcc/arm-none-eabi/11.3.1/../../../../arm-none-eabi/lib/thumb/v7e-m+dp/hard/libc_nano.a(libc_a-lseekr.o)
                0x000000000800ad0c                _lseek_r
 .text._read_r  0x000000000800ad30       0x24 /home/steinar/.eclipse/com.st.stm32cube.ide.mcu.rcp.product_1.12.0_941520327_linux_gtk_x86_64/plugins/com.st.stm32cube.ide.mcu.externaltools.gnu-tools-for-stm32.11.3.rel1.linux64_1.0.100.202301251239/tools/bin/../lib/gcc/arm-none-eabi/11.3.1/../../../../arm-none-eabi/lib/thumb/v7e-m+dp/hard/libc_nano.a(libc_a-readr.o)
                0x000000000800ad30                _read_r
 .text._write_r
                0x000000000800ad54       0x24 /home/steinar/.eclipse/com.st.stm32cube.ide.mcu.rcp.product_1.12.0_941520327_linux_gtk_x86_64/plugins/com.st.stm32cube.ide.mcu.externaltools.gnu-tools-for-stm32.11.3.rel1.linux64_1.0.100.202301251239/tools/bin/../lib/gcc/arm-none-eabi/11.3.1/../../../../arm-none-eabi/lib/thumb/v7e-m+dp/hard/libc_nano.a(libc_a-writer.o)
                0x000000000800ad54                _write_r
 .text.__errno  0x000000000800ad78        0xc /home/steinar/.eclipse/com.st.stm32cube.ide.mcu.rcp.product_1.12.0_941520327_linux_gtk_x86_64/plugins/com.st.stm32cube.ide.mcu.externaltools.gnu-tools-for-stm32.11.3.rel1.linux64_1.0.100.202301251239/tools/bin/../lib/gcc/arm-none-eabi/11.3.1/../../../../arm-none-eabi/lib/thumb/v7e-m+dp/hard/libc_nano.a(libc_a-errno.o)
                0x000000000800ad78                __errno
 .text.__libc_init_array
                0x000000000800ad84       0x48 /home/steinar/.eclipse/com.st.stm32cube.ide.mcu.rcp.product_1.12.0_941520327_linux_gtk_x86_64/plugins/com.st.stm32cube.ide.mcu.externaltools.gnu-tools-for-stm32.11.3.rel1.linux64_1.0.100.202301251239/tools/bin/../lib/gcc/arm-none-eabi/11.3.1/../../../../arm-none-eabi/lib/thumb/v7e-m+dp/hard/libc_nano.a(libc_a-init.o)
                0x000000000800ad84                __libc_init_array
 .text.__retarget_lock_acquire_recursive
                0x000000000800adcc        0x2 /home/steinar/.eclipse/com.st.stm32cube.ide.mcu.rcp.product_1.12.0_941520327_linux_gtk_x86_64/plugins/com.st.stm32cube.ide.mcu.externaltools.gnu-tools-for-stm32.11.3.rel1.linux64_1.0.100.202301251239/tools/bin/../lib/gcc/arm-none-eabi/11.3.1/../../../../arm-none-eabi/lib/thumb/v7e-m+dp/hard/libc_nano.a(libc_a-lock.o)
                0x000000000800adcc                __retarget_lock_acquire_recursive
 .text.__retarget_lock_release_recursive
                0x000000000800adce        0x2 /home/steinar/.eclipse/com.st.stm32cube.ide.mcu.rcp.product_1.12.0_941520327_linux_gtk_x86_64/plugins/com.st.stm32cube.ide.mcu.externaltools.gnu-tools-for-stm32.11.3.rel1.linux64_1.0.100.202301251239/tools/bin/../lib/gcc/arm-none-eabi/11.3.1/../../../../arm-none-eabi/lib/thumb/v7e-m+dp/hard/libc_nano.a(libc_a-lock.o)
                0x000000000800adce                __retarget_lock_release_recursive
 .text.memcpy   0x000000000800add0       0x1c /home/steinar/.eclipse/com.st.stm32cube.ide.mcu.rcp.product_1.12.0_941520327_linux_gtk_x86_64/plugins/com.st.stm32cube.ide.mcu.externaltools.gnu-tools-for-stm32.11.3.rel1.linux64_1.0.100.202301251239/tools/bin/../lib/gcc/arm-none-eabi/11.3.1/../../../../arm-none-eabi/lib/thumb/v7e-m+dp/hard/libc_nano.a(libc_a-memcpy-stub.o)
                0x000000000800add0                memcpy
 .text._free_r  0x000000000800adec       0x98 /home/steinar/.eclipse/com.st.stm32cube.ide.mcu.rcp.product_1.12.0_941520327_linux_gtk_x86_64/plugins/com.st.stm32cube.ide.mcu.externaltools.gnu-tools-for-stm32.11.3.rel1.linux64_1.0.100.202301251239/tools/bin/../lib/gcc/arm-none-eabi/11.3.1/../../../../arm-none-eabi/lib/thumb/v7e-m+dp/hard/libc_nano.a(libc_a-freer.o)
                0x000000000800adec                _free_r
 .text.sbrk_aligned
                0x000000000800ae84       0x40 /home/steinar/.eclipse/com.st.stm32cube.ide.mcu.rcp.product_1.12.0_941520327_linux_gtk_x86_64/plugins/com.st.stm32cube.ide.mcu.externaltools.gnu-tools-for-stm32.11.3.rel1.linux64_1.0.100.202301251239/tools/bin/../lib/gcc/arm-none-eabi/11.3.1/../../../../arm-none-eabi/lib/thumb/v7e-m+dp/hard/libc_nano.a(libc_a-mallocr.o)
 .text._malloc_r
                0x000000000800aec4      0x100 /home/steinar/.eclipse/com.st.stm32cube.ide.mcu.rcp.product_1.12.0_941520327_linux_gtk_x86_64/plugins/com.st.stm32cube.ide.mcu.externaltools.gnu-tools-for-stm32.11.3.rel1.linux64_1.0.100.202301251239/tools/bin/../lib/gcc/arm-none-eabi/11.3.1/../../../../arm-none-eabi/lib/thumb/v7e-m+dp/hard/libc_nano.a(libc_a-mallocr.o)
                0x000000000800aec4                _malloc_r
 .text.__malloc_lock
                0x000000000800afc4        0xc /home/steinar/.eclipse/com.st.stm32cube.ide.mcu.rcp.product_1.12.0_941520327_linux_gtk_x86_64/plugins/com.st.stm32cube.ide.mcu.externaltools.gnu-tools-for-stm32.11.3.rel1.linux64_1.0.100.202301251239/tools/bin/../lib/gcc/arm-none-eabi/11.3.1/../../../../arm-none-eabi/lib/thumb/v7e-m+dp/hard/libc_nano.a(libc_a-mlock.o)
                0x000000000800afc4                __malloc_lock
 .text.__malloc_unlock
                0x000000000800afd0        0xc /home/steinar/.eclipse/com.st.stm32cube.ide.mcu.rcp.product_1.12.0_941520327_linux_gtk_x86_64/plugins/com.st.stm32cube.ide.mcu.externaltools.gnu-tools-for-stm32.11.3.rel1.linux64_1.0.100.202301251239/tools/bin/../lib/gcc/arm-none-eabi/11.3.1/../../../../arm-none-eabi/lib/thumb/v7e-m+dp/hard/libc_nano.a(libc_a-mlock.o)
                0x000000000800afd0                __malloc_unlock
 .text.__sfputc_r
                0x000000000800afdc       0x2e /home/steinar/.eclipse/com.st.stm32cube.ide.mcu.rcp.product_1.12.0_941520327_linux_gtk_x86_64/plugins/com.st.stm32cube.ide.mcu.externaltools.gnu-tools-for-stm32.11.3.rel1.linux64_1.0.100.202301251239/tools/bin/../lib/gcc/arm-none-eabi/11.3.1/../../../../arm-none-eabi/lib/thumb/v7e-m+dp/hard/libc_nano.a(libc_a-nano-vfprintf.o)
 .text.__sfputs_r
                0x000000000800b00a       0x24 /home/steinar/.eclipse/com.st.stm32cube.ide.mcu.rcp.product_1.12.0_941520327_linux_gtk_x86_64/plugins/com.st.stm32cube.ide.mcu.externaltools.gnu-tools-for-stm32.11.3.rel1.linux64_1.0.100.202301251239/tools/bin/../lib/gcc/arm-none-eabi/11.3.1/../../../../arm-none-eabi/lib/thumb/v7e-m+dp/hard/libc_nano.a(libc_a-nano-vfprintf.o)
                0x000000000800b00a                __sfputs_r
 *fill*         0x000000000800b02e        0x2 
 .text._vfprintf_r
                0x000000000800b030      0x234 /home/steinar/.eclipse/com.st.stm32cube.ide.mcu.rcp.product_1.12.0_941520327_linux_gtk_x86_64/plugins/com.st.stm32cube.ide.mcu.externaltools.gnu-tools-for-stm32.11.3.rel1.linux64_1.0.100.202301251239/tools/bin/../lib/gcc/arm-none-eabi/11.3.1/../../../../arm-none-eabi/lib/thumb/v7e-m+dp/hard/libc_nano.a(libc_a-nano-vfprintf.o)
                0x000000000800b030                _vfiprintf_r
                0x000000000800b030                _vfprintf_r
 .text._printf_common
                0x000000000800b264       0xda /home/steinar/.eclipse/com.st.stm32cube.ide.mcu.rcp.product_1.12.0_941520327_linux_gtk_x86_64/plugins/com.st.stm32cube.ide.mcu.externaltools.gnu-tools-for-stm32.11.3.rel1.linux64_1.0.100.202301251239/tools/bin/../lib/gcc/arm-none-eabi/11.3.1/../../../../arm-none-eabi/lib/thumb/v7e-m+dp/hard/libc_nano.a(libc_a-nano-vfprintf_i.o)
                0x000000000800b264                _printf_common
 *fill*         0x000000000800b33e        0x2 
 .text._printf_i
                0x000000000800b340      0x244 /home/steinar/.eclipse/com.st.stm32cube.ide.mcu.rcp.product_1.12.0_941520327_linux_gtk_x86_64/plugins/com.st.stm32cube.ide.mcu.externaltools.gnu-tools-for-stm32.11.3.rel1.linux64_1.0.100.202301251239/tools/bin/../lib/gcc/arm-none-eabi/11.3.1/../../../../arm-none-eabi/lib/thumb/v7e-m+dp/hard/libc_nano.a(libc_a-nano-vfprintf_i.o)
                0x000000000800b340                _printf_i
 .text.__sflush_r
                0x000000000800b584      0x10c /home/steinar/.eclipse/com.st.stm32cube.ide.mcu.rcp.product_1.12.0_941520327_linux_gtk_x86_64/plugins/com.st.stm32cube.ide.mcu.externaltools.gnu-tools-for-stm32.11.3.rel1.linux64_1.0.100.202301251239/tools/bin/../lib/gcc/arm-none-eabi/11.3.1/../../../../arm-none-eabi/lib/thumb/v7e-m+dp/hard/libc_nano.a(libc_a-fflush.o)
                0x000000000800b584                __sflush_r
 .text._fflush_r
                0x000000000800b690       0x50 /home/steinar/.eclipse/com.st.stm32cube.ide.mcu.rcp.product_1.12.0_941520327_linux_gtk_x86_64/plugins/com.st.stm32cube.ide.mcu.externaltools.gnu-tools-for-stm32.11.3.rel1.linux64_1.0.100.202301251239/tools/bin/../lib/gcc/arm-none-eabi/11.3.1/../../../../arm-none-eabi/lib/thumb/v7e-m+dp/hard/libc_nano.a(libc_a-fflush.o)
                0x000000000800b690                _fflush_r
 .text._putc_r  0x000000000800b6e0       0x68 /home/steinar/.eclipse/com.st.stm32cube.ide.mcu.rcp.product_1.12.0_941520327_linux_gtk_x86_64/plugins/com.st.stm32cube.ide.mcu.externaltools.gnu-tools-for-stm32.11.3.rel1.linux64_1.0.100.202301251239/tools/bin/../lib/gcc/arm-none-eabi/11.3.1/../../../../arm-none-eabi/lib/thumb/v7e-m+dp/hard/libc_nano.a(libc_a-putc.o)
                0x000000000800b6e0                _putc_r
 .text.__swbuf_r
                0x000000000800b748       0x7a /home/steinar/.eclipse/com.st.stm32cube.ide.mcu.rcp.product_1.12.0_941520327_linux_gtk_x86_64/plugins/com.st.stm32cube.ide.mcu.externaltools.gnu-tools-for-stm32.11.3.rel1.linux64_1.0.100.202301251239/tools/bin/../lib/gcc/arm-none-eabi/11.3.1/../../../../arm-none-eabi/lib/thumb/v7e-m+dp/hard/libc_nano.a(libc_a-wbuf.o)
                0x000000000800b748                __swbuf_r
 *fill*         0x000000000800b7c2        0x2 
 .text.__swsetup_r
                0x000000000800b7c4       0xb0 /home/steinar/.eclipse/com.st.stm32cube.ide.mcu.rcp.product_1.12.0_941520327_linux_gtk_x86_64/plugins/com.st.stm32cube.ide.mcu.externaltools.gnu-tools-for-stm32.11.3.rel1.linux64_1.0.100.202301251239/tools/bin/../lib/gcc/arm-none-eabi/11.3.1/../../../../arm-none-eabi/lib/thumb/v7e-m+dp/hard/libc_nano.a(libc_a-wsetup.o)
                0x000000000800b7c4                __swsetup_r
 .text._sbrk_r  0x000000000800b874       0x20 /home/steinar/.eclipse/com.st.stm32cube.ide.mcu.rcp.product_1.12.0_941520327_linux_gtk_x86_64/plugins/com.st.stm32cube.ide.mcu.externaltools.gnu-tools-for-stm32.11.3.rel1.linux64_1.0.100.202301251239/tools/bin/../lib/gcc/arm-none-eabi/11.3.1/../../../../arm-none-eabi/lib/thumb/v7e-m+dp/hard/libc_nano.a(libc_a-sbrkr.o)
                0x000000000800b874                _sbrk_r
 .text.__swhatbuf_r
                0x000000000800b894       0x4c /home/steinar/.eclipse/com.st.stm32cube.ide.mcu.rcp.product_1.12.0_941520327_linux_gtk_x86_64/plugins/com.st.stm32cube.ide.mcu.externaltools.gnu-tools-for-stm32.11.3.rel1.linux64_1.0.100.202301251239/tools/bin/../lib/gcc/arm-none-eabi/11.3.1/../../../../arm-none-eabi/lib/thumb/v7e-m+dp/hard/libc_nano.a(libc_a-makebuf.o)
                0x000000000800b894                __swhatbuf_r
 .text.__smakebuf_r
                0x000000000800b8e0       0x78 /home/steinar/.eclipse/com.st.stm32cube.ide.mcu.rcp.product_1.12.0_941520327_linux_gtk_x86_64/plugins/com.st.stm32cube.ide.mcu.externaltools.gnu-tools-for-stm32.11.3.rel1.linux64_1.0.100.202301251239/tools/bin/../lib/gcc/arm-none-eabi/11.3.1/../../../../arm-none-eabi/lib/thumb/v7e-m+dp/hard/libc_nano.a(libc_a-makebuf.o)
                0x000000000800b8e0                __smakebuf_r
 .text._fstat_r
                0x000000000800b958       0x24 /home/steinar/.eclipse/com.st.stm32cube.ide.mcu.rcp.product_1.12.0_941520327_linux_gtk_x86_64/plugins/com.st.stm32cube.ide.mcu.externaltools.gnu-tools-for-stm32.11.3.rel1.linux64_1.0.100.202301251239/tools/bin/../lib/gcc/arm-none-eabi/11.3.1/../../../../arm-none-eabi/lib/thumb/v7e-m+dp/hard/libc_nano.a(libc_a-fstatr.o)
                0x000000000800b958                _fstat_r
 .text._isatty_r
                0x000000000800b97c       0x20 /home/steinar/.eclipse/com.st.stm32cube.ide.mcu.rcp.product_1.12.0_941520327_linux_gtk_x86_64/plugins/com.st.stm32cube.ide.mcu.externaltools.gnu-tools-for-stm32.11.3.rel1.linux64_1.0.100.202301251239/tools/bin/../lib/gcc/arm-none-eabi/11.3.1/../../../../arm-none-eabi/lib/thumb/v7e-m+dp/hard/libc_nano.a(libc_a-isattyr.o)
                0x000000000800b97c                _isatty_r
 *(.glue_7)
 .glue_7        0x000000000800b99c        0x0 linker stubs
 *(.glue_7t)
 .glue_7t       0x000000000800b99c        0x0 linker stubs
 *(.eh_frame)
 .eh_frame      0x000000000800b99c        0x0 /home/steinar/.eclipse/com.st.stm32cube.ide.mcu.rcp.product_1.12.0_941520327_linux_gtk_x86_64/plugins/com.st.stm32cube.ide.mcu.externaltools.gnu-tools-for-stm32.11.3.rel1.linux64_1.0.100.202301251239/tools/bin/../lib/gcc/arm-none-eabi/11.3.1/thumb/v7e-m+dp/hard/crtbegin.o
 *(.init)
 .init          0x000000000800b99c        0x4 /home/steinar/.eclipse/com.st.stm32cube.ide.mcu.rcp.product_1.12.0_941520327_linux_gtk_x86_64/plugins/com.st.stm32cube.ide.mcu.externaltools.gnu-tools-for-stm32.11.3.rel1.linux64_1.0.100.202301251239/tools/bin/../lib/gcc/arm-none-eabi/11.3.1/thumb/v7e-m+dp/hard/crti.o
                0x000000000800b99c                _init
 .init          0x000000000800b9a0        0x8 /home/steinar/.eclipse/com.st.stm32cube.ide.mcu.rcp.product_1.12.0_941520327_linux_gtk_x86_64/plugins/com.st.stm32cube.ide.mcu.externaltools.gnu-tools-for-stm32.11.3.rel1.linux64_1.0.100.202301251239/tools/bin/../lib/gcc/arm-none-eabi/11.3.1/thumb/v7e-m+dp/hard/crtn.o
 *(.fini)
 .fini          0x000000000800b9a8        0x4 /home/steinar/.eclipse/com.st.stm32cube.ide.mcu.rcp.product_1.12.0_941520327_linux_gtk_x86_64/plugins/com.st.stm32cube.ide.mcu.externaltools.gnu-tools-for-stm32.11.3.rel1.linux64_1.0.100.202301251239/tools/bin/../lib/gcc/arm-none-eabi/11.3.1/thumb/v7e-m+dp/hard/crti.o
                0x000000000800b9a8                _fini
 .fini          0x000000000800b9ac        0x8 /home/steinar/.eclipse/com.st.stm32cube.ide.mcu.rcp.product_1.12.0_941520327_linux_gtk_x86_64/plugins/com.st.stm32cube.ide.mcu.externaltools.gnu-tools-for-stm32.11.3.rel1.linux64_1.0.100.202301251239/tools/bin/../lib/gcc/arm-none-eabi/11.3.1/thumb/v7e-m+dp/hard/crtn.o
                0x000000000800b9b4                . = ALIGN (0x4)
                0x000000000800b9b4                _etext = .

.vfp11_veneer   0x000000000800b9b4        0x0
 .vfp11_veneer  0x000000000800b9b4        0x0 linker stubs

.v4_bx          0x000000000800b9b4        0x0
 .v4_bx         0x000000000800b9b4        0x0 linker stubs

.iplt           0x000000000800b9b4        0x0
 .iplt          0x000000000800b9b4        0x0 /home/steinar/.eclipse/com.st.stm32cube.ide.mcu.rcp.product_1.12.0_941520327_linux_gtk_x86_64/plugins/com.st.stm32cube.ide.mcu.externaltools.gnu-tools-for-stm32.11.3.rel1.linux64_1.0.100.202301251239/tools/bin/../lib/gcc/arm-none-eabi/11.3.1/thumb/v7e-m+dp/hard/crtbegin.o

.rodata         0x000000000800b9b4       0xe4
                0x000000000800b9b4                . = ALIGN (0x4)
 *(.rodata)
 .rodata        0x000000000800b9b4       0x35 ./Middlewares/ST/STM32_USB_Device_Library/Core/Src/usbd_core.o
 *fill*         0x000000000800b9e9        0x3 
 .rodata        0x000000000800b9ec       0x42 ./USB_DEVICE/App/usbd_desc.o
 *(.rodata*)
 *fill*         0x000000000800ba2e        0x2 
 .rodata.D1CorePrescTable
                0x000000000800ba30       0x10 ./Core/Src/system_stm32h7xx.o
                0x000000000800ba30                D1CorePrescTable
 .rodata.STORAGE_Inquirydata_HS
                0x000000000800ba40       0x24 ./USB_DEVICE/App/usbd_storage_if.o
                0x000000000800ba40                STORAGE_Inquirydata_HS
 .rodata._vfprintf_r.str1.1
                0x000000000800ba64       0x11 /home/steinar/.eclipse/com.st.stm32cube.ide.mcu.rcp.product_1.12.0_941520327_linux_gtk_x86_64/plugins/com.st.stm32cube.ide.mcu.externaltools.gnu-tools-for-stm32.11.3.rel1.linux64_1.0.100.202301251239/tools/bin/../lib/gcc/arm-none-eabi/11.3.1/../../../../arm-none-eabi/lib/thumb/v7e-m+dp/hard/libc_nano.a(libc_a-nano-vfprintf.o)
 .rodata._printf_i.str1.1
                0x000000000800ba75       0x22 /home/steinar/.eclipse/com.st.stm32cube.ide.mcu.rcp.product_1.12.0_941520327_linux_gtk_x86_64/plugins/com.st.stm32cube.ide.mcu.externaltools.gnu-tools-for-stm32.11.3.rel1.linux64_1.0.100.202301251239/tools/bin/../lib/gcc/arm-none-eabi/11.3.1/../../../../arm-none-eabi/lib/thumb/v7e-m+dp/hard/libc_nano.a(libc_a-nano-vfprintf_i.o)
                0x000000000800ba98                . = ALIGN (0x4)
 *fill*         0x000000000800ba97        0x1 

.rel.dyn        0x000000000800ba98        0x0
 .rel.iplt      0x000000000800ba98        0x0 /home/steinar/.eclipse/com.st.stm32cube.ide.mcu.rcp.product_1.12.0_941520327_linux_gtk_x86_64/plugins/com.st.stm32cube.ide.mcu.externaltools.gnu-tools-for-stm32.11.3.rel1.linux64_1.0.100.202301251239/tools/bin/../lib/gcc/arm-none-eabi/11.3.1/thumb/v7e-m+dp/hard/crtbegin.o

.ARM.extab
 *(.ARM.extab* .gnu.linkonce.armextab.*)

.ARM            0x000000000800ba98        0x0
                0x000000000800ba98                __exidx_start = .
 *(.ARM.exidx*)
                0x000000000800ba98                __exidx_end = .

.preinit_array  0x000000000800ba98        0x0
                0x000000000800ba98                PROVIDE (__preinit_array_start = .)
 *(.preinit_array*)
                0x000000000800ba98                PROVIDE (__preinit_array_end = .)

.init_array     0x000000000800ba98        0x4
                0x000000000800ba98                PROVIDE (__init_array_start = .)
 *(SORT_BY_NAME(.init_array.*))
 *(.init_array*)
 .init_array    0x000000000800ba98        0x4 /home/steinar/.eclipse/com.st.stm32cube.ide.mcu.rcp.product_1.12.0_941520327_linux_gtk_x86_64/plugins/com.st.stm32cube.ide.mcu.externaltools.gnu-tools-for-stm32.11.3.rel1.linux64_1.0.100.202301251239/tools/bin/../lib/gcc/arm-none-eabi/11.3.1/thumb/v7e-m+dp/hard/crtbegin.o
                0x000000000800ba9c                PROVIDE (__init_array_end = .)

.fini_array     0x000000000800ba9c        0x4
                [!provide]                        PROVIDE (__fini_array_start = .)
 *(SORT_BY_NAME(.fini_array.*))
 *(.fini_array*)
 .fini_array    0x000000000800ba9c        0x4 /home/steinar/.eclipse/com.st.stm32cube.ide.mcu.rcp.product_1.12.0_941520327_linux_gtk_x86_64/plugins/com.st.stm32cube.ide.mcu.externaltools.gnu-tools-for-stm32.11.3.rel1.linux64_1.0.100.202301251239/tools/bin/../lib/gcc/arm-none-eabi/11.3.1/thumb/v7e-m+dp/hard/crtbegin.o
                [!provide]                        PROVIDE (__fini_array_end = .)
                0x000000000800baa0                _sidata = LOADADDR (.data)

.data           0x0000000024000000      0x15c load address 0x000000000800baa0
                0x0000000024000000                . = ALIGN (0x4)
                0x0000000024000000                _sdata = .
 *(.data)
 *(.data*)
 .data.SystemCoreClock
                0x0000000024000000        0x4 ./Core/Src/system_stm32h7xx.o
                0x0000000024000000                SystemCoreClock
 .data.SystemD2Clock
                0x0000000024000004        0x4 ./Core/Src/system_stm32h7xx.o
                0x0000000024000004                SystemD2Clock
 .data.uwTickPrio
                0x0000000024000008        0x4 ./Drivers/STM32H7xx_HAL_Driver/Src/stm32h7xx_hal.o
                0x0000000024000008                uwTickPrio
 .data.uwTickFreq
                0x000000002400000c        0x1 ./Drivers/STM32H7xx_HAL_Driver/Src/stm32h7xx_hal.o
                0x000000002400000c                uwTickFreq
 *fill*         0x000000002400000d        0x3 
 .data.USBD_MSC
                0x0000000024000010       0x38 ./Middlewares/ST/STM32_USB_Device_Library/Class/MSC/Src/usbd_msc.o
                0x0000000024000010                USBD_MSC
 .data.USBD_MSC_CfgDesc
                0x0000000024000048       0x20 ./Middlewares/ST/STM32_USB_Device_Library/Class/MSC/Src/usbd_msc.o
 .data.USBD_MSC_DeviceQualifierDesc
                0x0000000024000068        0xa ./Middlewares/ST/STM32_USB_Device_Library/Class/MSC/Src/usbd_msc.o
 .data.MSCInEpAdd
                0x0000000024000072        0x1 ./Middlewares/ST/STM32_USB_Device_Library/Class/MSC/Src/usbd_msc.o
                0x0000000024000072                MSCInEpAdd
 .data.MSCOutEpAdd
                0x0000000024000073        0x1 ./Middlewares/ST/STM32_USB_Device_Library/Class/MSC/Src/usbd_msc.o
                0x0000000024000073                MSCOutEpAdd
 .data.MSC_Page00_Inquiry_Data
                0x0000000024000074        0x6 ./Middlewares/ST/STM32_USB_Device_Library/Class/MSC/Src/usbd_msc_data.o
                0x0000000024000074                MSC_Page00_Inquiry_Data
 *fill*         0x000000002400007a        0x2 
 .data.MSC_Page80_Inquiry_Data
                0x000000002400007c        0x8 ./Middlewares/ST/STM32_USB_Device_Library/Class/MSC/Src/usbd_msc_data.o
                0x000000002400007c                MSC_Page80_Inquiry_Data
 .data.MSC_Mode_Sense6_data
                0x0000000024000084        0x4 ./Middlewares/ST/STM32_USB_Device_Library/Class/MSC/Src/usbd_msc_data.o
                0x0000000024000084                MSC_Mode_Sense6_data
 .data.MSC_Mode_Sense10_data
                0x0000000024000088        0x8 ./Middlewares/ST/STM32_USB_Device_Library/Class/MSC/Src/usbd_msc_data.o
                0x0000000024000088                MSC_Mode_Sense10_data
 .data.HS_Desc  0x0000000024000090       0x1c ./USB_DEVICE/App/usbd_desc.o
                0x0000000024000090                HS_Desc
 .data.USBD_HS_DeviceDesc
                0x00000000240000ac       0x12 ./USB_DEVICE/App/usbd_desc.o
                0x00000000240000ac                USBD_HS_DeviceDesc
 *fill*         0x00000000240000be        0x2 
 .data.USBD_LangIDDesc
                0x00000000240000c0        0x4 ./USB_DEVICE/App/usbd_desc.o
                0x00000000240000c0                USBD_LangIDDesc
 .data.USBD_StringSerial
                0x00000000240000c4       0x1a ./USB_DEVICE/App/usbd_desc.o
                0x00000000240000c4                USBD_StringSerial
 *fill*         0x00000000240000de        0x2 
 .data.USBD_Storage_Interface_fops_HS
                0x00000000240000e0       0x20 ./USB_DEVICE/App/usbd_storage_if.o
                0x00000000240000e0                USBD_Storage_Interface_fops_HS
 .data.__sglue  0x0000000024000100        0xc /home/steinar/.eclipse/com.st.stm32cube.ide.mcu.rcp.product_1.12.0_941520327_linux_gtk_x86_64/plugins/com.st.stm32cube.ide.mcu.externaltools.gnu-tools-for-stm32.11.3.rel1.linux64_1.0.100.202301251239/tools/bin/../lib/gcc/arm-none-eabi/11.3.1/../../../../arm-none-eabi/lib/thumb/v7e-m+dp/hard/libc_nano.a(libc_a-findfp.o)
                0x0000000024000100                __sglue
 .data._impure_data
                0x000000002400010c       0x4c /home/steinar/.eclipse/com.st.stm32cube.ide.mcu.rcp.product_1.12.0_941520327_linux_gtk_x86_64/plugins/com.st.stm32cube.ide.mcu.externaltools.gnu-tools-for-stm32.11.3.rel1.linux64_1.0.100.202301251239/tools/bin/../lib/gcc/arm-none-eabi/11.3.1/../../../../arm-none-eabi/lib/thumb/v7e-m+dp/hard/libc_nano.a(libc_a-impure.o)
                0x000000002400010c                _impure_data
 .data._impure_ptr
                0x0000000024000158        0x4 /home/steinar/.eclipse/com.st.stm32cube.ide.mcu.rcp.product_1.12.0_941520327_linux_gtk_x86_64/plugins/com.st.stm32cube.ide.mcu.externaltools.gnu-tools-for-stm32.11.3.rel1.linux64_1.0.100.202301251239/tools/bin/../lib/gcc/arm-none-eabi/11.3.1/../../../../arm-none-eabi/lib/thumb/v7e-m+dp/hard/libc_nano.a(libc_a-impure.o)
                0x0000000024000158                _impure_ptr
 *(.RamFunc)
 *(.RamFunc*)
                0x000000002400015c                . = ALIGN (0x4)
                0x000000002400015c                _edata = .

.igot.plt       0x000000002400015c        0x0 load address 0x000000000800bbfc
 .igot.plt      0x000000002400015c        0x0 /home/steinar/.eclipse/com.st.stm32cube.ide.mcu.rcp.product_1.12.0_941520327_linux_gtk_x86_64/plugins/com.st.stm32cube.ide.mcu.externaltools.gnu-tools-for-stm32.11.3.rel1.linux64_1.0.100.202301251239/tools/bin/../lib/gcc/arm-none-eabi/11.3.1/thumb/v7e-m+dp/hard/crtbegin.o
                0x000000002400015c                . = ALIGN (0x4)

.bss            0x000000002400015c    0xfadac load address 0x000000000800bbfc
                0x000000002400015c                _sbss = .
                0x000000002400015c                __bss_start__ = _sbss
 *(.bss)
 .bss           0x000000002400015c       0x1c /home/steinar/.eclipse/com.st.stm32cube.ide.mcu.rcp.product_1.12.0_941520327_linux_gtk_x86_64/plugins/com.st.stm32cube.ide.mcu.externaltools.gnu-tools-for-stm32.11.3.rel1.linux64_1.0.100.202301251239/tools/bin/../lib/gcc/arm-none-eabi/11.3.1/thumb/v7e-m+dp/hard/crtbegin.o
 *(.bss*)
 .bss.__sbrk_heap_end
                0x0000000024000178        0x4 ./Core/Src/sysmem.o
 .bss.uwTick    0x000000002400017c        0x4 ./Drivers/STM32H7xx_HAL_Driver/Src/stm32h7xx_hal.o
                0x000000002400017c                uwTick
 .bss.cfgidx.0  0x0000000024000180        0x1 ./Middlewares/ST/STM32_USB_Device_Library/Core/Src/usbd_ctlreq.o
 *fill*         0x0000000024000181        0x3 
 .bss.hUsbDeviceHS
                0x0000000024000184      0x2dc ./USB_DEVICE/App/usb_device.o
                0x0000000024000184                hUsbDeviceHS
 .bss.USBD_StrDesc
                0x0000000024000460      0x200 ./USB_DEVICE/App/usbd_desc.o
                0x0000000024000460                USBD_StrDesc
 .bss.buffer    0x0000000024000660    0xfa000 ./USB_DEVICE/App/usbd_storage_if.o
                0x0000000024000660                buffer
 .bss.hpcd_USB_OTG_HS
                0x00000000240fa660      0x4e4 ./USB_DEVICE/Target/usbd_conf.o
                0x00000000240fa660                hpcd_USB_OTG_HS
 .bss.mem.0     0x00000000240fab44      0x278 ./USB_DEVICE/Target/usbd_conf.o
 .bss.__sf      0x00000000240fadbc      0x138 /home/steinar/.eclipse/com.st.stm32cube.ide.mcu.rcp.product_1.12.0_941520327_linux_gtk_x86_64/plugins/com.st.stm32cube.ide.mcu.externaltools.gnu-tools-for-stm32.11.3.rel1.linux64_1.0.100.202301251239/tools/bin/../lib/gcc/arm-none-eabi/11.3.1/../../../../arm-none-eabi/lib/thumb/v7e-m+dp/hard/libc_nano.a(libc_a-findfp.o)
                0x00000000240fadbc                __sf
 .bss.__stdio_exit_handler
                0x00000000240faef4        0x4 /home/steinar/.eclipse/com.st.stm32cube.ide.mcu.rcp.product_1.12.0_941520327_linux_gtk_x86_64/plugins/com.st.stm32cube.ide.mcu.externaltools.gnu-tools-for-stm32.11.3.rel1.linux64_1.0.100.202301251239/tools/bin/../lib/gcc/arm-none-eabi/11.3.1/../../../../arm-none-eabi/lib/thumb/v7e-m+dp/hard/libc_nano.a(libc_a-findfp.o)
                0x00000000240faef4                __stdio_exit_handler
 .bss.errno     0x00000000240faef8        0x4 /home/steinar/.eclipse/com.st.stm32cube.ide.mcu.rcp.product_1.12.0_941520327_linux_gtk_x86_64/plugins/com.st.stm32cube.ide.mcu.externaltools.gnu-tools-for-stm32.11.3.rel1.linux64_1.0.100.202301251239/tools/bin/../lib/gcc/arm-none-eabi/11.3.1/../../../../arm-none-eabi/lib/thumb/v7e-m+dp/hard/libc_nano.a(libc_a-reent.o)
                0x00000000240faef8                errno
 .bss.__lock___malloc_recursive_mutex
                0x00000000240faefc        0x1 /home/steinar/.eclipse/com.st.stm32cube.ide.mcu.rcp.product_1.12.0_941520327_linux_gtk_x86_64/plugins/com.st.stm32cube.ide.mcu.externaltools.gnu-tools-for-stm32.11.3.rel1.linux64_1.0.100.202301251239/tools/bin/../lib/gcc/arm-none-eabi/11.3.1/../../../../arm-none-eabi/lib/thumb/v7e-m+dp/hard/libc_nano.a(libc_a-lock.o)
                0x00000000240faefc                __lock___malloc_recursive_mutex
 .bss.__lock___sfp_recursive_mutex
                0x00000000240faefd        0x1 /home/steinar/.eclipse/com.st.stm32cube.ide.mcu.rcp.product_1.12.0_941520327_linux_gtk_x86_64/plugins/com.st.stm32cube.ide.mcu.externaltools.gnu-tools-for-stm32.11.3.rel1.linux64_1.0.100.202301251239/tools/bin/../lib/gcc/arm-none-eabi/11.3.1/../../../../arm-none-eabi/lib/thumb/v7e-m+dp/hard/libc_nano.a(libc_a-lock.o)
                0x00000000240faefd                __lock___sfp_recursive_mutex
 *fill*         0x00000000240faefe        0x2 